Archive member included to satisfy reference by file (symbol)

c:/st/stm32cubeide_1.9.0/stm32cubeide/plugins/com.st.stm32cube.ide.mcu.externaltools.gnu-tools-for-stm32.10.3-2021.10.win32_1.0.0.202111181127/tools/bin/../lib/gcc/arm-none-eabi/10.3.1/../../../../arm-none-eabi/lib/thumb/v7-m/nofp\libc_nano.a(lib_a-errno.o)
                              ./Core/Src/syscalls.o (__errno)
c:/st/stm32cubeide_1.9.0/stm32cubeide/plugins/com.st.stm32cube.ide.mcu.externaltools.gnu-tools-for-stm32.10.3-2021.10.win32_1.0.0.202111181127/tools/bin/../lib/gcc/arm-none-eabi/10.3.1/../../../../arm-none-eabi/lib/thumb/v7-m/nofp\libc_nano.a(lib_a-exit.o)
                              c:/st/stm32cubeide_1.9.0/stm32cubeide/plugins/com.st.stm32cube.ide.mcu.externaltools.gnu-tools-for-stm32.10.3-2021.10.win32_1.0.0.202111181127/tools/bin/../lib/gcc/arm-none-eabi/10.3.1/../../../../arm-none-eabi/lib/thumb/v7-m/nofp/crt0.o (exit)
c:/st/stm32cubeide_1.9.0/stm32cubeide/plugins/com.st.stm32cube.ide.mcu.externaltools.gnu-tools-for-stm32.10.3-2021.10.win32_1.0.0.202111181127/tools/bin/../lib/gcc/arm-none-eabi/10.3.1/../../../../arm-none-eabi/lib/thumb/v7-m/nofp\libc_nano.a(lib_a-impure.o)
                              c:/st/stm32cubeide_1.9.0/stm32cubeide/plugins/com.st.stm32cube.ide.mcu.externaltools.gnu-tools-for-stm32.10.3-2021.10.win32_1.0.0.202111181127/tools/bin/../lib/gcc/arm-none-eabi/10.3.1/../../../../arm-none-eabi/lib/thumb/v7-m/nofp\libc_nano.a(lib_a-exit.o) (_global_impure_ptr)
c:/st/stm32cubeide_1.9.0/stm32cubeide/plugins/com.st.stm32cube.ide.mcu.externaltools.gnu-tools-for-stm32.10.3-2021.10.win32_1.0.0.202111181127/tools/bin/../lib/gcc/arm-none-eabi/10.3.1/../../../../arm-none-eabi/lib/thumb/v7-m/nofp\libc_nano.a(lib_a-init.o)
                              c:/st/stm32cubeide_1.9.0/stm32cubeide/plugins/com.st.stm32cube.ide.mcu.externaltools.gnu-tools-for-stm32.10.3-2021.10.win32_1.0.0.202111181127/tools/bin/../lib/gcc/arm-none-eabi/10.3.1/../../../../arm-none-eabi/lib/thumb/v7-m/nofp/crt0.o (__libc_init_array)
c:/st/stm32cubeide_1.9.0/stm32cubeide/plugins/com.st.stm32cube.ide.mcu.externaltools.gnu-tools-for-stm32.10.3-2021.10.win32_1.0.0.202111181127/tools/bin/../lib/gcc/arm-none-eabi/10.3.1/../../../../arm-none-eabi/lib/thumb/v7-m/nofp\libc_nano.a(lib_a-memset.o)
                              c:/st/stm32cubeide_1.9.0/stm32cubeide/plugins/com.st.stm32cube.ide.mcu.externaltools.gnu-tools-for-stm32.10.3-2021.10.win32_1.0.0.202111181127/tools/bin/../lib/gcc/arm-none-eabi/10.3.1/../../../../arm-none-eabi/lib/thumb/v7-m/nofp/crt0.o (memset)
c:/st/stm32cubeide_1.9.0/stm32cubeide/plugins/com.st.stm32cube.ide.mcu.externaltools.gnu-tools-for-stm32.10.3-2021.10.win32_1.0.0.202111181127/tools/bin/../lib/gcc/arm-none-eabi/10.3.1/../../../../arm-none-eabi/lib/thumb/v7-m/nofp\libm.a(lib_a-s_round.o)
                              ./Core/Src/lcd.o (round)
c:/st/stm32cubeide_1.9.0/stm32cubeide/plugins/com.st.stm32cube.ide.mcu.externaltools.gnu-tools-for-stm32.10.3-2021.10.win32_1.0.0.202111181127/tools/bin/../lib/gcc/arm-none-eabi/10.3.1/../../../../arm-none-eabi/lib/thumb/v7-m/nofp\libm.a(lib_a-w_sqrt.o)
                              ./Core/Src/lcd.o (sqrt)
c:/st/stm32cubeide_1.9.0/stm32cubeide/plugins/com.st.stm32cube.ide.mcu.externaltools.gnu-tools-for-stm32.10.3-2021.10.win32_1.0.0.202111181127/tools/bin/../lib/gcc/arm-none-eabi/10.3.1/../../../../arm-none-eabi/lib/thumb/v7-m/nofp\libm.a(lib_a-e_sqrt.o)
                              c:/st/stm32cubeide_1.9.0/stm32cubeide/plugins/com.st.stm32cube.ide.mcu.externaltools.gnu-tools-for-stm32.10.3-2021.10.win32_1.0.0.202111181127/tools/bin/../lib/gcc/arm-none-eabi/10.3.1/../../../../arm-none-eabi/lib/thumb/v7-m/nofp\libm.a(lib_a-w_sqrt.o) (__ieee754_sqrt)
c:/st/stm32cubeide_1.9.0/stm32cubeide/plugins/com.st.stm32cube.ide.mcu.externaltools.gnu-tools-for-stm32.10.3-2021.10.win32_1.0.0.202111181127/tools/bin/../lib/gcc/arm-none-eabi/10.3.1/thumb/v7-m/nofp\libgcc.a(_arm_muldf3.o)
                              ./Core/Src/lcd.o (__aeabi_dmul)
c:/st/stm32cubeide_1.9.0/stm32cubeide/plugins/com.st.stm32cube.ide.mcu.externaltools.gnu-tools-for-stm32.10.3-2021.10.win32_1.0.0.202111181127/tools/bin/../lib/gcc/arm-none-eabi/10.3.1/thumb/v7-m/nofp\libgcc.a(_arm_addsubdf3.o)
                              ./Core/Src/lcd.o (__aeabi_dsub)
c:/st/stm32cubeide_1.9.0/stm32cubeide/plugins/com.st.stm32cube.ide.mcu.externaltools.gnu-tools-for-stm32.10.3-2021.10.win32_1.0.0.202111181127/tools/bin/../lib/gcc/arm-none-eabi/10.3.1/thumb/v7-m/nofp\libgcc.a(_arm_muldivdf3.o)
                              c:/st/stm32cubeide_1.9.0/stm32cubeide/plugins/com.st.stm32cube.ide.mcu.externaltools.gnu-tools-for-stm32.10.3-2021.10.win32_1.0.0.202111181127/tools/bin/../lib/gcc/arm-none-eabi/10.3.1/../../../../arm-none-eabi/lib/thumb/v7-m/nofp\libm.a(lib_a-w_sqrt.o) (__aeabi_ddiv)
[...]
Memory Configuration

Name             Origin             Length             Attributes
RAM              0x0000000020000000 0x0000000000010000 xrw
FLASH            0x0000000008000000 0x0000000000080000 xr
*default*        0x0000000000000000 0xffffffffffffffff

Linker script and memory map

LOAD c:/st/stm32cubeide_1.9.0/stm32cubeide/plugins/com.st.stm32cube.ide.mcu.externaltools.gnu-tools-for-stm32.10.3-2021.10.win32_1.0.0.202111181127/tools/bin/../lib/gcc/arm-none-eabi/10.3.1/thumb/v7-m/nofp/crti.o
LOAD c:/st/stm32cubeide_1.9.0/stm32cubeide/plugins/com.st.stm32cube.ide.mcu.externaltools.gnu-tools-for-stm32.10.3-2021.10.win32_1.0.0.202111181127/tools/bin/../lib/gcc/arm-none-eabi/10.3.1/thumb/v7-m/nofp/crtbegin.o
LOAD c:/st/stm32cubeide_1.9.0/stm32cubeide/plugins/com.st.stm32cube.ide.mcu.externaltools.gnu-tools-for-stm32.10.3-2021.10.win32_1.0.0.202111181127/tools/bin/../lib/gcc/arm-none-eabi/10.3.1/../../../../arm-none-eabi/lib/thumb/v7-m/nofp/crt0.o
LOAD ./Core/Src/enemy.o
LOAD ./Core/Src/images.o
LOAD ./Core/Src/kirby.o
LOAD ./Core/Src/lcd.o
LOAD ./Core/Src/main.o
LOAD ./Core/Src/stm32f1xx_hal_msp.o
LOAD ./Core/Src/stm32f1xx_it.o
LOAD ./Core/Src/syscalls.o
LOAD ./Core/Src/sysmem.o
LOAD ./Core/Src/system_stm32f1xx.o
LOAD ./Core/Src/tiles.o
LOAD ./Core/Startup/startup_stm32f103vetx.o
LOAD ./Drivers/STM32F1xx_HAL_Driver/Src/stm32f1xx_hal.o
LOAD ./Drivers/STM32F1xx_HAL_Driver/Src/stm32f1xx_hal_cortex.o
LOAD ./Drivers/STM32F1xx_HAL_Driver/Src/stm32f1xx_hal_dma.o
LOAD ./Drivers/STM32F1xx_HAL_Driver/Src/stm32f1xx_hal_exti.o
LOAD ./Drivers/STM32F1xx_HAL_Driver/Src/stm32f1xx_hal_flash.o
LOAD ./Drivers/STM32F1xx_HAL_Driver/Src/stm32f1xx_hal_flash_ex.o
LOAD ./Drivers/STM32F1xx_HAL_Driver/Src/stm32f1xx_hal_gpio.o
LOAD ./Drivers/STM32F1xx_HAL_Driver/Src/stm32f1xx_hal_gpio_ex.o
LOAD ./Drivers/STM32F1xx_HAL_Driver/Src/stm32f1xx_hal_pwr.o
LOAD ./Drivers/STM32F1xx_HAL_Driver/Src/stm32f1xx_hal_rcc.o
LOAD ./Drivers/STM32F1xx_HAL_Driver/Src/stm32f1xx_hal_rcc_ex.o
LOAD ./Drivers/STM32F1xx_HAL_Driver/Src/stm32f1xx_hal_sram.o
LOAD ./Drivers/STM32F1xx_HAL_Driver/Src/stm32f1xx_hal_tim.o
LOAD ./Drivers/STM32F1xx_HAL_Driver/Src/stm32f1xx_hal_tim_ex.o
LOAD ./Drivers/STM32F1xx_HAL_Driver/Src/stm32f1xx_ll_fsmc.o
START GROUP
LOAD c:/st/stm32cubeide_1.9.0/stm32cubeide/plugins/com.st.stm32cube.ide.mcu.externaltools.gnu-tools-for-stm32.10.3-2021.10.win32_1.0.0.202111181127/tools/bin/../lib/gcc/arm-none-eabi/10.3.1/../../../../arm-none-eabi/lib/thumb/v7-m/nofp\libc_nano.a
LOAD c:/st/stm32cubeide_1.9.0/stm32cubeide/plugins/com.st.stm32cube.ide.mcu.externaltools.gnu-tools-for-stm32.10.3-2021.10.win32_1.0.0.202111181127/tools/bin/../lib/gcc/arm-none-eabi/10.3.1/../../../../arm-none-eabi/lib/thumb/v7-m/nofp\libm.a
END GROUP
START GROUP
LOAD c:/st/stm32cubeide_1.9.0/stm32cubeide/plugins/com.st.stm32cube.ide.mcu.externaltools.gnu-tools-for-stm32.10.3-2021.10.win32_1.0.0.202111181127/tools/bin/../lib/gcc/arm-none-eabi/10.3.1/thumb/v7-m/nofp\libgcc.a
LOAD c:/st/stm32cubeide_1.9.0/stm32cubeide/plugins/com.st.stm32cube.ide.mcu.externaltools.gnu-tools-for-stm32.10.3-2021.10.win32_1.0.0.202111181127/tools/bin/../lib/gcc/arm-none-eabi/10.3.1/../../../../arm-none-eabi/lib/thumb/v7-m/nofp\libc_nano.a
END GROUP
START GROUP
LOAD c:/st/stm32cubeide_1.9.0/stm32cubeide/plugins/com.st.stm32cube.ide.mcu.externaltools.gnu-tools-for-stm32.10.3-2021.10.win32_1.0.0.202111181127/tools/bin/../lib/gcc/arm-none-eabi/10.3.1/thumb/v7-m/nofp\libgcc.a
LOAD c:/st/stm32cubeide_1.9.0/stm32cubeide/plugins/com.st.stm32cube.ide.mcu.externaltools.gnu-tools-for-stm32.10.3-2021.10.win32_1.0.0.202111181127/tools/bin/../lib/gcc/arm-none-eabi/10.3.1/../../../../arm-none-eabi/lib/thumb/v7-m/nofp\libc_nano.a
LOAD c:/st/stm32cubeide_1.9.0/stm32cubeide/plugins/com.st.stm32cube.ide.mcu.externaltools.gnu-tools-for-stm32.10.3-2021.10.win32_1.0.0.202111181127/tools/bin/../lib/gcc/arm-none-eabi/10.3.1/../../../../arm-none-eabi/lib/thumb/v7-m/nofp\libnosys.a
END GROUP
START GROUP
LOAD c:/st/stm32cubeide_1.9.0/stm32cubeide/plugins/com.st.stm32cube.ide.mcu.externaltools.gnu-tools-for-stm32.10.3-2021.10.win32_1.0.0.202111181127/tools/bin/../lib/gcc/arm-none-eabi/10.3.1/thumb/v7-m/nofp\libgcc.a
LOAD c:/st/stm32cubeide_1.9.0/stm32cubeide/plugins/com.st.stm32cube.ide.mcu.externaltools.gnu-tools-for-stm32.10.3-2021.10.win32_1.0.0.202111181127/tools/bin/../lib/gcc/arm-none-eabi/10.3.1/../../../../arm-none-eabi/lib/thumb/v7-m/nofp\libc_nano.a
LOAD c:/st/stm32cubeide_1.9.0/stm32cubeide/plugins/com.st.stm32cube.ide.mcu.externaltools.gnu-tools-for-stm32.10.3-2021.10.win32_1.0.0.202111181127/tools/bin/../lib/gcc/arm-none-eabi/10.3.1/../../../../arm-none-eabi/lib/thumb/v7-m/nofp\libnosys.a
END GROUP
LOAD c:/st/stm32cubeide_1.9.0/stm32cubeide/plugins/com.st.stm32cube.ide.mcu.externaltools.gnu-tools-for-stm32.10.3-2021.10.win32_1.0.0.202111181127/tools/bin/../lib/gcc/arm-none-eabi/10.3.1/thumb/v7-m/nofp/crtend.o
LOAD c:/st/stm32cubeide_1.9.0/stm32cubeide/plugins/com.st.stm32cube.ide.mcu.externaltools.gnu-tools-for-stm32.10.3-2021.10.win32_1.0.0.202111181127/tools/bin/../lib/gcc/arm-none-eabi/10.3.1/thumb/v7-m/nofp/crtn.o
                0x0000000020010000                _estack = (ORIGIN (RAM) + LENGTH (RAM))
                0x0000000000000200                _Min_Heap_Size = 0x200
                0x0000000000000400                _Min_Stack_Size = 0x400

.isr_vector     0x0000000008000000      0x1e4
                0x0000000008000000                . = ALIGN (0x4)
 *(.isr_vector)
 .isr_vector    0x0000000008000000      0x1e4 ./Core/Startup/startup_stm32f103vetx.o
                0x0000000008000000                g_pfnVectors
                0x00000000080001e4                . = ALIGN (0x4)

.text           0x00000000080001e4     0x2210
                0x00000000080001e4                . = ALIGN (0x4)
 *(.text)
 .text          0x00000000080001e4       0x40 c:/st/stm32cubeide_1.9.0/stm32cubeide/plugins/com.st.stm32cube.ide.mcu.externaltools.gnu-tools-for-stm32.10.3-2021.10.win32_1.0.0.202111181127/tools/bin/../lib/gcc/arm-none-eabi/10.3.1/thumb/v7-m/nofp/crtbegin.o
 *(.text*)
 .text.Enemy_displayEnemyFacingLeft
                0x0000000008000224       0xb0 ./Core/Src/enemy.o
                0x0000000008000224                Enemy_displayEnemyFacingLeft
 .text.Enemy_redrawColumnLeft
                0x00000000080002d4       0x48 ./Core/Src/enemy.o
                0x00000000080002d4                Enemy_redrawColumnLeft
 .text.Enemy_redrawColumnRight
                0x000000000800031c       0x48 ./Core/Src/enemy.o
                0x000000000800031c                Enemy_redrawColumnRight
 .text.Enemy_eraseBoomerang
                0x0000000008000364       0x60 ./Core/Src/enemy.o
                0x0000000008000364                Enemy_eraseBoomerang
 .text.Enemy_eraseEnemy
                0x00000000080003c4       0x44 ./Core/Src/enemy.o
                0x00000000080003c4                Enemy_eraseEnemy
 .text.Enemy_updateEnemy
                0x0000000008000408      0x144 ./Core/Src/enemy.o
                0x0000000008000408                Enemy_updateEnemy
 .text.Kirby_movePlatform
                0x000000000800054c       0xdc ./Core/Src/kirby.o
                0x000000000800054c                Kirby_movePlatform
 .text.Kirby_redrawColumnLeft
                0x0000000008000628       0x40 ./Core/Src/kirby.o
                0x0000000008000628                Kirby_redrawColumnLeft
 .text.Kirby_redrawColumnRight
                0x0000000008000668       0x44 ./Core/Src/kirby.o
                0x0000000008000668                Kirby_redrawColumnRight
 .text.Kirby_redrawRowUp
                0x00000000080006ac       0x40 ./Core/Src/kirby.o
                0x00000000080006ac                Kirby_redrawRowUp
 .text.Kirby_redrawRowDown
                0x00000000080006ec       0x44 ./Core/Src/kirby.o
                0x00000000080006ec                Kirby_redrawRowDown
 .text.Kirby_eraseSprite
                0x0000000008000730       0x4c ./Core/Src/kirby.o
                0x0000000008000730                Kirby_eraseSprite
 .text.Kirby_displayKirbyFacingRight
                0x000000000800077c       0x9c ./Core/Src/kirby.o
                0x000000000800077c                Kirby_displayKirbyFacingRight
 .text.Kirby_displayKirbyFacingLeft
                0x0000000008000818       0xa0 ./Core/Src/kirby.o
                0x0000000008000818                Kirby_displayKirbyFacingLeft
 .text.Kirby_isOnGround
                0x00000000080008b8       0x2a ./Core/Src/kirby.o
                0x00000000080008b8                Kirby_isOnGround
 .text.Kirby_isFalling
                0x00000000080008e2       0x18 ./Core/Src/kirby.o
                0x00000000080008e2                Kirby_isFalling
 *fill*         0x00000000080008fa        0x2 
 .text.Kirby_moveX
                0x00000000080008fc       0xf8 ./Core/Src/kirby.o
                0x00000000080008fc                Kirby_moveX
 .text.Kirby_moveY
                0x00000000080009f4       0x40 ./Core/Src/kirby.o
                0x00000000080009f4                Kirby_moveY
 .text.Kirby_renderSprite
                0x0000000008000a34      0x338 ./Core/Src/kirby.o
                0x0000000008000a34                Kirby_renderSprite
 .text.Kirby_onSwallow
                0x0000000008000d6c       0x18 ./Core/Src/kirby.o
                0x0000000008000d6c                Kirby_onSwallow
 .text.Kirby_updateState
                0x0000000008000d84       0xc0 ./Core/Src/kirby.o
                0x0000000008000d84                Kirby_updateState
 .text.Kirby_checkWin
                0x0000000008000e44        0xe ./Core/Src/kirby.o
                0x0000000008000e44                Kirby_checkWin
 .text.Kirby_checkLose
                0x0000000008000e52        0xc ./Core/Src/kirby.o
                0x0000000008000e52                Kirby_checkLose
 .text.Delay    0x0000000008000e5e       0x14 ./Core/Src/lcd.o
                0x0000000008000e5e                Delay
 *fill*         0x0000000008000e72        0x2 
 .text.LCD_Rst  0x0000000008000e74       0x34 ./Core/Src/lcd.o
                0x0000000008000e74                LCD_Rst
 .text.LCD_Write_Cmd
                0x0000000008000ea8        0x8 ./Core/Src/lcd.o
                0x0000000008000ea8                LCD_Write_Cmd
 .text.LCD_Write_Data
                0x0000000008000eb0        0xc ./Core/Src/lcd.o
                0x0000000008000eb0                LCD_Write_Data
 .text.LCD_REG_Config
                0x0000000008000ebc      0x190 ./Core/Src/lcd.o
                0x0000000008000ebc                LCD_REG_Config
 .text.LCD_OpenWindow
                0x000000000800104c       0x4c ./Core/Src/lcd.o
                0x000000000800104c                LCD_OpenWindow
 .text.LCD_FillColor
                0x0000000008001098       0x1c ./Core/Src/lcd.o
                0x0000000008001098                LCD_FillColor
 .text.LCD_Clear
                0x00000000080010b4       0x1c ./Core/Src/lcd.o
                0x00000000080010b4                LCD_Clear
 .text.LCD_INIT
                0x00000000080010d0       0x34 ./Core/Src/lcd.o
                0x00000000080010d0                LCD_INIT
 .text.LCD_DrawChar
                0x0000000008001104       0x58 ./Core/Src/lcd.o
                0x0000000008001104                LCD_DrawChar
 .text.LCD_DrawString
                0x000000000800115c       0x32 ./Core/Src/lcd.o
                0x000000000800115c                LCD_DrawString
 *fill*         0x000000000800118e        0x2 
 .text.LCD_DrawDot
                0x0000000008001190       0x34 ./Core/Src/lcd.o
                0x0000000008001190                LCD_DrawDot
 .text.XferCpltCallback
                0x00000000080011c4        0x4 ./Core/Src/main.o
                0x00000000080011c4                XferCpltCallback
 .text.handleWin
                0x00000000080011c8       0x24 ./Core/Src/main.o
                0x00000000080011c8                handleWin
 .text.handleLose
                0x00000000080011ec       0x24 ./Core/Src/main.o
                0x00000000080011ec                handleLose
 .text.SystemClock_Config
                0x0000000008001210       0x5e ./Core/Src/main.o
                0x0000000008001210                SystemClock_Config
 *fill*         0x000000000800126e        0x2 
 .text.startup.main
                0x0000000008001270      0x2cc ./Core/Src/main.o
                0x0000000008001270                main
 .text.HAL_MspInit
                0x000000000800153c       0x44 ./Core/Src/stm32f1xx_hal_msp.o
                0x000000000800153c                HAL_MspInit
 .text.HAL_SRAM_MspInit
                0x0000000008001580       0x64 ./Core/Src/stm32f1xx_hal_msp.o
                0x0000000008001580                HAL_SRAM_MspInit
 .text.NMI_Handler
                0x00000000080015e4        0x2 ./Core/Src/stm32f1xx_it.o
                0x00000000080015e4                NMI_Handler
 .text.HardFault_Handler
                0x00000000080015e6        0x2 ./Core/Src/stm32f1xx_it.o
                0x00000000080015e6                HardFault_Handler
 .text.MemManage_Handler
                0x00000000080015e8        0x2 ./Core/Src/stm32f1xx_it.o
                0x00000000080015e8                MemManage_Handler
 .text.BusFault_Handler
                0x00000000080015ea        0x2 ./Core/Src/stm32f1xx_it.o
                0x00000000080015ea                BusFault_Handler
 .text.UsageFault_Handler
                0x00000000080015ec        0x2 ./Core/Src/stm32f1xx_it.o
                0x00000000080015ec                UsageFault_Handler
 .text.SVC_Handler
                0x00000000080015ee        0x2 ./Core/Src/stm32f1xx_it.o
                0x00000000080015ee                SVC_Handler
 .text.DebugMon_Handler
                0x00000000080015f0        0x2 ./Core/Src/stm32f1xx_it.o
                0x00000000080015f0                DebugMon_Handler
 .text.PendSV_Handler
                0x00000000080015f2        0x2 ./Core/Src/stm32f1xx_it.o
                0x00000000080015f2                PendSV_Handler
 .text.SysTick_Handler
                0x00000000080015f4        0x4 ./Core/Src/stm32f1xx_it.o
                0x00000000080015f4                SysTick_Handler
 .text.DMA1_Channel1_IRQHandler
                0x00000000080015f8        0xc ./Core/Src/stm32f1xx_it.o
                0x00000000080015f8                DMA1_Channel1_IRQHandler
 .text.SystemInit
                0x0000000008001604        0x2 ./Core/Src/system_stm32f1xx.o
                0x0000000008001604                SystemInit
 *fill*         0x0000000008001606        0x2 
 .text.Tiles_getTileType
                0x0000000008001608       0x34 ./Core/Src/tiles.o
                0x0000000008001608                Tiles_getTileType
 .text.Reset_Handler
                0x000000000800163c       0x48 ./Core/Startup/startup_stm32f103vetx.o
                0x000000000800163c                Reset_Handler
 .text.Default_Handler
                0x0000000008001684        0x2 ./Core/Startup/startup_stm32f103vetx.o
                0x0000000008001684                RTC_Alarm_IRQHandler
                0x0000000008001684                EXTI2_IRQHandler
                0x0000000008001684                TIM8_TRG_COM_IRQHandler
                0x0000000008001684                TIM8_CC_IRQHandler
                0x0000000008001684                TIM1_CC_IRQHandler
                0x0000000008001684                TIM6_IRQHandler
                0x0000000008001684                PVD_IRQHandler
                0x0000000008001684                SDIO_IRQHandler
                0x0000000008001684                EXTI3_IRQHandler
                0x0000000008001684                EXTI0_IRQHandler
                0x0000000008001684                I2C2_EV_IRQHandler
                0x0000000008001684                ADC1_2_IRQHandler
                0x0000000008001684                SPI1_IRQHandler
                0x0000000008001684                TAMPER_IRQHandler
                0x0000000008001684                TIM8_UP_IRQHandler
                0x0000000008001684                DMA2_Channel2_IRQHandler
                0x0000000008001684                DMA1_Channel4_IRQHandler
                0x0000000008001684                USART3_IRQHandler
                0x0000000008001684                RTC_IRQHandler
                0x0000000008001684                DMA1_Channel7_IRQHandler
                0x0000000008001684                CAN1_RX1_IRQHandler
                0x0000000008001684                UART5_IRQHandler
                0x0000000008001684                ADC3_IRQHandler
                0x0000000008001684                TIM4_IRQHandler
                0x0000000008001684                DMA2_Channel1_IRQHandler
                0x0000000008001684                I2C1_EV_IRQHandler
                0x0000000008001684                DMA1_Channel6_IRQHandler
                0x0000000008001684                UART4_IRQHandler
                0x0000000008001684                TIM3_IRQHandler
                0x0000000008001684                RCC_IRQHandler
                0x0000000008001684                TIM1_TRG_COM_IRQHandler
                0x0000000008001684                Default_Handler
                0x0000000008001684                EXTI15_10_IRQHandler
                0x0000000008001684                TIM7_IRQHandler
                0x0000000008001684                TIM5_IRQHandler
                0x0000000008001684                EXTI9_5_IRQHandler
                0x0000000008001684                SPI2_IRQHandler
                0x0000000008001684                DMA1_Channel5_IRQHandler
                0x0000000008001684                EXTI4_IRQHandler
                0x0000000008001684                USB_LP_CAN1_RX0_IRQHandler
                0x0000000008001684                USB_HP_CAN1_TX_IRQHandler
                0x0000000008001684                DMA1_Channel3_IRQHandler
                0x0000000008001684                FSMC_IRQHandler
                0x0000000008001684                TIM1_UP_IRQHandler
                0x0000000008001684                WWDG_IRQHandler
                0x0000000008001684                TIM2_IRQHandler
                0x0000000008001684                TIM1_BRK_IRQHandler
                0x0000000008001684                EXTI1_IRQHandler
                0x0000000008001684                DMA2_Channel4_5_IRQHandler
                0x0000000008001684                USART2_IRQHandler
                0x0000000008001684                I2C2_ER_IRQHandler
                0x0000000008001684                DMA1_Channel2_IRQHandler
                0x0000000008001684                TIM8_BRK_IRQHandler
                0x0000000008001684                CAN1_SCE_IRQHandler
                0x0000000008001684                FLASH_IRQHandler
                0x0000000008001684                USART1_IRQHandler
                0x0000000008001684                SPI3_IRQHandler
                0x0000000008001684                I2C1_ER_IRQHandler
                0x0000000008001684                USBWakeUp_IRQHandler
                0x0000000008001684                DMA2_Channel3_IRQHandler
 *fill*         0x0000000008001686        0x2 
 .text.HAL_InitTick
                0x0000000008001688       0x48 ./Drivers/STM32F1xx_HAL_Driver/Src/stm32f1xx_hal.o
                0x0000000008001688                HAL_InitTick
 .text.HAL_Init
                0x00000000080016d0       0x24 ./Drivers/STM32F1xx_HAL_Driver/Src/stm32f1xx_hal.o
                0x00000000080016d0                HAL_Init
 .text.HAL_IncTick
                0x00000000080016f4       0x18 ./Drivers/STM32F1xx_HAL_Driver/Src/stm32f1xx_hal.o
                0x00000000080016f4                HAL_IncTick
 .text.HAL_GetTick
                0x000000000800170c        0xc ./Drivers/STM32F1xx_HAL_Driver/Src/stm32f1xx_hal.o
                0x000000000800170c                HAL_GetTick
 .text.HAL_Delay
                0x0000000008001718       0x24 ./Drivers/STM32F1xx_HAL_Driver/Src/stm32f1xx_hal.o
                0x0000000008001718                HAL_Delay
 .text.HAL_NVIC_SetPriorityGrouping
                0x000000000800173c       0x24 ./Drivers/STM32F1xx_HAL_Driver/Src/stm32f1xx_hal_cortex.o
                0x000000000800173c                HAL_NVIC_SetPriorityGrouping
 .text.HAL_NVIC_SetPriority
                0x0000000008001760       0x64 ./Drivers/STM32F1xx_HAL_Driver/Src/stm32f1xx_hal_cortex.o
                0x0000000008001760                HAL_NVIC_SetPriority
 .text.HAL_NVIC_EnableIRQ
                0x00000000080017c4       0x1c ./Drivers/STM32F1xx_HAL_Driver/Src/stm32f1xx_hal_cortex.o
                0x00000000080017c4                HAL_NVIC_EnableIRQ
 .text.HAL_SYSTICK_Config
                0x00000000080017e0       0x28 ./Drivers/STM32F1xx_HAL_Driver/Src/stm32f1xx_hal_cortex.o
                0x00000000080017e0                HAL_SYSTICK_Config
 .text.HAL_DMA_Init
                0x0000000008001808       0x7c ./Drivers/STM32F1xx_HAL_Driver/Src/stm32f1xx_hal_dma.o
                0x0000000008001808                HAL_DMA_Init
 .text.HAL_DMA_Start_IT
                0x0000000008001884       0x78 ./Drivers/STM32F1xx_HAL_Driver/Src/stm32f1xx_hal_dma.o
                0x0000000008001884                HAL_DMA_Start_IT
 .text.HAL_DMA_IRQHandler
                0x00000000080018fc      0x27c ./Drivers/STM32F1xx_HAL_Driver/Src/stm32f1xx_hal_dma.o
                0x00000000080018fc                HAL_DMA_IRQHandler
 .text.HAL_GPIO_Init
                0x0000000008001b78      0x1d0 ./Drivers/STM32F1xx_HAL_Driver/Src/stm32f1xx_hal_gpio.o
                0x0000000008001b78                HAL_GPIO_Init
 .text.HAL_GPIO_ReadPin
                0x0000000008001d48        0xc ./Drivers/STM32F1xx_HAL_Driver/Src/stm32f1xx_hal_gpio.o
                0x0000000008001d48                HAL_GPIO_ReadPin
 .text.HAL_GPIO_WritePin
                0x0000000008001d54        0xa ./Drivers/STM32F1xx_HAL_Driver/Src/stm32f1xx_hal_gpio.o
                0x0000000008001d54                HAL_GPIO_WritePin
 *fill*         0x0000000008001d5e        0x2 
 .text.HAL_RCC_OscConfig
                0x0000000008001d60      0x338 ./Drivers/STM32F1xx_HAL_Driver/Src/stm32f1xx_hal_rcc.o
                0x0000000008001d60                HAL_RCC_OscConfig
 .text.HAL_RCC_GetSysClockFreq
                0x0000000008002098       0x74 ./Drivers/STM32F1xx_HAL_Driver/Src/stm32f1xx_hal_rcc.o
                0x0000000008002098                HAL_RCC_GetSysClockFreq
 .text.HAL_RCC_ClockConfig
                0x000000000800210c      0x138 ./Drivers/STM32F1xx_HAL_Driver/Src/stm32f1xx_hal_rcc.o
                0x000000000800210c                HAL_RCC_ClockConfig
 .text.HAL_SRAM_Init
                0x0000000008002244       0x62 ./Drivers/STM32F1xx_HAL_Driver/Src/stm32f1xx_hal_sram.o
                0x0000000008002244                HAL_SRAM_Init
 *fill*         0x00000000080022a6        0x2 
 .text.FSMC_NORSRAM_Init
                0x00000000080022a8       0x64 ./Drivers/STM32F1xx_HAL_Driver/Src/stm32f1xx_ll_fsmc.o
                0x00000000080022a8                FSMC_NORSRAM_Init
 .text.FSMC_NORSRAM_Timing_Init
                0x000000000800230c       0x3c ./Drivers/STM32F1xx_HAL_Driver/Src/stm32f1xx_ll_fsmc.o
                0x000000000800230c                FSMC_NORSRAM_Timing_Init
 .text.FSMC_NORSRAM_Extended_Timing_Init
                0x0000000008002348       0x3c ./Drivers/STM32F1xx_HAL_Driver/Src/stm32f1xx_ll_fsmc.o
                0x0000000008002348                FSMC_NORSRAM_Extended_Timing_Init
 .text.__libc_init_array
                0x0000000008002384       0x48 c:/st/stm32cubeide_1.9.0/stm32cubeide/plugins/com.st.stm32cube.ide.mcu.externaltools.gnu-tools-for-stm32.10.3-2021.10.win32_1.0.0.202111181127/tools/bin/../lib/gcc/arm-none-eabi/10.3.1/../../../../arm-none-eabi/lib/thumb/v7-m/nofp\libc_nano.a(lib_a-init.o)
                0x0000000008002384                __libc_init_array
 .text.memset   0x00000000080023cc       0x10 c:/st/stm32cubeide_1.9.0/stm32cubeide/plugins/com.st.stm32cube.ide.mcu.externaltools.gnu-tools-for-stm32.10.3-2021.10.win32_1.0.0.202111181127/tools/bin/../lib/gcc/arm-none-eabi/10.3.1/../../../../arm-none-eabi/lib/thumb/v7-m/nofp\libc_nano.a(lib_a-memset.o)
                0x00000000080023cc                memset
 *(.glue_7)
 .glue_7        0x00000000080023dc        0x0 linker stubs
 *(.glue_7t)
 .glue_7t       0x00000000080023dc        0x0 linker stubs
 *(.eh_frame)
 .eh_frame      0x00000000080023dc        0x0 c:/st/stm32cubeide_1.9.0/stm32cubeide/plugins/com.st.stm32cube.ide.mcu.externaltools.gnu-tools-for-stm32.10.3-2021.10.win32_1.0.0.202111181127/tools/bin/../lib/gcc/arm-none-eabi/10.3.1/thumb/v7-m/nofp/crtbegin.o
 *(.init)
 .init          0x00000000080023dc        0x4 c:/st/stm32cubeide_1.9.0/stm32cubeide/plugins/com.st.stm32cube.ide.mcu.externaltools.gnu-tools-for-stm32.10.3-2021.10.win32_1.0.0.202111181127/tools/bin/../lib/gcc/arm-none-eabi/10.3.1/thumb/v7-m/nofp/crti.o
                0x00000000080023dc                _init
 .init          0x00000000080023e0        0x8 c:/st/stm32cubeide_1.9.0/stm32cubeide/plugins/com.st.stm32cube.ide.mcu.externaltools.gnu-tools-for-stm32.10.3-2021.10.win32_1.0.0.202111181127/tools/bin/../lib/gcc/arm-none-eabi/10.3.1/thumb/v7-m/nofp/crtn.o
 *(.fini)
 .fini          0x00000000080023e8        0x4 c:/st/stm32cubeide_1.9.0/stm32cubeide/plugins/com.st.stm32cube.ide.mcu.externaltools.gnu-tools-for-stm32.10.3-2021.10.win32_1.0.0.202111181127/tools/bin/../lib/gcc/arm-none-eabi/10.3.1/thumb/v7-m/nofp/crti.o
                0x00000000080023e8                _fini
 .fini          0x00000000080023ec        0x8 c:/st/stm32cubeide_1.9.0/stm32cubeide/plugins/com.st.stm32cube.ide.mcu.externaltools.gnu-tools-for-stm32.10.3-2021.10.win32_1.0.0.202111181127/tools/bin/../lib/gcc/arm-none-eabi/10.3.1/thumb/v7-m/nofp/crtn.o
                0x00000000080023f4                . = ALIGN (0x4)
                0x00000000080023f4                _etext = .

.vfp11_veneer   0x00000000080023f4        0x0
 .vfp11_veneer  0x00000000080023f4        0x0 linker stubs

.v4_bx          0x00000000080023f4        0x0
 .v4_bx         0x00000000080023f4        0x0 linker stubs

.iplt           0x00000000080023f4        0x0
 .iplt          0x00000000080023f4        0x0 c:/st/stm32cubeide_1.9.0/stm32cubeide/plugins/com.st.stm32cube.ide.mcu.externaltools.gnu-tools-for-stm32.10.3-2021.10.win32_1.0.0.202111181127/tools/bin/../lib/gcc/arm-none-eabi/10.3.1/thumb/v7-m/nofp/crtbegin.o

.rodata         0x00000000080023f4    0x5e8ac
                0x00000000080023f4                . = ALIGN (0x4)
 *(.rodata)
 .rodata        0x00000000080023f4       0x10 ./Core/Src/main.o
 *(.rodata*)
 .rodata.BOOMERANG_SPRITE_0
                0x0000000008002404      0x2e0 ./Core/Src/enemy.o
                0x0000000008002404                BOOMERANG_SPRITE_0
 .rodata.BOOMERANG_SPRITE_1
                0x00000000080026e4      0x2e0 ./Core/Src/enemy.o
                0x00000000080026e4                BOOMERANG_SPRITE_1
 .rodata.ENEMY_ATTACKING_SPRITE
                0x00000000080029c4      0x700 ./Core/Src/enemy.o
                0x00000000080029c4                ENEMY_ATTACKING_SPRITE
 .rodata.ENEMY_IDLE_SPRITE
                0x00000000080030c4      0x4b0 ./Core/Src/enemy.o
                0x00000000080030c4                ENEMY_IDLE_SPRITE
 .rodata.platformImg
                0x0000000008003574    0x5d060 ./Core/Src/images.o
                0x0000000008003574                platformImg
 .rodata.ucAscii_1608
                0x00000000080605d4      0x5f0 ./Core/Src/lcd.o
                0x00000000080605d4                ucAscii_1608
 .rodata.handleWin.str1.1
                0x0000000008060bc4        0xa ./Core/Src/main.o
 .rodata.handleLose.str1.1
                0x0000000008060bce        0xb ./Core/Src/main.o
 .rodata.AHBPrescTable
                0x0000000008060bd9       0x10 ./Core/Src/system_stm32f1xx.o
                0x0000000008060bd9                AHBPrescTable
 *fill*         0x0000000008060be9        0x1 
 .rodata.groundTiles
                0x0000000008060bea       0xa4 ./Core/Src/tiles.o
                0x0000000008060bea                groundTiles
 .rodata.HAL_RCC_GetSysClockFreq.str1.1
                0x0000000008060c8e       0x11 ./Drivers/STM32F1xx_HAL_Driver/Src/stm32f1xx_hal_rcc.o
                0x0000000008060ca0                . = ALIGN (0x4)
 *fill*         0x0000000008060c9f        0x1 

.rel.dyn        0x0000000008060ca0        0x0
 .rel.iplt      0x0000000008060ca0        0x0 c:/st/stm32cubeide_1.9.0/stm32cubeide/plugins/com.st.stm32cube.ide.mcu.externaltools.gnu-tools-for-stm32.10.3-2021.10.win32_1.0.0.202111181127/tools/bin/../lib/gcc/arm-none-eabi/10.3.1/thumb/v7-m/nofp/crtbegin.o

.ARM.extab      0x0000000008060ca0        0x0
                0x0000000008060ca0                . = ALIGN (0x4)
 *(.ARM.extab* .gnu.linkonce.armextab.*)
                0x0000000008060ca0                . = ALIGN (0x4)

.ARM            0x0000000008060ca0        0x0
                0x0000000008060ca0                . = ALIGN (0x4)
                0x0000000008060ca0                __exidx_start = .
 *(.ARM.exidx*)
                0x0000000008060ca0                __exidx_end = .
                0x0000000008060ca0                . = ALIGN (0x4)

.preinit_array  0x0000000008060ca0        0x0
                0x0000000008060ca0                . = ALIGN (0x4)
                0x0000000008060ca0                PROVIDE (__preinit_array_start = .)
 *(.preinit_array*)
                0x0000000008060ca0                PROVIDE (__preinit_array_end = .)
                0x0000000008060ca0                . = ALIGN (0x4)

.init_array     0x0000000008060ca0        0x4
                0x0000000008060ca0                . = ALIGN (0x4)
                0x0000000008060ca0                PROVIDE (__init_array_start = .)
 *(SORT_BY_NAME(.init_array.*))
 *(.init_array*)
 .init_array    0x0000000008060ca0        0x4 c:/st/stm32cubeide_1.9.0/stm32cubeide/plugins/com.st.stm32cube.ide.mcu.externaltools.gnu-tools-for-stm32.10.3-2021.10.win32_1.0.0.202111181127/tools/bin/../lib/gcc/arm-none-eabi/10.3.1/thumb/v7-m/nofp/crtbegin.o
                0x0000000008060ca4                PROVIDE (__init_array_end = .)
                0x0000000008060ca4                . = ALIGN (0x4)

.fini_array     0x0000000008060ca4        0x4
                0x0000000008060ca4                . = ALIGN (0x4)
                [!provide]                        PROVIDE (__fini_array_start = .)
 *(SORT_BY_NAME(.fini_array.*))
 *(.fini_array*)
 .fini_array    0x0000000008060ca4        0x4 c:/st/stm32cubeide_1.9.0/stm32cubeide/plugins/com.st.stm32cube.ide.mcu.externaltools.gnu-tools-for-stm32.10.3-2021.10.win32_1.0.0.202111181127/tools/bin/../lib/gcc/arm-none-eabi/10.3.1/thumb/v7-m/nofp/crtbegin.o
                [!provide]                        PROVIDE (__fini_array_end = .)
                0x0000000008060ca8                . = ALIGN (0x4)
                0x0000000008060ca8                _sidata = LOADADDR (.data)

.data           0x0000000020000000     0xb880 load address 0x0000000008060ca8
                0x0000000020000000                . = ALIGN (0x4)
                0x0000000020000000                _sdata = .
 *(.data)
 *(.data*)
 .data.boomerangDirection
                0x0000000020000000        0x1 ./Core/Src/enemy.o
 .data.boomerangLock
                0x0000000020000001        0x1 ./Core/Src/enemy.o
 .data.boomerangTicks
                0x0000000020000002        0x1 ./Core/Src/enemy.o
 *fill*         0x0000000020000003        0x1 
 .data.boomerangX
                0x0000000020000004        0x2 ./Core/Src/enemy.o
 .data.remainingTicks
                0x0000000020000006        0x1 ./Core/Src/enemy.o
 .data.showEnemy
                0x0000000020000007        0x1 ./Core/Src/enemy.o
                0x0000000020000007                showEnemy
 .data.FALLING_HEIGHT
                0x0000000020000008        0x1 ./Core/Src/kirby.o
                0x0000000020000008                FALLING_HEIGHT
 .data.FALLING_OFFSET
                0x0000000020000009        0x1 ./Core/Src/kirby.o
                0x0000000020000009                FALLING_OFFSET
 .data.FALLING_WIDTH
                0x000000002000000a        0x1 ./Core/Src/kirby.o
                0x000000002000000a                FALLING_WIDTH
 .data.FLOATING_DOWN_HEIGHT
                0x000000002000000b        0x1 ./Core/Src/kirby.o
                0x000000002000000b                FLOATING_DOWN_HEIGHT
 .data.FLOATING_DOWN_OFFSET
                0x000000002000000c        0x1 ./Core/Src/kirby.o
                0x000000002000000c                FLOATING_DOWN_OFFSET
 .data.FLOATING_DOWN_WIDTH
                0x000000002000000d        0x1 ./Core/Src/kirby.o
                0x000000002000000d                FLOATING_DOWN_WIDTH
 .data.FLOATING_UP_HEIGHT
                0x000000002000000e        0x1 ./Core/Src/kirby.o
                0x000000002000000e                FLOATING_UP_HEIGHT
 .data.FLOATING_UP_OFFSET
                0x000000002000000f        0x1 ./Core/Src/kirby.o
                0x000000002000000f                FLOATING_UP_OFFSET
 .data.FLOATING_UP_WIDTH
                0x0000000020000010        0x1 ./Core/Src/kirby.o
                0x0000000020000010                FLOATING_UP_WIDTH
 .data.IDLE_HEIGHT
                0x0000000020000011        0x1 ./Core/Src/kirby.o
                0x0000000020000011                IDLE_HEIGHT
 .data.IDLE_OFFSET
                0x0000000020000012        0x1 ./Core/Src/kirby.o
                0x0000000020000012                IDLE_OFFSET
 .data.IDLE_WIDTH
                0x0000000020000013        0x1 ./Core/Src/kirby.o
                0x0000000020000013                IDLE_WIDTH
 .data.JUMPING_HEIGHT
                0x0000000020000014        0x1 ./Core/Src/kirby.o
                0x0000000020000014                JUMPING_HEIGHT
 .data.JUMPING_OFFSET
                0x0000000020000015        0x1 ./Core/Src/kirby.o
                0x0000000020000015                JUMPING_OFFSET
 .data.JUMPING_WIDTH
                0x0000000020000016        0x1 ./Core/Src/kirby.o
                0x0000000020000016                JUMPING_WIDTH
 *fill*         0x0000000020000017        0x1 
 .data.KIRBY_FALLING_SPRITE_1
                0x0000000020000018      0x578 ./Core/Src/kirby.o
                0x0000000020000018                KIRBY_FALLING_SPRITE_1
 .data.KIRBY_FALLING_SPRITE_3
                0x0000000020000590      0x578 ./Core/Src/kirby.o
                0x0000000020000590                KIRBY_FALLING_SPRITE_3
 .data.KIRBY_FALLING_SPRITE_5
                0x0000000020000b08      0x578 ./Core/Src/kirby.o
                0x0000000020000b08                KIRBY_FALLING_SPRITE_5
 .data.KIRBY_FALLING_SPRITE_7
                0x0000000020001080      0x578 ./Core/Src/kirby.o
                0x0000000020001080                KIRBY_FALLING_SPRITE_7
 .data.KIRBY_FLOATING_SPRITE_1
                0x00000000200015f8      0x840 ./Core/Src/kirby.o
                0x00000000200015f8                KIRBY_FLOATING_SPRITE_1
 .data.KIRBY_FLOATING_SPRITE_3
                0x0000000020001e38      0x840 ./Core/Src/kirby.o
                0x0000000020001e38                KIRBY_FLOATING_SPRITE_3
 .data.KIRBY_FLOATING_SPRITE_5
                0x0000000020002678      0x840 ./Core/Src/kirby.o
                0x0000000020002678                KIRBY_FLOATING_SPRITE_5
 .data.KIRBY_IDLE_SPRITE_0
                0x0000000020002eb8      0x420 ./Core/Src/kirby.o
                0x0000000020002eb8                KIRBY_IDLE_SPRITE_0
 .data.KIRBY_JUMPING_SPRITE
                0x00000000200032d8      0x480 ./Core/Src/kirby.o
                0x00000000200032d8                KIRBY_JUMPING_SPRITE
 .data.KIRBY_SPITTING_SPRITE_0
                0x0000000020003758      0x68a ./Core/Src/kirby.o
                0x0000000020003758                KIRBY_SPITTING_SPRITE_0
 .data.KIRBY_SPITTING_SPRITE_2
                0x0000000020003de2      0x68a ./Core/Src/kirby.o
                0x0000000020003de2                KIRBY_SPITTING_SPRITE_2
 .data.KIRBY_SPITTING_SPRITE_4
                0x000000002000446c      0x68a ./Core/Src/kirby.o
                0x000000002000446c                KIRBY_SPITTING_SPRITE_4
 .data.KIRBY_SWALLOWED_FALL_0
                0x0000000020004af6      0x780 ./Core/Src/kirby.o
                0x0000000020004af6                KIRBY_SWALLOWED_FALL_0
 .data.KIRBY_SWALLOWED_FALL_2
                0x0000000020005276      0x780 ./Core/Src/kirby.o
                0x0000000020005276                KIRBY_SWALLOWED_FALL_2
 .data.KIRBY_SWALLOWED_FALL_4
                0x00000000200059f6      0x780 ./Core/Src/kirby.o
                0x00000000200059f6                KIRBY_SWALLOWED_FALL_4
 .data.KIRBY_SWALLOWED_IDLE_SPRITE_0
                0x0000000020006176      0x68a ./Core/Src/kirby.o
                0x0000000020006176                KIRBY_SWALLOWED_IDLE_SPRITE_0
 .data.KIRBY_SWALLOWED_JUMP
                0x0000000020006800      0x780 ./Core/Src/kirby.o
                0x0000000020006800                KIRBY_SWALLOWED_JUMP
 .data.KIRBY_SWALLOWED_WALK_1
                0x0000000020006f80      0x744 ./Core/Src/kirby.o
                0x0000000020006f80                KIRBY_SWALLOWED_WALK_1
 .data.KIRBY_SWALLOWED_WALK_3
                0x00000000200076c4      0x744 ./Core/Src/kirby.o
                0x00000000200076c4                KIRBY_SWALLOWED_WALK_3
 .data.KIRBY_SWALLOWED_WALK_5
                0x0000000020007e08      0x744 ./Core/Src/kirby.o
                0x0000000020007e08                KIRBY_SWALLOWED_WALK_5
 .data.KIRBY_SWALLOWED_WALK_7
                0x000000002000854c      0x744 ./Core/Src/kirby.o
                0x000000002000854c                KIRBY_SWALLOWED_WALK_7
 .data.KIRBY_SWALLOWED_WALK_9
                0x0000000020008c90      0x744 ./Core/Src/kirby.o
                0x0000000020008c90                KIRBY_SWALLOWED_WALK_9
 .data.KIRBY_SWALLOWING_1
                0x00000000200093d4      0x658 ./Core/Src/kirby.o
                0x00000000200093d4                KIRBY_SWALLOWING_1
 .data.KIRBY_SWALLOWING_3
                0x0000000020009a2c      0x658 ./Core/Src/kirby.o
                0x0000000020009a2c                KIRBY_SWALLOWING_3
 .data.KIRBY_WALKING_SPRITE_1
                0x000000002000a084      0x4ac ./Core/Src/kirby.o
                0x000000002000a084                KIRBY_WALKING_SPRITE_1
 .data.KIRBY_WALKING_SPRITE_3
                0x000000002000a530      0x4ac ./Core/Src/kirby.o
                0x000000002000a530                KIRBY_WALKING_SPRITE_3
 .data.KIRBY_WALKING_SPRITE_5
                0x000000002000a9dc      0x4ac ./Core/Src/kirby.o
                0x000000002000a9dc                KIRBY_WALKING_SPRITE_5
 .data.KIRBY_WALKING_SPRITE_7
                0x000000002000ae88      0x4ac ./Core/Src/kirby.o
                0x000000002000ae88                KIRBY_WALKING_SPRITE_7
 .data.KIRBY_WALKING_SPRITE_9
                0x000000002000b334      0x4ac ./Core/Src/kirby.o
                0x000000002000b334                KIRBY_WALKING_SPRITE_9
 .data.SPITTING_HEIGHT
                0x000000002000b7e0        0x1 ./Core/Src/kirby.o
                0x000000002000b7e0                SPITTING_HEIGHT
 .data.SPITTING_OFFSET
                0x000000002000b7e1        0x1 ./Core/Src/kirby.o
                0x000000002000b7e1                SPITTING_OFFSET
 .data.SPITTING_WIDTH
                0x000000002000b7e2        0x1 ./Core/Src/kirby.o
                0x000000002000b7e2                SPITTING_WIDTH
 .data.SWALLOWED_FALL_HEIGHT
                0x000000002000b7e3        0x1 ./Core/Src/kirby.o
                0x000000002000b7e3                SWALLOWED_FALL_HEIGHT
 .data.SWALLOWED_FALL_OFFSET
                0x000000002000b7e4        0x1 ./Core/Src/kirby.o
                0x000000002000b7e4                SWALLOWED_FALL_OFFSET
 .data.SWALLOWED_FALL_WIDTH
                0x000000002000b7e5        0x1 ./Core/Src/kirby.o
                0x000000002000b7e5                SWALLOWED_FALL_WIDTH
 .data.SWALLOWED_IDLE_HEIGHT
                0x000000002000b7e6        0x1 ./Core/Src/kirby.o
                0x000000002000b7e6                SWALLOWED_IDLE_HEIGHT
 .data.SWALLOWED_IDLE_OFFSET
                0x000000002000b7e7        0x1 ./Core/Src/kirby.o
                0x000000002000b7e7                SWALLOWED_IDLE_OFFSET
 .data.SWALLOWED_IDLE_WIDTH
                0x000000002000b7e8        0x1 ./Core/Src/kirby.o
                0x000000002000b7e8                SWALLOWED_IDLE_WIDTH
 .data.SWALLOWED_JUMP_HEIGHT
                0x000000002000b7e9        0x1 ./Core/Src/kirby.o
                0x000000002000b7e9                SWALLOWED_JUMP_HEIGHT
 .data.SWALLOWED_JUMP_OFFSET
                0x000000002000b7ea        0x1 ./Core/Src/kirby.o
                0x000000002000b7ea                SWALLOWED_JUMP_OFFSET
 .data.SWALLOWED_JUMP_WIDTH
                0x000000002000b7eb        0x1 ./Core/Src/kirby.o
                0x000000002000b7eb                SWALLOWED_JUMP_WIDTH
 .data.SWALLOWED_WALK_HEIGHT
                0x000000002000b7ec        0x1 ./Core/Src/kirby.o
                0x000000002000b7ec                SWALLOWED_WALK_HEIGHT
 .data.SWALLOWED_WALK_OFFSET
                0x000000002000b7ed        0x1 ./Core/Src/kirby.o
                0x000000002000b7ed                SWALLOWED_WALK_OFFSET
 .data.SWALLOWED_WALK_WIDTH
                0x000000002000b7ee        0x1 ./Core/Src/kirby.o
                0x000000002000b7ee                SWALLOWED_WALK_WIDTH
 .data.SWALLOWING_HEIGHT
                0x000000002000b7ef        0x1 ./Core/Src/kirby.o
                0x000000002000b7ef                SWALLOWING_HEIGHT
 .data.SWALLOWING_OFFSET
                0x000000002000b7f0        0x1 ./Core/Src/kirby.o
                0x000000002000b7f0                SWALLOWING_OFFSET
 .data.SWALLOWING_WIDTH
                0x000000002000b7f1        0x1 ./Core/Src/kirby.o
                0x000000002000b7f1                SWALLOWING_WIDTH
 .data.WALKING_HEIGHT
                0x000000002000b7f2        0x1 ./Core/Src/kirby.o
                0x000000002000b7f2                WALKING_HEIGHT
 .data.WALKING_OFFSET
                0x000000002000b7f3        0x1 ./Core/Src/kirby.o
                0x000000002000b7f3                WALKING_OFFSET
 .data.WALKING_WIDTH
                0x000000002000b7f4        0x1 ./Core/Src/kirby.o
                0x000000002000b7f4                WALKING_WIDTH
 *fill*         0x000000002000b7f5        0x3 
 .data.fallingKeyframes
                0x000000002000b7f8       0x10 ./Core/Src/kirby.o
                0x000000002000b7f8                fallingKeyframes
 .data.floatingDownKeyframes
                0x000000002000b808        0x4 ./Core/Src/kirby.o
                0x000000002000b808                floatingDownKeyframes
 .data.floatingUpKeyframes
                0x000000002000b80c        0xc ./Core/Src/kirby.o
                0x000000002000b80c                floatingUpKeyframes
 .data.idleKeyframes
                0x000000002000b818        0x4 ./Core/Src/kirby.o
                0x000000002000b818                idleKeyframes
 .data.jumpingKeyframes
                0x000000002000b81c        0x4 ./Core/Src/kirby.o
                0x000000002000b81c                jumpingKeyframes
 .data.moveYLock
                0x000000002000b820        0x1 ./Core/Src/kirby.o
 *fill*         0x000000002000b821        0x3 
 .data.spittingKeyframes
                0x000000002000b824        0xc ./Core/Src/kirby.o
                0x000000002000b824                spittingKeyframes
 .data.swallowedFallKeyframes
                0x000000002000b830        0xc ./Core/Src/kirby.o
                0x000000002000b830                swallowedFallKeyframes
 .data.swallowedIdleKeyframes
                0x000000002000b83c        0x4 ./Core/Src/kirby.o
                0x000000002000b83c                swallowedIdleKeyframes
 .data.swallowedJumpKeyframes
                0x000000002000b840        0x4 ./Core/Src/kirby.o
                0x000000002000b840                swallowedJumpKeyframes
 .data.swallowedWalkKeyframes
                0x000000002000b844       0x14 ./Core/Src/kirby.o
                0x000000002000b844                swallowedWalkKeyframes
 .data.swallowingKeyframes
                0x000000002000b858        0x8 ./Core/Src/kirby.o
                0x000000002000b858                swallowingKeyframes
 .data.walkingKeyframes
                0x000000002000b860       0x14 ./Core/Src/kirby.o
                0x000000002000b860                walkingKeyframes
 .data.SystemCoreClock
                0x000000002000b874        0x4 ./Core/Src/system_stm32f1xx.o
                0x000000002000b874                SystemCoreClock
 .data.uwTickFreq
                0x000000002000b878        0x1 ./Drivers/STM32F1xx_HAL_Driver/Src/stm32f1xx_hal.o
                0x000000002000b878                uwTickFreq
 *fill*         0x000000002000b879        0x3 
 .data.uwTickPrio
                0x000000002000b87c        0x4 ./Drivers/STM32F1xx_HAL_Driver/Src/stm32f1xx_hal.o
                0x000000002000b87c                uwTickPrio
 *(.RamFunc)
 *(.RamFunc*)
                0x000000002000b880                . = ALIGN (0x4)
                0x000000002000b880                _edata = .

.igot.plt       0x000000002000b880        0x0 load address 0x000000000806c528
 .igot.plt      0x000000002000b880        0x0 c:/st/stm32cubeide_1.9.0/stm32cubeide/plugins/com.st.stm32cube.ide.mcu.externaltools.gnu-tools-for-stm32.10.3-2021.10.win32_1.0.0.202111181127/tools/bin/../lib/gcc/arm-none-eabi/10.3.1/thumb/v7-m/nofp/crtbegin.o
                0x000000002000b880                . = ALIGN (0x4)

.bss            0x000000002000b880       0xb4 load address 0x000000000806c528
                0x000000002000b880                _sbss = .
                0x000000002000b880                __bss_start__ = _sbss
 *(.bss)
 .bss           0x000000002000b880       0x1c c:/st/stm32cubeide_1.9.0/stm32cubeide/plugins/com.st.stm32cube.ide.mcu.externaltools.gnu-tools-for-stm32.10.3-2021.10.win32_1.0.0.202111181127/tools/bin/../lib/gcc/arm-none-eabi/10.3.1/thumb/v7-m/nofp/crtbegin.o
 *(.bss*)
 .bss.boomerangSprite
                0x000000002000b89c        0x1 ./Core/Src/enemy.o
 .bss.state     0x000000002000b89d        0x1 ./Core/Src/enemy.o
 .bss.currentPos
                0x000000002000b89e        0x2 ./Core/Src/kirby.o
                0x000000002000b89e                currentPos
 .bss.hdma_memtomem_dma1_channel1
                0x000000002000b8a0       0x44 ./Core/Src/main.o
                0x000000002000b8a0                hdma_memtomem_dma1_channel1
 .bss.hsram1    0x000000002000b8e4       0x48 ./Core/Src/main.o
                0x000000002000b8e4                hsram1
 .bss.FSMC_Initialized
                0x000000002000b92c        0x4 ./Core/Src/stm32f1xx_hal_msp.o
 .bss.uwTick    0x000000002000b930        0x4 ./Drivers/STM32F1xx_HAL_Driver/Src/stm32f1xx_hal.o
                0x000000002000b930                uwTick
 *(COMMON)
                0x000000002000b934                . = ALIGN (0x4)
                0x000000002000b934                _ebss = .
                0x000000002000b934                __bss_end__ = _ebss

._user_heap_stack
                0x000000002000b934      0x604 load address 0x000000000806c528
                0x000000002000b938                . = ALIGN (0x8)
 *fill*         0x000000002000b934        0x4 
                [!provide]                        PROVIDE (end = .)
                0x000000002000b938                PROVIDE (_end = .)
                0x000000002000bb38                . = (. + _Min_Heap_Size)
 *fill*         0x000000002000b938      0x200 
                0x000000002000bf38                . = (. + _Min_Stack_Size)
 *fill*         0x000000002000bb38      0x400 
                0x000000002000bf38                . = ALIGN (0x8)

/DISCARD/
 libc.a(*)
 libm.a(*)
 libgcc.a(*)

.ARM.attributes
                0x0000000000000000       0x29
 *(.ARM.attributes)
 .ARM.attributes
                0x0000000000000000       0x1d c:/st/stm32cubeide_1.9.0/stm32cubeide/plugins/com.st.stm32cube.ide.mcu.externaltools.gnu-tools-for-stm32.10.3-2021.10.win32_1.0.0.202111181127/tools/bin/../lib/gcc/arm-none-eabi/10.3.1/thumb/v7-m/nofp/crti.o
 .ARM.attributes
                0x000000000000001d       0x2d c:/st/stm32cubeide_1.9.0/stm32cubeide/plugins/com.st.stm32cube.ide.mcu.externaltools.gnu-tools-for-stm32.10.3-2021.10.win32_1.0.0.202111181127/tools/bin/../lib/gcc/arm-none-eabi/10.3.1/thumb/v7-m/nofp/crtbegin.o
 .ARM.attributes
                0x000000000000004a       0x2d ./Core/Src/enemy.o
 .ARM.attributes
                0x0000000000000077       0x2d ./Core/Src/images.o
 .ARM.attributes
                0x00000000000000a4       0x2d ./Core/Src/kirby.o
 .ARM.attributes
                0x00000000000000d1       0x2d ./Core/Src/lcd.o
 .ARM.attributes
                0x00000000000000fe       0x2d ./Core/Src/main.o
 .ARM.attributes
                0x000000000000012b       0x2d ./Core/Src/stm32f1xx_hal_msp.o
 .ARM.attributes
                0x0000000000000158       0x2d ./Core/Src/stm32f1xx_it.o
 .ARM.attributes
                0x0000000000000185       0x2d ./Core/Src/system_stm32f1xx.o
 .ARM.attributes
                0x00000000000001b2       0x2d ./Core/Src/tiles.o
 .ARM.attributes
                0x00000000000001df       0x21 ./Core/Startup/startup_stm32f103vetx.o
 .ARM.attributes
                0x0000000000000200       0x2d ./Drivers/STM32F1xx_HAL_Driver/Src/stm32f1xx_hal.o
 .ARM.attributes
                0x000000000000022d       0x2d ./Drivers/STM32F1xx_HAL_Driver/Src/stm32f1xx_hal_cortex.o
 .ARM.attributes
                0x000000000000025a       0x2d ./Drivers/STM32F1xx_HAL_Driver/Src/stm32f1xx_hal_dma.o
 .ARM.attributes
                0x0000000000000287       0x2d ./Drivers/STM32F1xx_HAL_Driver/Src/stm32f1xx_hal_gpio.o
 .ARM.attributes
                0x00000000000002b4       0x2d ./Drivers/STM32F1xx_HAL_Driver/Src/stm32f1xx_hal_rcc.o
 .ARM.attributes
                0x00000000000002e1       0x2d ./Drivers/STM32F1xx_HAL_Driver/Src/stm32f1xx_hal_sram.o
 .ARM.attributes
                0x000000000000030e       0x2d ./Drivers/STM32F1xx_HAL_Driver/Src/stm32f1xx_ll_fsmc.o
 .ARM.attributes
                0x000000000000033b       0x2d c:/st/stm32cubeide_1.9.0/stm32cubeide/plugins/com.st.stm32cube.ide.mcu.externaltools.gnu-tools-for-stm32.10.3-2021.10.win32_1.0.0.202111181127/tools/bin/../lib/gcc/arm-none-eabi/10.3.1/../../../../arm-none-eabi/lib/thumb/v7-m/nofp\libc_nano.a(lib_a-init.o)
 .ARM.attributes
                0x0000000000000368       0x2d c:/st/stm32cubeide_1.9.0/stm32cubeide/plugins/com.st.stm32cube.ide.mcu.externaltools.gnu-tools-for-stm32.10.3-2021.10.win32_1.0.0.202111181127/tools/bin/../lib/gcc/arm-none-eabi/10.3.1/../../../../arm-none-eabi/lib/thumb/v7-m/nofp\libc_nano.a(lib_a-memset.o)
 .ARM.attributes
                0x0000000000000395       0x1d c:/st/stm32cubeide_1.9.0/stm32cubeide/plugins/com.st.stm32cube.ide.mcu.externaltools.gnu-tools-for-stm32.10.3-2021.10.win32_1.0.0.202111181127/tools/bin/../lib/gcc/arm-none-eabi/10.3.1/thumb/v7-m/nofp/crtn.o
OUTPUT(Project.elf elf32-littlearm)
LOAD linker stubs
LOAD c:/st/stm32cubeide_1.9.0/stm32cubeide/plugins/com.st.stm32cube.ide.mcu.externaltools.gnu-tools-for-stm32.10.3-2021.10.win32_1.0.0.202111181127/tools/bin/../lib/gcc/arm-none-eabi/10.3.1/../../../../arm-none-eabi/lib/thumb/v7-m/nofp\libc.a
LOAD c:/st/stm32cubeide_1.9.0/stm32cubeide/plugins/com.st.stm32cube.ide.mcu.externaltools.gnu-tools-for-stm32.10.3-2021.10.win32_1.0.0.202111181127/tools/bin/../lib/gcc/arm-none-eabi/10.3.1/../../../../arm-none-eabi/lib/thumb/v7-m/nofp\libm.a
LOAD c:/st/stm32cubeide_1.9.0/stm32cubeide/plugins/com.st.stm32cube.ide.mcu.externaltools.gnu-tools-for-stm32.10.3-2021.10.win32_1.0.0.202111181127/tools/bin/../lib/gcc/arm-none-eabi/10.3.1/thumb/v7-m/nofp\libgcc.a

.debug_info     0x0000000000000000     0xb4e1
 .debug_info    0x0000000000000000      0x866 ./Core/Src/enemy.o
 .debug_info    0x0000000000000866       0xb7 ./Core/Src/images.o
 .debug_info    0x000000000000091d     0x18ec ./Core/Src/kirby.o
 .debug_info    0x0000000000002209     0x2214 ./Core/Src/lcd.o
 .debug_info    0x000000000000441d     0x1671 ./Core/Src/main.o
 .debug_info    0x0000000000005a8e      0x8a6 ./Core/Src/stm32f1xx_hal_msp.o
 .debug_info    0x0000000000006334      0x3ae ./Core/Src/stm32f1xx_it.o
 .debug_info    0x00000000000066e2      0x24c ./Core/Src/system_stm32f1xx.o
 .debug_info    0x000000000000692e      0x1cd ./Core/Src/tiles.o
 .debug_info    0x0000000000006afb       0x22 ./Core/Startup/startup_stm32f103vetx.o
 .debug_info    0x0000000000006b1d      0x86e ./Drivers/STM32F1xx_HAL_Driver/Src/stm32f1xx_hal.o
 .debug_info    0x000000000000738b      0xdd0 ./Drivers/STM32F1xx_HAL_Driver/Src/stm32f1xx_hal_cortex.o
 .debug_info    0x000000000000815b      0x856 ./Drivers/STM32F1xx_HAL_Driver/Src/stm32f1xx_hal_dma.o
 .debug_info    0x00000000000089b1      0x66f ./Drivers/STM32F1xx_HAL_Driver/Src/stm32f1xx_hal_gpio.o
 .debug_info    0x0000000000009020      0xa89 ./Drivers/STM32F1xx_HAL_Driver/Src/stm32f1xx_hal_rcc.o
 .debug_info    0x0000000000009aa9      0xf7b ./Drivers/STM32F1xx_HAL_Driver/Src/stm32f1xx_hal_sram.o
 .debug_info    0x000000000000aa24      0xabd ./Drivers/STM32F1xx_HAL_Driver/Src/stm32f1xx_ll_fsmc.o

.debug_abbrev   0x0000000000000000     0x24b8
 .debug_abbrev  0x0000000000000000      0x1f7 ./Core/Src/enemy.o
 .debug_abbrev  0x00000000000001f7       0x73 ./Core/Src/images.o
 .debug_abbrev  0x000000000000026a      0x352 ./Core/Src/kirby.o
 .debug_abbrev  0x00000000000005bc      0x3e3 ./Core/Src/lcd.o
 .debug_abbrev  0x000000000000099f      0x3f8 ./Core/Src/main.o
 .debug_abbrev  0x0000000000000d97      0x239 ./Core/Src/stm32f1xx_hal_msp.o
 .debug_abbrev  0x0000000000000fd0      0x1a3 ./Core/Src/stm32f1xx_it.o
 .debug_abbrev  0x0000000000001173      0x141 ./Core/Src/system_stm32f1xx.o
 .debug_abbrev  0x00000000000012b4      0x130 ./Core/Src/tiles.o
 .debug_abbrev  0x00000000000013e4       0x12 ./Core/Startup/startup_stm32f103vetx.o
 .debug_abbrev  0x00000000000013f6      0x277 ./Drivers/STM32F1xx_HAL_Driver/Src/stm32f1xx_hal.o
 .debug_abbrev  0x000000000000166d      0x352 ./Drivers/STM32F1xx_HAL_Driver/Src/stm32f1xx_hal_cortex.o
 .debug_abbrev  0x00000000000019bf      0x253 ./Drivers/STM32F1xx_HAL_Driver/Src/stm32f1xx_hal_dma.o
 .debug_abbrev  0x0000000000001c12      0x1e7 ./Drivers/STM32F1xx_HAL_Driver/Src/stm32f1xx_hal_gpio.o
 .debug_abbrev  0x0000000000001df9      0x2f5 ./Drivers/STM32F1xx_HAL_Driver/Src/stm32f1xx_hal_rcc.o
 .debug_abbrev  0x00000000000020ee      0x22a ./Drivers/STM32F1xx_HAL_Driver/Src/stm32f1xx_hal_sram.o
 .debug_abbrev  0x0000000000002318      0x1a0 ./Drivers/STM32F1xx_HAL_Driver/Src/stm32f1xx_ll_fsmc.o

.debug_loc      0x0000000000000000     0x5dba
 .debug_loc     0x0000000000000000      0x5c9 ./Core/Src/enemy.o
 .debug_loc     0x00000000000005c9     0x15fd ./Core/Src/kirby.o
 .debug_loc     0x0000000000001bc6     0x14dd ./Core/Src/lcd.o
 .debug_loc     0x00000000000030a3       0x93 ./Core/Src/main.o
 .debug_loc     0x0000000000003136       0x6c ./Core/Src/stm32f1xx_hal_msp.o
 .debug_loc     0x00000000000031a2       0xe7 ./Core/Src/system_stm32f1xx.o
 .debug_loc     0x0000000000003289      0x103 ./Core/Src/tiles.o
 .debug_loc     0x000000000000338c      0x139 ./Drivers/STM32F1xx_HAL_Driver/Src/stm32f1xx_hal.o
 .debug_loc     0x00000000000034c5      0x4c5 ./Drivers/STM32F1xx_HAL_Driver/Src/stm32f1xx_hal_cortex.o
 .debug_loc     0x000000000000398a      0x747 ./Drivers/STM32F1xx_HAL_Driver/Src/stm32f1xx_hal_dma.o
 .debug_loc     0x00000000000040d1      0x40d ./Drivers/STM32F1xx_HAL_Driver/Src/stm32f1xx_hal_gpio.o
 .debug_loc     0x00000000000044de      0x5f1 ./Drivers/STM32F1xx_HAL_Driver/Src/stm32f1xx_hal_rcc.o
 .debug_loc     0x0000000000004acf      0xd67 ./Drivers/STM32F1xx_HAL_Driver/Src/stm32f1xx_hal_sram.o
 .debug_loc     0x0000000000005836      0x584 ./Drivers/STM32F1xx_HAL_Driver/Src/stm32f1xx_ll_fsmc.o

.debug_aranges  0x0000000000000000      0x710
 .debug_aranges
                0x0000000000000000       0x48 ./Core/Src/enemy.o
 .debug_aranges
                0x0000000000000048       0x18 ./Core/Src/images.o
 .debug_aranges
                0x0000000000000060       0xb8 ./Core/Src/kirby.o
 .debug_aranges
                0x0000000000000118       0xb0 ./Core/Src/lcd.o
 .debug_aranges
                0x00000000000001c8       0x48 ./Core/Src/main.o
 .debug_aranges
                0x0000000000000210       0x30 ./Core/Src/stm32f1xx_hal_msp.o
 .debug_aranges
                0x0000000000000240       0x58 ./Core/Src/stm32f1xx_it.o
 .debug_aranges
                0x0000000000000298       0x28 ./Core/Src/system_stm32f1xx.o
 .debug_aranges
                0x00000000000002c0       0x20 ./Core/Src/tiles.o
 .debug_aranges
                0x00000000000002e0       0x28 ./Core/Startup/startup_stm32f103vetx.o
 .debug_aranges
                0x0000000000000308       0xd8 ./Drivers/STM32F1xx_HAL_Driver/Src/stm32f1xx_hal.o
 .debug_aranges
                0x00000000000003e0       0x90 ./Drivers/STM32F1xx_HAL_Driver/Src/stm32f1xx_hal_cortex.o
 .debug_aranges
                0x0000000000000470       0x78 ./Drivers/STM32F1xx_HAL_Driver/Src/stm32f1xx_hal_dma.o
 .debug_aranges
                0x00000000000004e8       0x58 ./Drivers/STM32F1xx_HAL_Driver/Src/stm32f1xx_hal_gpio.o
 .debug_aranges
                0x0000000000000540       0x88 ./Drivers/STM32F1xx_HAL_Driver/Src/stm32f1xx_hal_rcc.o
 .debug_aranges
                0x00000000000005c8       0xa0 ./Drivers/STM32F1xx_HAL_Driver/Src/stm32f1xx_hal_sram.o
 .debug_aranges
                0x0000000000000668       0xa8 ./Drivers/STM32F1xx_HAL_Driver/Src/stm32f1xx_ll_fsmc.o

.debug_ranges   0x0000000000000000     0x1428
 .debug_ranges  0x0000000000000000      0x1c8 ./Core/Src/enemy.o
 .debug_ranges  0x00000000000001c8      0x378 ./Core/Src/kirby.o
 .debug_ranges  0x0000000000000540      0x6a0 ./Core/Src/lcd.o
 .debug_ranges  0x0000000000000be0      0x1c0 ./Core/Src/main.o
 .debug_ranges  0x0000000000000da0       0xc8 ./Core/Src/stm32f1xx_hal_msp.o
 .debug_ranges  0x0000000000000e68       0x48 ./Core/Src/stm32f1xx_it.o
 .debug_ranges  0x0000000000000eb0       0x18 ./Core/Src/system_stm32f1xx.o
 .debug_ranges  0x0000000000000ec8       0x48 ./Core/Src/tiles.o
 .debug_ranges  0x0000000000000f10       0x20 ./Core/Startup/startup_stm32f103vetx.o
 .debug_ranges  0x0000000000000f30       0xc8 ./Drivers/STM32F1xx_HAL_Driver/Src/stm32f1xx_hal.o
 .debug_ranges  0x0000000000000ff8      0x148 ./Drivers/STM32F1xx_HAL_Driver/Src/stm32f1xx_hal_cortex.o
 .debug_ranges  0x0000000000001140       0x98 ./Drivers/STM32F1xx_HAL_Driver/Src/stm32f1xx_hal_dma.o
 .debug_ranges  0x00000000000011d8       0x68 ./Drivers/STM32F1xx_HAL_Driver/Src/stm32f1xx_hal_gpio.o
 .debug_ranges  0x0000000000001240       0xc0 ./Drivers/STM32F1xx_HAL_Driver/Src/stm32f1xx_hal_rcc.o
 .debug_ranges  0x0000000000001300       0x90 ./Drivers/STM32F1xx_HAL_Driver/Src/stm32f1xx_hal_sram.o
 .debug_ranges  0x0000000000001390       0x98 ./Drivers/STM32F1xx_HAL_Driver/Src/stm32f1xx_ll_fsmc.o

.debug_macro    0x0000000000000000    0x19e1d
 .debug_macro   0x0000000000000000      0x1cf ./Core/Src/enemy.o
 .debug_macro   0x00000000000001cf      0xa72 ./Core/Src/enemy.o
 .debug_macro   0x0000000000000c41       0x22 ./Core/Src/enemy.o
 .debug_macro   0x0000000000000c63       0x8e ./Core/Src/enemy.o
 .debug_macro   0x0000000000000cf1       0x51 ./Core/Src/enemy.o
 .debug_macro   0x0000000000000d42      0x103 ./Core/Src/enemy.o
 .debug_macro   0x0000000000000e45       0x6a ./Core/Src/enemy.o
 .debug_macro   0x0000000000000eaf      0x1df ./Core/Src/enemy.o
 .debug_macro   0x000000000000108e      0x21b ./Core/Src/enemy.o
 .debug_macro   0x00000000000012a9       0x2e ./Core/Src/enemy.o
 .debug_macro   0x00000000000012d7       0x22 ./Core/Src/enemy.o
 .debug_macro   0x00000000000012f9       0x1c ./Core/Src/enemy.o
 .debug_macro   0x0000000000001315       0x22 ./Core/Src/enemy.o
 .debug_macro   0x0000000000001337       0xbd ./Core/Src/enemy.o
 .debug_macro   0x00000000000013f4      0xd23 ./Core/Src/enemy.o
 .debug_macro   0x0000000000002117     0xfd8c ./Core/Src/enemy.o
 .debug_macro   0x0000000000011ea3       0x6d ./Core/Src/enemy.o
 .debug_macro   0x0000000000011f10     0x3468 ./Core/Src/enemy.o
 .debug_macro   0x0000000000015378      0x174 ./Core/Src/enemy.o
 .debug_macro   0x00000000000154ec       0x5c ./Core/Src/enemy.o
 .debug_macro   0x0000000000015548      0x5be ./Core/Src/enemy.o
 .debug_macro   0x0000000000015b06      0x4d5 ./Core/Src/enemy.o
 .debug_macro   0x0000000000015fdb      0x1cb ./Core/Src/enemy.o
 .debug_macro   0x00000000000161a6      0x114 ./Core/Src/enemy.o
 .debug_macro   0x00000000000162ba      0x1ea ./Core/Src/enemy.o
 .debug_macro   0x00000000000164a4       0x27 ./Core/Src/enemy.o
 .debug_macro   0x00000000000164cb      0x144 ./Core/Src/enemy.o
 .debug_macro   0x000000000001660f      0x1bc ./Core/Src/enemy.o
 .debug_macro   0x00000000000167cb       0x30 ./Core/Src/enemy.o
 .debug_macro   0x00000000000167fb       0x3c ./Core/Src/enemy.o
 .debug_macro   0x0000000000016837       0x57 ./Core/Src/enemy.o
 .debug_macro   0x000000000001688e       0x88 ./Core/Src/enemy.o
 .debug_macro   0x0000000000016916      0x24f ./Core/Src/enemy.o
 .debug_macro   0x0000000000016b65      0x356 ./Core/Src/enemy.o
 .debug_macro   0x0000000000016ebb      0x141 ./Core/Src/enemy.o
 .debug_macro   0x0000000000016ffc       0xb5 ./Core/Src/enemy.o
 .debug_macro   0x00000000000170b1       0xd0 ./Core/Src/enemy.o
 .debug_macro   0x0000000000017181       0x6d ./Core/Src/images.o
 .debug_macro   0x00000000000171ee      0x344 ./Core/Src/kirby.o
 .debug_macro   0x0000000000017532       0x4c ./Core/Src/kirby.o
 .debug_macro   0x000000000001757e       0x18 ./Core/Src/kirby.o
 .debug_macro   0x0000000000017596       0x94 ./Core/Src/kirby.o
 .debug_macro   0x000000000001762a       0x3c ./Core/Src/kirby.o
 .debug_macro   0x0000000000017666       0x34 ./Core/Src/kirby.o
 .debug_macro   0x000000000001769a       0x16 ./Core/Src/kirby.o
 .debug_macro   0x00000000000176b0       0x57 ./Core/Src/kirby.o
 .debug_macro   0x0000000000017707       0x97 ./Core/Src/kirby.o
 .debug_macro   0x000000000001779e      0x341 ./Core/Src/kirby.o
 .debug_macro   0x0000000000017adf       0xfd ./Core/Src/kirby.o
 .debug_macro   0x0000000000017bdc       0x10 ./Core/Src/kirby.o
 .debug_macro   0x0000000000017bec       0x16 ./Core/Src/kirby.o
 .debug_macro   0x0000000000017c02       0x43 ./Core/Src/kirby.o
 .debug_macro   0x0000000000017c45       0x34 ./Core/Src/kirby.o
 .debug_macro   0x0000000000017c79       0x10 ./Core/Src/kirby.o
 .debug_macro   0x0000000000017c89       0x58 ./Core/Src/kirby.o
 .debug_macro   0x0000000000017ce1       0x71 ./Core/Src/kirby.o
 .debug_macro   0x0000000000017d52       0x1c ./Core/Src/kirby.o
 .debug_macro   0x0000000000017d6e      0x12a ./Core/Src/kirby.o
 .debug_macro   0x0000000000017e98       0x10 ./Core/Src/kirby.o
 .debug_macro   0x0000000000017ea8       0x1c ./Core/Src/kirby.o
 .debug_macro   0x0000000000017ec4       0x52 ./Core/Src/kirby.o
 .debug_macro   0x0000000000017f16       0x22 ./Core/Src/kirby.o
 .debug_macro   0x0000000000017f38       0x10 ./Core/Src/kirby.o
 .debug_macro   0x0000000000017f48       0x52 ./Core/Src/kirby.o
 .debug_macro   0x0000000000017f9a       0xd5 ./Core/Src/kirby.o
 .debug_macro   0x000000000001806f       0x1c ./Core/Src/kirby.o
 .debug_macro   0x000000000001808b       0x3d ./Core/Src/kirby.o
 .debug_macro   0x00000000000180c8       0x16 ./Core/Src/kirby.o
 .debug_macro   0x00000000000180de      0x145 ./Core/Src/kirby.o
 .debug_macro   0x0000000000018223       0x56 ./Core/Src/kirby.o
 .debug_macro   0x0000000000018279      0x262 ./Core/Src/lcd.o
 .debug_macro   0x00000000000184db       0x52 ./Core/Src/lcd.o
 .debug_macro   0x000000000001852d      0x19b ./Core/Src/lcd.o
 .debug_macro   0x00000000000186c8      0x33f ./Core/Src/main.o
 .debug_macro   0x0000000000018a07       0x34 ./Core/Src/main.o
 .debug_macro   0x0000000000018a3b       0x35 ./Core/Src/main.o
 .debug_macro   0x0000000000018a70       0xd6 ./Core/Src/main.o
 .debug_macro   0x0000000000018b46      0x1ad ./Core/Src/stm32f1xx_hal_msp.o
 .debug_macro   0x0000000000018cf3      0x1b7 ./Core/Src/stm32f1xx_it.o
 .debug_macro   0x0000000000018eaa      0x19e ./Core/Src/system_stm32f1xx.o
 .debug_macro   0x0000000000019048      0x1a9 ./Core/Src/tiles.o
 .debug_macro   0x00000000000191f1      0x1c2 ./Drivers/STM32F1xx_HAL_Driver/Src/stm32f1xx_hal.o
 .debug_macro   0x00000000000193b3      0x19e ./Drivers/STM32F1xx_HAL_Driver/Src/stm32f1xx_hal_cortex.o
 .debug_macro   0x0000000000019551      0x19e ./Drivers/STM32F1xx_HAL_Driver/Src/stm32f1xx_hal_dma.o
 .debug_macro   0x00000000000196ef      0x209 ./Drivers/STM32F1xx_HAL_Driver/Src/stm32f1xx_hal_gpio.o
 .debug_macro   0x00000000000198f8      0x1b0 ./Drivers/STM32F1xx_HAL_Driver/Src/stm32f1xx_hal_rcc.o
 .debug_macro   0x0000000000019aa8      0x19e ./Drivers/STM32F1xx_HAL_Driver/Src/stm32f1xx_hal_sram.o
 .debug_macro   0x0000000000019c46      0x1d7 ./Drivers/STM32F1xx_HAL_Driver/Src/stm32f1xx_ll_fsmc.o

.debug_line     0x0000000000000000     0xc248
 .debug_line    0x0000000000000000      0xabb ./Core/Src/enemy.o
 .debug_line    0x0000000000000abb      0x37d ./Core/Src/images.o
 .debug_line    0x0000000000000e38     0x1820 ./Core/Src/kirby.o
 .debug_line    0x0000000000002658     0x18b8 ./Core/Src/lcd.o
 .debug_line    0x0000000000003f10      0xce7 ./Core/Src/main.o
 .debug_line    0x0000000000004bf7      0x767 ./Core/Src/stm32f1xx_hal_msp.o
 .debug_line    0x000000000000535e      0x73e ./Core/Src/stm32f1xx_it.o
 .debug_line    0x0000000000005a9c      0x6e3 ./Core/Src/system_stm32f1xx.o
 .debug_line    0x000000000000617f      0x5d3 ./Core/Src/tiles.o
 .debug_line    0x0000000000006752       0x87 ./Core/Startup/startup_stm32f103vetx.o
 .debug_line    0x00000000000067d9      0x97c ./Drivers/STM32F1xx_HAL_Driver/Src/stm32f1xx_hal.o
 .debug_line    0x0000000000007155      0xb1d ./Drivers/STM32F1xx_HAL_Driver/Src/stm32f1xx_hal_cortex.o
 .debug_line    0x0000000000007c72     0x1118 ./Drivers/STM32F1xx_HAL_Driver/Src/stm32f1xx_hal_dma.o
 .debug_line    0x0000000000008d8a      0xa34 ./Drivers/STM32F1xx_HAL_Driver/Src/stm32f1xx_hal_gpio.o
 .debug_line    0x00000000000097be     0x105a ./Drivers/STM32F1xx_HAL_Driver/Src/stm32f1xx_hal_rcc.o
 .debug_line    0x000000000000a818      0xf7a ./Drivers/STM32F1xx_HAL_Driver/Src/stm32f1xx_hal_sram.o
 .debug_line    0x000000000000b792      0xab6 ./Drivers/STM32F1xx_HAL_Driver/Src/stm32f1xx_ll_fsmc.o

.debug_str      0x0000000000000000    0x9295b
 .debug_str     0x0000000000000000    0x8b300 ./Core/Src/enemy.o
                                      0x8b72a (size before relaxing)
 .debug_str     0x000000000008b300       0x15 ./Core/Src/images.o
                                       0x3beb (size before relaxing)
 .debug_str     0x000000000008b315     0x463f ./Core/Src/kirby.o
                                      0x8fc3f (size before relaxing)
 .debug_str     0x000000000008f954      0xb59 ./Core/Src/lcd.o
                                      0x8ed18 (size before relaxing)
 .debug_str     0x00000000000904ad      0xb0b ./Core/Src/main.o
                                      0x90007 (size before relaxing)
 .debug_str     0x0000000000090fb8       0xae ./Core/Src/stm32f1xx_hal_msp.o
                                      0x8b653 (size before relaxing)
 .debug_str     0x0000000000091066       0xf5 ./Core/Src/stm32f1xx_it.o
                                      0x8b436 (size before relaxing)
 .debug_str     0x000000000009115b       0x7e ./Core/Src/system_stm32f1xx.o
                                      0x8b15e (size before relaxing)
 .debug_str     0x00000000000911d9       0x42 ./Core/Src/tiles.o
                                       0x72ee (size before relaxing)
 .debug_str     0x000000000009121b       0x36 ./Core/Startup/startup_stm32f103vetx.o
                                         0x70 (size before relaxing)
 .debug_str     0x0000000000091251      0x384 ./Drivers/STM32F1xx_HAL_Driver/Src/stm32f1xx_hal.o
                                      0x8b975 (size before relaxing)
 .debug_str     0x00000000000915d5      0x29e ./Drivers/STM32F1xx_HAL_Driver/Src/stm32f1xx_hal_cortex.o
                                      0x8b8c1 (size before relaxing)
 .debug_str     0x0000000000091873      0x20c ./Drivers/STM32F1xx_HAL_Driver/Src/stm32f1xx_hal_dma.o
                                      0x8b507 (size before relaxing)
 .debug_str     0x0000000000091a7f      0x2d0 ./Drivers/STM32F1xx_HAL_Driver/Src/stm32f1xx_hal_gpio.o
                                      0x8b4e4 (size before relaxing)
 .debug_str     0x0000000000091d4f      0x229 ./Drivers/STM32F1xx_HAL_Driver/Src/stm32f1xx_hal_rcc.o
                                      0x8b58d (size before relaxing)
 .debug_str     0x0000000000091f78      0x29c ./Drivers/STM32F1xx_HAL_Driver/Src/stm32f1xx_hal_sram.o
                                      0x8b7e1 (size before relaxing)
 .debug_str     0x0000000000092214      0x747 ./Drivers/STM32F1xx_HAL_Driver/Src/stm32f1xx_ll_fsmc.o
                                      0x8bac3 (size before relaxing)

.comment        0x0000000000000000       0x50
 .comment       0x0000000000000000       0x50 ./Core/Src/enemy.o
                                         0x51 (size before relaxing)
 .comment       0x0000000000000050       0x51 ./Core/Src/images.o
 .comment       0x0000000000000050       0x51 ./Core/Src/kirby.o
 .comment       0x0000000000000050       0x51 ./Core/Src/lcd.o
 .comment       0x0000000000000050       0x51 ./Core/Src/main.o
 .comment       0x0000000000000050       0x51 ./Core/Src/stm32f1xx_hal_msp.o
 .comment       0x0000000000000050       0x51 ./Core/Src/stm32f1xx_it.o
 .comment       0x0000000000000050       0x51 ./Core/Src/system_stm32f1xx.o
 .comment       0x0000000000000050       0x51 ./Core/Src/tiles.o
 .comment       0x0000000000000050       0x51 ./Drivers/STM32F1xx_HAL_Driver/Src/stm32f1xx_hal.o
 .comment       0x0000000000000050       0x51 ./Drivers/STM32F1xx_HAL_Driver/Src/stm32f1xx_hal_cortex.o
 .comment       0x0000000000000050       0x51 ./Drivers/STM32F1xx_HAL_Driver/Src/stm32f1xx_hal_dma.o
 .comment       0x0000000000000050       0x51 ./Drivers/STM32F1xx_HAL_Driver/Src/stm32f1xx_hal_gpio.o
 .comment       0x0000000000000050       0x51 ./Drivers/STM32F1xx_HAL_Driver/Src/stm32f1xx_hal_rcc.o
 .comment       0x0000000000000050       0x51 ./Drivers/STM32F1xx_HAL_Driver/Src/stm32f1xx_hal_sram.o
 .comment       0x0000000000000050       0x51 ./Drivers/STM32F1xx_HAL_Driver/Src/stm32f1xx_ll_fsmc.o

.debug_frame    0x0000000000000000     0x11ac
 .debug_frame   0x0000000000000000       0xf8 ./Core/Src/enemy.o
 .debug_frame   0x00000000000000f8      0x258 ./Core/Src/kirby.o
 .debug_frame   0x0000000000000350      0x21c ./Core/Src/lcd.o
 .debug_frame   0x000000000000056c       0xb0 ./Core/Src/main.o
 .debug_frame   0x000000000000061c       0x68 ./Core/Src/stm32f1xx_hal_msp.o
 .debug_frame   0x0000000000000684       0xb0 ./Core/Src/stm32f1xx_it.o
 .debug_frame   0x0000000000000734       0x30 ./Core/Src/system_stm32f1xx.o
 .debug_frame   0x0000000000000764       0x2c ./Core/Src/tiles.o
 .debug_frame   0x0000000000000790      0x1d4 ./Drivers/STM32F1xx_HAL_Driver/Src/stm32f1xx_hal.o
 .debug_frame   0x0000000000000964      0x120 ./Drivers/STM32F1xx_HAL_Driver/Src/stm32f1xx_hal_cortex.o
 .debug_frame   0x0000000000000a84      0x144 ./Drivers/STM32F1xx_HAL_Driver/Src/stm32f1xx_hal_dma.o
 .debug_frame   0x0000000000000bc8       0xd4 ./Drivers/STM32F1xx_HAL_Driver/Src/stm32f1xx_hal_gpio.o
 .debug_frame   0x0000000000000c9c      0x150 ./Drivers/STM32F1xx_HAL_Driver/Src/stm32f1xx_hal_rcc.o
 .debug_frame   0x0000000000000dec      0x1ec ./Drivers/STM32F1xx_HAL_Driver/Src/stm32f1xx_hal_sram.o
 .debug_frame   0x0000000000000fd8      0x188 ./Drivers/STM32F1xx_HAL_Driver/Src/stm32f1xx_ll_fsmc.o
 .debug_frame   0x0000000000001160       0x2c c:/st/stm32cubeide_1.9.0/stm32cubeide/plugins/com.st.stm32cube.ide.mcu.externaltools.gnu-tools-for-stm32.10.3-2021.10.win32_1.0.0.202111181127/tools/bin/../lib/gcc/arm-none-eabi/10.3.1/../../../../arm-none-eabi/lib/thumb/v7-m/nofp\libc_nano.a(lib_a-init.o)
 .debug_frame   0x000000000000118c       0x20 c:/st/stm32cubeide_1.9.0/stm32cubeide/plugins/com.st.stm32cube.ide.mcu.externaltools.gnu-tools-for-stm32.10.3-2021.10.win32_1.0.0.202111181127/tools/bin/../lib/gcc/arm-none-eabi/10.3.1/../../../../arm-none-eabi/lib/thumb/v7-m/nofp\libc_nano.a(lib_a-memset.o)
