Archive member included to satisfy reference by file (symbol)

c:/st/stm32cubeide_1.9.0/stm32cubeide/plugins/com.st.stm32cube.ide.mcu.externaltools.gnu-tools-for-stm32.10.3-2021.10.win32_1.0.0.202111181127/tools/bin/../lib/gcc/arm-none-eabi/10.3.1/../../../../arm-none-eabi/lib/thumb/v7-m/nofp\libc_nano.a(lib_a-errno.o)
                              ./Core/Src/syscalls.o (__errno)
c:/st/stm32cubeide_1.9.0/stm32cubeide/plugins/com.st.stm32cube.ide.mcu.externaltools.gnu-tools-for-stm32.10.3-2021.10.win32_1.0.0.202111181127/tools/bin/../lib/gcc/arm-none-eabi/10.3.1/../../../../arm-none-eabi/lib/thumb/v7-m/nofp\libc_nano.a(lib_a-exit.o)
                              c:/st/stm32cubeide_1.9.0/stm32cubeide/plugins/com.st.stm32cube.ide.mcu.externaltools.gnu-tools-for-stm32.10.3-2021.10.win32_1.0.0.202111181127/tools/bin/../lib/gcc/arm-none-eabi/10.3.1/../../../../arm-none-eabi/lib/thumb/v7-m/nofp/crt0.o (exit)
c:/st/stm32cubeide_1.9.0/stm32cubeide/plugins/com.st.stm32cube.ide.mcu.externaltools.gnu-tools-for-stm32.10.3-2021.10.win32_1.0.0.202111181127/tools/bin/../lib/gcc/arm-none-eabi/10.3.1/../../../../arm-none-eabi/lib/thumb/v7-m/nofp\libc_nano.a(lib_a-impure.o)
                              c:/st/stm32cubeide_1.9.0/stm32cubeide/plugins/com.st.stm32cube.ide.mcu.externaltools.gnu-tools-for-stm32.10.3-2021.10.win32_1.0.0.202111181127/tools/bin/../lib/gcc/arm-none-eabi/10.3.1/../../../../arm-none-eabi/lib/thumb/v7-m/nofp\libc_nano.a(lib_a-exit.o) (_global_impure_ptr)
c:/st/stm32cubeide_1.9.0/stm32cubeide/plugins/com.st.stm32cube.ide.mcu.externaltools.gnu-tools-for-stm32.10.3-2021.10.win32_1.0.0.202111181127/tools/bin/../lib/gcc/arm-none-eabi/10.3.1/../../../../arm-none-eabi/lib/thumb/v7-m/nofp\libc_nano.a(lib_a-init.o)
                              c:/st/stm32cubeide_1.9.0/stm32cubeide/plugins/com.st.stm32cube.ide.mcu.externaltools.gnu-tools-for-stm32.10.3-2021.10.win32_1.0.0.202111181127/tools/bin/../lib/gcc/arm-none-eabi/10.3.1/../../../../arm-none-eabi/lib/thumb/v7-m/nofp/crt0.o (__libc_init_array)
c:/st/stm32cubeide_1.9.0/stm32cubeide/plugins/com.st.stm32cube.ide.mcu.externaltools.gnu-tools-for-stm32.10.3-2021.10.win32_1.0.0.202111181127/tools/bin/../lib/gcc/arm-none-eabi/10.3.1/../../../../arm-none-eabi/lib/thumb/v7-m/nofp\libc_nano.a(lib_a-memset.o)
                              c:/st/stm32cubeide_1.9.0/stm32cubeide/plugins/com.st.stm32cube.ide.mcu.externaltools.gnu-tools-for-stm32.10.3-2021.10.win32_1.0.0.202111181127/tools/bin/../lib/gcc/arm-none-eabi/10.3.1/../../../../arm-none-eabi/lib/thumb/v7-m/nofp/crt0.o (memset)
c:/st/stm32cubeide_1.9.0/stm32cubeide/plugins/com.st.stm32cube.ide.mcu.externaltools.gnu-tools-for-stm32.10.3-2021.10.win32_1.0.0.202111181127/tools/bin/../lib/gcc/arm-none-eabi/10.3.1/../../../../arm-none-eabi/lib/thumb/v7-m/nofp\libc_nano.a(lib_a-sprintf.o)
                              ./Core/Src/kirby.o (sprintf)
c:/st/stm32cubeide_1.9.0/stm32cubeide/plugins/com.st.stm32cube.ide.mcu.externaltools.gnu-tools-for-stm32.10.3-2021.10.win32_1.0.0.202111181127/tools/bin/../lib/gcc/arm-none-eabi/10.3.1/../../../../arm-none-eabi/lib/thumb/v7-m/nofp\libc_nano.a(lib_a-strcpy.o)
                              ./Core/Src/kirby.o (strcpy)
c:/st/stm32cubeide_1.9.0/stm32cubeide/plugins/com.st.stm32cube.ide.mcu.externaltools.gnu-tools-for-stm32.10.3-2021.10.win32_1.0.0.202111181127/tools/bin/../lib/gcc/arm-none-eabi/10.3.1/../../../../arm-none-eabi/lib/thumb/v7-m/nofp\libc_nano.a(lib_a-nano-svfprintf.o)
                              c:/st/stm32cubeide_1.9.0/stm32cubeide/plugins/com.st.stm32cube.ide.mcu.externaltools.gnu-tools-for-stm32.10.3-2021.10.win32_1.0.0.202111181127/tools/bin/../lib/gcc/arm-none-eabi/10.3.1/../../../../arm-none-eabi/lib/thumb/v7-m/nofp\libc_nano.a(lib_a-sprintf.o) (_svfprintf_r)
c:/st/stm32cubeide_1.9.0/stm32cubeide/plugins/com.st.stm32cube.ide.mcu.externaltools.gnu-tools-for-stm32.10.3-2021.10.win32_1.0.0.202111181127/tools/bin/../lib/gcc/arm-none-eabi/10.3.1/../../../../arm-none-eabi/lib/thumb/v7-m/nofp\libc_nano.a(lib_a-nano-vfprintf_i.o)
                              c:/st/stm32cubeide_1.9.0/stm32cubeide/plugins/com.st.stm32cube.ide.mcu.externaltools.gnu-tools-for-stm32.10.3-2021.10.win32_1.0.0.202111181127/tools/bin/../lib/gcc/arm-none-eabi/10.3.1/../../../../arm-none-eabi/lib/thumb/v7-m/nofp\libc_nano.a(lib_a-nano-svfprintf.o) (_printf_i)
c:/st/stm32cubeide_1.9.0/stm32cubeide/plugins/com.st.stm32cube.ide.mcu.externaltools.gnu-tools-for-stm32.10.3-2021.10.win32_1.0.0.202111181127/tools/bin/../lib/gcc/arm-none-eabi/10.3.1/../../../../arm-none-eabi/lib/thumb/v7-m/nofp\libc_nano.a(lib_a-memchr-stub.o)
                              c:/st/stm32cubeide_1.9.0/stm32cubeide/plugins/com.st.stm32cube.ide.mcu.externaltools.gnu-tools-for-stm32.10.3-2021.10.win32_1.0.0.202111181127/tools/bin/../lib/gcc/arm-none-eabi/10.3.1/../../../../arm-none-eabi/lib/thumb/v7-m/nofp\libc_nano.a(lib_a-nano-svfprintf.o) (memchr)
[...]
Memory Configuration

Name             Origin             Length             Attributes
RAM              0x0000000020000000 0x0000000000010000 xrw
FLASH            0x0000000008000000 0x0000000000080000 xr
*default*        0x0000000000000000 0xffffffffffffffff

Linker script and memory map

LOAD c:/st/stm32cubeide_1.9.0/stm32cubeide/plugins/com.st.stm32cube.ide.mcu.externaltools.gnu-tools-for-stm32.10.3-2021.10.win32_1.0.0.202111181127/tools/bin/../lib/gcc/arm-none-eabi/10.3.1/thumb/v7-m/nofp/crti.o
LOAD c:/st/stm32cubeide_1.9.0/stm32cubeide/plugins/com.st.stm32cube.ide.mcu.externaltools.gnu-tools-for-stm32.10.3-2021.10.win32_1.0.0.202111181127/tools/bin/../lib/gcc/arm-none-eabi/10.3.1/thumb/v7-m/nofp/crtbegin.o
LOAD c:/st/stm32cubeide_1.9.0/stm32cubeide/plugins/com.st.stm32cube.ide.mcu.externaltools.gnu-tools-for-stm32.10.3-2021.10.win32_1.0.0.202111181127/tools/bin/../lib/gcc/arm-none-eabi/10.3.1/../../../../arm-none-eabi/lib/thumb/v7-m/nofp/crt0.o
LOAD ./Core/Src/images.o
LOAD ./Core/Src/kirby.o
LOAD ./Core/Src/lcd.o
LOAD ./Core/Src/main.o
LOAD ./Core/Src/stm32f1xx_hal_msp.o
LOAD ./Core/Src/stm32f1xx_it.o
LOAD ./Core/Src/syscalls.o
LOAD ./Core/Src/sysmem.o
LOAD ./Core/Src/system_stm32f1xx.o
LOAD ./Core/Startup/startup_stm32f103vetx.o
LOAD ./Drivers/STM32F1xx_HAL_Driver/Src/stm32f1xx_hal.o
LOAD ./Drivers/STM32F1xx_HAL_Driver/Src/stm32f1xx_hal_cortex.o
LOAD ./Drivers/STM32F1xx_HAL_Driver/Src/stm32f1xx_hal_dma.o
LOAD ./Drivers/STM32F1xx_HAL_Driver/Src/stm32f1xx_hal_exti.o
LOAD ./Drivers/STM32F1xx_HAL_Driver/Src/stm32f1xx_hal_flash.o
LOAD ./Drivers/STM32F1xx_HAL_Driver/Src/stm32f1xx_hal_flash_ex.o
LOAD ./Drivers/STM32F1xx_HAL_Driver/Src/stm32f1xx_hal_gpio.o
LOAD ./Drivers/STM32F1xx_HAL_Driver/Src/stm32f1xx_hal_gpio_ex.o
LOAD ./Drivers/STM32F1xx_HAL_Driver/Src/stm32f1xx_hal_pwr.o
LOAD ./Drivers/STM32F1xx_HAL_Driver/Src/stm32f1xx_hal_rcc.o
LOAD ./Drivers/STM32F1xx_HAL_Driver/Src/stm32f1xx_hal_rcc_ex.o
LOAD ./Drivers/STM32F1xx_HAL_Driver/Src/stm32f1xx_hal_sram.o
LOAD ./Drivers/STM32F1xx_HAL_Driver/Src/stm32f1xx_hal_tim.o
LOAD ./Drivers/STM32F1xx_HAL_Driver/Src/stm32f1xx_hal_tim_ex.o
LOAD ./Drivers/STM32F1xx_HAL_Driver/Src/stm32f1xx_ll_fsmc.o
START GROUP
LOAD c:/st/stm32cubeide_1.9.0/stm32cubeide/plugins/com.st.stm32cube.ide.mcu.externaltools.gnu-tools-for-stm32.10.3-2021.10.win32_1.0.0.202111181127/tools/bin/../lib/gcc/arm-none-eabi/10.3.1/../../../../arm-none-eabi/lib/thumb/v7-m/nofp\libc_nano.a
LOAD c:/st/stm32cubeide_1.9.0/stm32cubeide/plugins/com.st.stm32cube.ide.mcu.externaltools.gnu-tools-for-stm32.10.3-2021.10.win32_1.0.0.202111181127/tools/bin/../lib/gcc/arm-none-eabi/10.3.1/../../../../arm-none-eabi/lib/thumb/v7-m/nofp\libm.a
END GROUP
START GROUP
LOAD c:/st/stm32cubeide_1.9.0/stm32cubeide/plugins/com.st.stm32cube.ide.mcu.externaltools.gnu-tools-for-stm32.10.3-2021.10.win32_1.0.0.202111181127/tools/bin/../lib/gcc/arm-none-eabi/10.3.1/thumb/v7-m/nofp\libgcc.a
LOAD c:/st/stm32cubeide_1.9.0/stm32cubeide/plugins/com.st.stm32cube.ide.mcu.externaltools.gnu-tools-for-stm32.10.3-2021.10.win32_1.0.0.202111181127/tools/bin/../lib/gcc/arm-none-eabi/10.3.1/../../../../arm-none-eabi/lib/thumb/v7-m/nofp\libc_nano.a
END GROUP
START GROUP
LOAD c:/st/stm32cubeide_1.9.0/stm32cubeide/plugins/com.st.stm32cube.ide.mcu.externaltools.gnu-tools-for-stm32.10.3-2021.10.win32_1.0.0.202111181127/tools/bin/../lib/gcc/arm-none-eabi/10.3.1/thumb/v7-m/nofp\libgcc.a
LOAD c:/st/stm32cubeide_1.9.0/stm32cubeide/plugins/com.st.stm32cube.ide.mcu.externaltools.gnu-tools-for-stm32.10.3-2021.10.win32_1.0.0.202111181127/tools/bin/../lib/gcc/arm-none-eabi/10.3.1/../../../../arm-none-eabi/lib/thumb/v7-m/nofp\libc_nano.a
LOAD c:/st/stm32cubeide_1.9.0/stm32cubeide/plugins/com.st.stm32cube.ide.mcu.externaltools.gnu-tools-for-stm32.10.3-2021.10.win32_1.0.0.202111181127/tools/bin/../lib/gcc/arm-none-eabi/10.3.1/../../../../arm-none-eabi/lib/thumb/v7-m/nofp\libnosys.a
END GROUP
START GROUP
LOAD c:/st/stm32cubeide_1.9.0/stm32cubeide/plugins/com.st.stm32cube.ide.mcu.externaltools.gnu-tools-for-stm32.10.3-2021.10.win32_1.0.0.202111181127/tools/bin/../lib/gcc/arm-none-eabi/10.3.1/thumb/v7-m/nofp\libgcc.a
LOAD c:/st/stm32cubeide_1.9.0/stm32cubeide/plugins/com.st.stm32cube.ide.mcu.externaltools.gnu-tools-for-stm32.10.3-2021.10.win32_1.0.0.202111181127/tools/bin/../lib/gcc/arm-none-eabi/10.3.1/../../../../arm-none-eabi/lib/thumb/v7-m/nofp\libc_nano.a
LOAD c:/st/stm32cubeide_1.9.0/stm32cubeide/plugins/com.st.stm32cube.ide.mcu.externaltools.gnu-tools-for-stm32.10.3-2021.10.win32_1.0.0.202111181127/tools/bin/../lib/gcc/arm-none-eabi/10.3.1/../../../../arm-none-eabi/lib/thumb/v7-m/nofp\libnosys.a
END GROUP
LOAD c:/st/stm32cubeide_1.9.0/stm32cubeide/plugins/com.st.stm32cube.ide.mcu.externaltools.gnu-tools-for-stm32.10.3-2021.10.win32_1.0.0.202111181127/tools/bin/../lib/gcc/arm-none-eabi/10.3.1/thumb/v7-m/nofp/crtend.o
LOAD c:/st/stm32cubeide_1.9.0/stm32cubeide/plugins/com.st.stm32cube.ide.mcu.externaltools.gnu-tools-for-stm32.10.3-2021.10.win32_1.0.0.202111181127/tools/bin/../lib/gcc/arm-none-eabi/10.3.1/thumb/v7-m/nofp/crtn.o
                0x0000000020010000                _estack = (ORIGIN (RAM) + LENGTH (RAM))
                0x0000000000000200                _Min_Heap_Size = 0x200
                0x0000000000000400                _Min_Stack_Size = 0x400

.isr_vector     0x0000000008000000      0x1e4
                0x0000000008000000                . = ALIGN (0x4)
 *(.isr_vector)
 .isr_vector    0x0000000008000000      0x1e4 ./Core/Startup/startup_stm32f103vetx.o
                0x0000000008000000                g_pfnVectors
                0x00000000080001e4                . = ALIGN (0x4)

.text           0x00000000080001e4     0x276c
                0x00000000080001e4                . = ALIGN (0x4)
 *(.text)
 .text          0x00000000080001e4       0x40 c:/st/stm32cubeide_1.9.0/stm32cubeide/plugins/com.st.stm32cube.ide.mcu.externaltools.gnu-tools-for-stm32.10.3-2021.10.win32_1.0.0.202111181127/tools/bin/../lib/gcc/arm-none-eabi/10.3.1/thumb/v7-m/nofp/crtbegin.o
 *(.text*)
 .text.Kirby_movePlatform
                0x0000000008000224       0xdc ./Core/Src/kirby.o
                0x0000000008000224                Kirby_movePlatform
 .text.Kirby_redrawColumnLeft
                0x0000000008000300       0x40 ./Core/Src/kirby.o
                0x0000000008000300                Kirby_redrawColumnLeft
 .text.Kirby_redrawColumnRight
                0x0000000008000340       0x44 ./Core/Src/kirby.o
                0x0000000008000340                Kirby_redrawColumnRight
 .text.Kirby_redrawRowUp
                0x0000000008000384       0x40 ./Core/Src/kirby.o
                0x0000000008000384                Kirby_redrawRowUp
 .text.Kirby_redrawRowDown
                0x00000000080003c4       0x44 ./Core/Src/kirby.o
                0x00000000080003c4                Kirby_redrawRowDown
 .text.Kirby_eraseSprite
                0x0000000008000408       0x4c ./Core/Src/kirby.o
                0x0000000008000408                Kirby_eraseSprite
 .text.Kirby_displayKirbyFacingRight
                0x0000000008000454       0x98 ./Core/Src/kirby.o
                0x0000000008000454                Kirby_displayKirbyFacingRight
 .text.Kirby_displayKirbyFacingLeft
                0x00000000080004ec       0x9c ./Core/Src/kirby.o
                0x00000000080004ec                Kirby_displayKirbyFacingLeft
 .text.Kirby_isFalling
                0x0000000008000588       0x12 ./Core/Src/kirby.o
                0x0000000008000588                Kirby_isFalling
 *fill*         0x000000000800059a        0x2 
 .text.Kirby_updateState
                0x000000000800059c       0xf8 ./Core/Src/kirby.o
                0x000000000800059c                Kirby_updateState
 .text.Kirby_moveX
                0x0000000008000694       0x62 ./Core/Src/kirby.o
                0x0000000008000694                Kirby_moveX
 .text.Kirby_moveY
                0x00000000080006f6       0x32 ./Core/Src/kirby.o
                0x00000000080006f6                Kirby_moveY
 .text.Kirby_renderSprite
                0x0000000008000728      0x3f0 ./Core/Src/kirby.o
                0x0000000008000728                Kirby_renderSprite
 .text.Delay    0x0000000008000b18       0x14 ./Core/Src/lcd.o
                0x0000000008000b18                Delay
 .text.LCD_Rst  0x0000000008000b2c       0x34 ./Core/Src/lcd.o
                0x0000000008000b2c                LCD_Rst
 .text.LCD_Write_Cmd
                0x0000000008000b60        0x8 ./Core/Src/lcd.o
                0x0000000008000b60                LCD_Write_Cmd
 .text.LCD_Write_Data
                0x0000000008000b68        0xc ./Core/Src/lcd.o
                0x0000000008000b68                LCD_Write_Data
 .text.LCD_REG_Config
                0x0000000008000b74      0x190 ./Core/Src/lcd.o
                0x0000000008000b74                LCD_REG_Config
 .text.LCD_OpenWindow
                0x0000000008000d04       0x4c ./Core/Src/lcd.o
                0x0000000008000d04                LCD_OpenWindow
 .text.LCD_FillColor
                0x0000000008000d50       0x1c ./Core/Src/lcd.o
                0x0000000008000d50                LCD_FillColor
 .text.LCD_Clear
                0x0000000008000d6c       0x1c ./Core/Src/lcd.o
                0x0000000008000d6c                LCD_Clear
 .text.LCD_INIT
                0x0000000008000d88       0x34 ./Core/Src/lcd.o
                0x0000000008000d88                LCD_INIT
 .text.LCD_DrawChar
                0x0000000008000dbc       0x58 ./Core/Src/lcd.o
                0x0000000008000dbc                LCD_DrawChar
 .text.LCD_DrawString
                0x0000000008000e14       0x32 ./Core/Src/lcd.o
                0x0000000008000e14                LCD_DrawString
 *fill*         0x0000000008000e46        0x2 
 .text.LCD_DrawDot
                0x0000000008000e48       0x34 ./Core/Src/lcd.o
                0x0000000008000e48                LCD_DrawDot
 .text.XferCpltCallback
                0x0000000008000e7c        0x4 ./Core/Src/main.o
                0x0000000008000e7c                XferCpltCallback
 .text.SystemClock_Config
                0x0000000008000e80       0x5e ./Core/Src/main.o
                0x0000000008000e80                SystemClock_Config
 *fill*         0x0000000008000ede        0x2 
 .text.startup.main
                0x0000000008000ee0      0x29c ./Core/Src/main.o
                0x0000000008000ee0                main
 .text.HAL_MspInit
                0x000000000800117c       0x44 ./Core/Src/stm32f1xx_hal_msp.o
                0x000000000800117c                HAL_MspInit
 .text.HAL_SRAM_MspInit
                0x00000000080011c0       0x64 ./Core/Src/stm32f1xx_hal_msp.o
                0x00000000080011c0                HAL_SRAM_MspInit
 .text.NMI_Handler
                0x0000000008001224        0x2 ./Core/Src/stm32f1xx_it.o
                0x0000000008001224                NMI_Handler
 .text.HardFault_Handler
                0x0000000008001226        0x2 ./Core/Src/stm32f1xx_it.o
                0x0000000008001226                HardFault_Handler
 .text.MemManage_Handler
                0x0000000008001228        0x2 ./Core/Src/stm32f1xx_it.o
                0x0000000008001228                MemManage_Handler
 .text.BusFault_Handler
                0x000000000800122a        0x2 ./Core/Src/stm32f1xx_it.o
                0x000000000800122a                BusFault_Handler
 .text.UsageFault_Handler
                0x000000000800122c        0x2 ./Core/Src/stm32f1xx_it.o
                0x000000000800122c                UsageFault_Handler
 .text.SVC_Handler
                0x000000000800122e        0x2 ./Core/Src/stm32f1xx_it.o
                0x000000000800122e                SVC_Handler
 .text.DebugMon_Handler
                0x0000000008001230        0x2 ./Core/Src/stm32f1xx_it.o
                0x0000000008001230                DebugMon_Handler
 .text.PendSV_Handler
                0x0000000008001232        0x2 ./Core/Src/stm32f1xx_it.o
                0x0000000008001232                PendSV_Handler
 .text.SysTick_Handler
                0x0000000008001234        0x4 ./Core/Src/stm32f1xx_it.o
                0x0000000008001234                SysTick_Handler
 .text.DMA1_Channel1_IRQHandler
                0x0000000008001238        0xc ./Core/Src/stm32f1xx_it.o
                0x0000000008001238                DMA1_Channel1_IRQHandler
 .text._sbrk    0x0000000008001244       0x40 ./Core/Src/sysmem.o
                0x0000000008001244                _sbrk
 .text.SystemInit
                0x0000000008001284        0x2 ./Core/Src/system_stm32f1xx.o
                0x0000000008001284                SystemInit
 *fill*         0x0000000008001286        0x2 
 .text.Reset_Handler
                0x0000000008001288       0x48 ./Core/Startup/startup_stm32f103vetx.o
                0x0000000008001288                Reset_Handler
 .text.Default_Handler
                0x00000000080012d0        0x2 ./Core/Startup/startup_stm32f103vetx.o
                0x00000000080012d0                RTC_Alarm_IRQHandler
                0x00000000080012d0                EXTI2_IRQHandler
                0x00000000080012d0                TIM8_TRG_COM_IRQHandler
                0x00000000080012d0                TIM8_CC_IRQHandler
                0x00000000080012d0                TIM1_CC_IRQHandler
                0x00000000080012d0                TIM6_IRQHandler
                0x00000000080012d0                PVD_IRQHandler
                0x00000000080012d0                SDIO_IRQHandler
                0x00000000080012d0                EXTI3_IRQHandler
                0x00000000080012d0                EXTI0_IRQHandler
                0x00000000080012d0                I2C2_EV_IRQHandler
                0x00000000080012d0                ADC1_2_IRQHandler
                0x00000000080012d0                SPI1_IRQHandler
                0x00000000080012d0                TAMPER_IRQHandler
                0x00000000080012d0                TIM8_UP_IRQHandler
                0x00000000080012d0                DMA2_Channel2_IRQHandler
                0x00000000080012d0                DMA1_Channel4_IRQHandler
                0x00000000080012d0                USART3_IRQHandler
                0x00000000080012d0                RTC_IRQHandler
                0x00000000080012d0                DMA1_Channel7_IRQHandler
                0x00000000080012d0                CAN1_RX1_IRQHandler
                0x00000000080012d0                UART5_IRQHandler
                0x00000000080012d0                ADC3_IRQHandler
                0x00000000080012d0                TIM4_IRQHandler
                0x00000000080012d0                DMA2_Channel1_IRQHandler
                0x00000000080012d0                I2C1_EV_IRQHandler
                0x00000000080012d0                DMA1_Channel6_IRQHandler
                0x00000000080012d0                UART4_IRQHandler
                0x00000000080012d0                TIM3_IRQHandler
                0x00000000080012d0                RCC_IRQHandler
                0x00000000080012d0                TIM1_TRG_COM_IRQHandler
                0x00000000080012d0                Default_Handler
                0x00000000080012d0                EXTI15_10_IRQHandler
                0x00000000080012d0                TIM7_IRQHandler
                0x00000000080012d0                TIM5_IRQHandler
                0x00000000080012d0                EXTI9_5_IRQHandler
                0x00000000080012d0                SPI2_IRQHandler
                0x00000000080012d0                DMA1_Channel5_IRQHandler
                0x00000000080012d0                EXTI4_IRQHandler
                0x00000000080012d0                USB_LP_CAN1_RX0_IRQHandler
                0x00000000080012d0                USB_HP_CAN1_TX_IRQHandler
                0x00000000080012d0                DMA1_Channel3_IRQHandler
                0x00000000080012d0                FSMC_IRQHandler
                0x00000000080012d0                TIM1_UP_IRQHandler
                0x00000000080012d0                WWDG_IRQHandler
                0x00000000080012d0                TIM2_IRQHandler
                0x00000000080012d0                TIM1_BRK_IRQHandler
                0x00000000080012d0                EXTI1_IRQHandler
                0x00000000080012d0                DMA2_Channel4_5_IRQHandler
                0x00000000080012d0                USART2_IRQHandler
                0x00000000080012d0                I2C2_ER_IRQHandler
                0x00000000080012d0                DMA1_Channel2_IRQHandler
                0x00000000080012d0                TIM8_BRK_IRQHandler
                0x00000000080012d0                CAN1_SCE_IRQHandler
                0x00000000080012d0                FLASH_IRQHandler
                0x00000000080012d0                USART1_IRQHandler
                0x00000000080012d0                SPI3_IRQHandler
                0x00000000080012d0                I2C1_ER_IRQHandler
                0x00000000080012d0                USBWakeUp_IRQHandler
                0x00000000080012d0                DMA2_Channel3_IRQHandler
 *fill*         0x00000000080012d2        0x2 
 .text.HAL_InitTick
                0x00000000080012d4       0x48 ./Drivers/STM32F1xx_HAL_Driver/Src/stm32f1xx_hal.o
                0x00000000080012d4                HAL_InitTick
 .text.HAL_Init
                0x000000000800131c       0x24 ./Drivers/STM32F1xx_HAL_Driver/Src/stm32f1xx_hal.o
                0x000000000800131c                HAL_Init
 .text.HAL_IncTick
                0x0000000008001340       0x18 ./Drivers/STM32F1xx_HAL_Driver/Src/stm32f1xx_hal.o
                0x0000000008001340                HAL_IncTick
 .text.HAL_GetTick
                0x0000000008001358        0xc ./Drivers/STM32F1xx_HAL_Driver/Src/stm32f1xx_hal.o
                0x0000000008001358                HAL_GetTick
 .text.HAL_Delay
                0x0000000008001364       0x24 ./Drivers/STM32F1xx_HAL_Driver/Src/stm32f1xx_hal.o
                0x0000000008001364                HAL_Delay
 .text.HAL_NVIC_SetPriorityGrouping
                0x0000000008001388       0x24 ./Drivers/STM32F1xx_HAL_Driver/Src/stm32f1xx_hal_cortex.o
                0x0000000008001388                HAL_NVIC_SetPriorityGrouping
 .text.HAL_NVIC_SetPriority
                0x00000000080013ac       0x64 ./Drivers/STM32F1xx_HAL_Driver/Src/stm32f1xx_hal_cortex.o
                0x00000000080013ac                HAL_NVIC_SetPriority
 .text.HAL_NVIC_EnableIRQ
                0x0000000008001410       0x1c ./Drivers/STM32F1xx_HAL_Driver/Src/stm32f1xx_hal_cortex.o
                0x0000000008001410                HAL_NVIC_EnableIRQ
 .text.HAL_SYSTICK_Config
                0x000000000800142c       0x28 ./Drivers/STM32F1xx_HAL_Driver/Src/stm32f1xx_hal_cortex.o
                0x000000000800142c                HAL_SYSTICK_Config
 .text.HAL_DMA_Init
                0x0000000008001454       0x7c ./Drivers/STM32F1xx_HAL_Driver/Src/stm32f1xx_hal_dma.o
                0x0000000008001454                HAL_DMA_Init
 .text.HAL_DMA_Start_IT
                0x00000000080014d0       0x78 ./Drivers/STM32F1xx_HAL_Driver/Src/stm32f1xx_hal_dma.o
                0x00000000080014d0                HAL_DMA_Start_IT
 .text.HAL_DMA_IRQHandler
                0x0000000008001548      0x27c ./Drivers/STM32F1xx_HAL_Driver/Src/stm32f1xx_hal_dma.o
                0x0000000008001548                HAL_DMA_IRQHandler
 .text.HAL_GPIO_Init
                0x00000000080017c4      0x1d0 ./Drivers/STM32F1xx_HAL_Driver/Src/stm32f1xx_hal_gpio.o
                0x00000000080017c4                HAL_GPIO_Init
 .text.HAL_GPIO_ReadPin
                0x0000000008001994        0xc ./Drivers/STM32F1xx_HAL_Driver/Src/stm32f1xx_hal_gpio.o
                0x0000000008001994                HAL_GPIO_ReadPin
 .text.HAL_GPIO_WritePin
                0x00000000080019a0        0xa ./Drivers/STM32F1xx_HAL_Driver/Src/stm32f1xx_hal_gpio.o
                0x00000000080019a0                HAL_GPIO_WritePin
 *fill*         0x00000000080019aa        0x2 
 .text.HAL_RCC_OscConfig
                0x00000000080019ac      0x338 ./Drivers/STM32F1xx_HAL_Driver/Src/stm32f1xx_hal_rcc.o
                0x00000000080019ac                HAL_RCC_OscConfig
 .text.HAL_RCC_GetSysClockFreq
                0x0000000008001ce4       0x74 ./Drivers/STM32F1xx_HAL_Driver/Src/stm32f1xx_hal_rcc.o
                0x0000000008001ce4                HAL_RCC_GetSysClockFreq
 .text.HAL_RCC_ClockConfig
                0x0000000008001d58      0x138 ./Drivers/STM32F1xx_HAL_Driver/Src/stm32f1xx_hal_rcc.o
                0x0000000008001d58                HAL_RCC_ClockConfig
 .text.HAL_SRAM_Init
                0x0000000008001e90       0x62 ./Drivers/STM32F1xx_HAL_Driver/Src/stm32f1xx_hal_sram.o
                0x0000000008001e90                HAL_SRAM_Init
 *fill*         0x0000000008001ef2        0x2 
 .text.FSMC_NORSRAM_Init
                0x0000000008001ef4       0x64 ./Drivers/STM32F1xx_HAL_Driver/Src/stm32f1xx_ll_fsmc.o
                0x0000000008001ef4                FSMC_NORSRAM_Init
 .text.FSMC_NORSRAM_Timing_Init
                0x0000000008001f58       0x3c ./Drivers/STM32F1xx_HAL_Driver/Src/stm32f1xx_ll_fsmc.o
                0x0000000008001f58                FSMC_NORSRAM_Timing_Init
 .text.FSMC_NORSRAM_Extended_Timing_Init
                0x0000000008001f94       0x3c ./Drivers/STM32F1xx_HAL_Driver/Src/stm32f1xx_ll_fsmc.o
                0x0000000008001f94                FSMC_NORSRAM_Extended_Timing_Init
 .text.__errno  0x0000000008001fd0        0xc c:/st/stm32cubeide_1.9.0/stm32cubeide/plugins/com.st.stm32cube.ide.mcu.externaltools.gnu-tools-for-stm32.10.3-2021.10.win32_1.0.0.202111181127/tools/bin/../lib/gcc/arm-none-eabi/10.3.1/../../../../arm-none-eabi/lib/thumb/v7-m/nofp\libc_nano.a(lib_a-errno.o)
                0x0000000008001fd0                __errno
 .text.__libc_init_array
                0x0000000008001fdc       0x48 c:/st/stm32cubeide_1.9.0/stm32cubeide/plugins/com.st.stm32cube.ide.mcu.externaltools.gnu-tools-for-stm32.10.3-2021.10.win32_1.0.0.202111181127/tools/bin/../lib/gcc/arm-none-eabi/10.3.1/../../../../arm-none-eabi/lib/thumb/v7-m/nofp\libc_nano.a(lib_a-init.o)
                0x0000000008001fdc                __libc_init_array
 .text.memset   0x0000000008002024       0x10 c:/st/stm32cubeide_1.9.0/stm32cubeide/plugins/com.st.stm32cube.ide.mcu.externaltools.gnu-tools-for-stm32.10.3-2021.10.win32_1.0.0.202111181127/tools/bin/../lib/gcc/arm-none-eabi/10.3.1/../../../../arm-none-eabi/lib/thumb/v7-m/nofp\libc_nano.a(lib_a-memset.o)
                0x0000000008002024                memset
 .text.sprintf  0x0000000008002034       0x40 c:/st/stm32cubeide_1.9.0/stm32cubeide/plugins/com.st.stm32cube.ide.mcu.externaltools.gnu-tools-for-stm32.10.3-2021.10.win32_1.0.0.202111181127/tools/bin/../lib/gcc/arm-none-eabi/10.3.1/../../../../arm-none-eabi/lib/thumb/v7-m/nofp\libc_nano.a(lib_a-sprintf.o)
                0x0000000008002034                siprintf
                0x0000000008002034                sprintf
 .text.strcpy   0x0000000008002074       0x10 c:/st/stm32cubeide_1.9.0/stm32cubeide/plugins/com.st.stm32cube.ide.mcu.externaltools.gnu-tools-for-stm32.10.3-2021.10.win32_1.0.0.202111181127/tools/bin/../lib/gcc/arm-none-eabi/10.3.1/../../../../arm-none-eabi/lib/thumb/v7-m/nofp\libc_nano.a(lib_a-strcpy.o)
                0x0000000008002074                strcpy
 .text.__ssputs_r
                0x0000000008002084       0xb6 c:/st/stm32cubeide_1.9.0/stm32cubeide/plugins/com.st.stm32cube.ide.mcu.externaltools.gnu-tools-for-stm32.10.3-2021.10.win32_1.0.0.202111181127/tools/bin/../lib/gcc/arm-none-eabi/10.3.1/../../../../arm-none-eabi/lib/thumb/v7-m/nofp\libc_nano.a(lib_a-nano-svfprintf.o)
                0x0000000008002084                __ssputs_r
 *fill*         0x000000000800213a        0x2 
 .text._svfprintf_r
                0x000000000800213c      0x200 c:/st/stm32cubeide_1.9.0/stm32cubeide/plugins/com.st.stm32cube.ide.mcu.externaltools.gnu-tools-for-stm32.10.3-2021.10.win32_1.0.0.202111181127/tools/bin/../lib/gcc/arm-none-eabi/10.3.1/../../../../arm-none-eabi/lib/thumb/v7-m/nofp\libc_nano.a(lib_a-nano-svfprintf.o)
                0x000000000800213c                _svfiprintf_r
                0x000000000800213c                _svfprintf_r
 .text._printf_common
                0x000000000800233c       0xde c:/st/stm32cubeide_1.9.0/stm32cubeide/plugins/com.st.stm32cube.ide.mcu.externaltools.gnu-tools-for-stm32.10.3-2021.10.win32_1.0.0.202111181127/tools/bin/../lib/gcc/arm-none-eabi/10.3.1/../../../../arm-none-eabi/lib/thumb/v7-m/nofp\libc_nano.a(lib_a-nano-vfprintf_i.o)
                0x000000000800233c                _printf_common
 *fill*         0x000000000800241a        0x2 
 .text._printf_i
                0x000000000800241c      0x24c c:/st/stm32cubeide_1.9.0/stm32cubeide/plugins/com.st.stm32cube.ide.mcu.externaltools.gnu-tools-for-stm32.10.3-2021.10.win32_1.0.0.202111181127/tools/bin/../lib/gcc/arm-none-eabi/10.3.1/../../../../arm-none-eabi/lib/thumb/v7-m/nofp\libc_nano.a(lib_a-nano-vfprintf_i.o)
                0x000000000800241c                _printf_i
 .text.memchr   0x0000000008002668       0x1c c:/st/stm32cubeide_1.9.0/stm32cubeide/plugins/com.st.stm32cube.ide.mcu.externaltools.gnu-tools-for-stm32.10.3-2021.10.win32_1.0.0.202111181127/tools/bin/../lib/gcc/arm-none-eabi/10.3.1/../../../../arm-none-eabi/lib/thumb/v7-m/nofp\libc_nano.a(lib_a-memchr-stub.o)
                0x0000000008002668                memchr
 .text.memcpy   0x0000000008002684       0x1c c:/st/stm32cubeide_1.9.0/stm32cubeide/plugins/com.st.stm32cube.ide.mcu.externaltools.gnu-tools-for-stm32.10.3-2021.10.win32_1.0.0.202111181127/tools/bin/../lib/gcc/arm-none-eabi/10.3.1/../../../../arm-none-eabi/lib/thumb/v7-m/nofp\libc_nano.a(lib_a-memcpy-stub.o)
                0x0000000008002684                memcpy
 .text.memmove  0x00000000080026a0       0x34 c:/st/stm32cubeide_1.9.0/stm32cubeide/plugins/com.st.stm32cube.ide.mcu.externaltools.gnu-tools-for-stm32.10.3-2021.10.win32_1.0.0.202111181127/tools/bin/../lib/gcc/arm-none-eabi/10.3.1/../../../../arm-none-eabi/lib/thumb/v7-m/nofp\libc_nano.a(lib_a-memmove.o)
                0x00000000080026a0                memmove
 .text._free_r  0x00000000080026d4       0x90 c:/st/stm32cubeide_1.9.0/stm32cubeide/plugins/com.st.stm32cube.ide.mcu.externaltools.gnu-tools-for-stm32.10.3-2021.10.win32_1.0.0.202111181127/tools/bin/../lib/gcc/arm-none-eabi/10.3.1/../../../../arm-none-eabi/lib/thumb/v7-m/nofp\libc_nano.a(lib_a-nano-freer.o)
                0x00000000080026d4                _free_r
 .text.sbrk_aligned
                0x0000000008002764       0x40 c:/st/stm32cubeide_1.9.0/stm32cubeide/plugins/com.st.stm32cube.ide.mcu.externaltools.gnu-tools-for-stm32.10.3-2021.10.win32_1.0.0.202111181127/tools/bin/../lib/gcc/arm-none-eabi/10.3.1/../../../../arm-none-eabi/lib/thumb/v7-m/nofp\libc_nano.a(lib_a-nano-mallocr.o)
 .text._malloc_r
                0x00000000080027a4       0xe8 c:/st/stm32cubeide_1.9.0/stm32cubeide/plugins/com.st.stm32cube.ide.mcu.externaltools.gnu-tools-for-stm32.10.3-2021.10.win32_1.0.0.202111181127/tools/bin/../lib/gcc/arm-none-eabi/10.3.1/../../../../arm-none-eabi/lib/thumb/v7-m/nofp\libc_nano.a(lib_a-nano-mallocr.o)
                0x00000000080027a4                _malloc_r
 .text._realloc_r
                0x000000000800288c       0x5e c:/st/stm32cubeide_1.9.0/stm32cubeide/plugins/com.st.stm32cube.ide.mcu.externaltools.gnu-tools-for-stm32.10.3-2021.10.win32_1.0.0.202111181127/tools/bin/../lib/gcc/arm-none-eabi/10.3.1/../../../../arm-none-eabi/lib/thumb/v7-m/nofp\libc_nano.a(lib_a-nano-reallocr.o)
                0x000000000800288c                _realloc_r
 *fill*         0x00000000080028ea        0x2 
 .text._sbrk_r  0x00000000080028ec       0x20 c:/st/stm32cubeide_1.9.0/stm32cubeide/plugins/com.st.stm32cube.ide.mcu.externaltools.gnu-tools-for-stm32.10.3-2021.10.win32_1.0.0.202111181127/tools/bin/../lib/gcc/arm-none-eabi/10.3.1/../../../../arm-none-eabi/lib/thumb/v7-m/nofp\libc_nano.a(lib_a-sbrkr.o)
                0x00000000080028ec                _sbrk_r
 .text.__malloc_lock
                0x000000000800290c        0xc c:/st/stm32cubeide_1.9.0/stm32cubeide/plugins/com.st.stm32cube.ide.mcu.externaltools.gnu-tools-for-stm32.10.3-2021.10.win32_1.0.0.202111181127/tools/bin/../lib/gcc/arm-none-eabi/10.3.1/../../../../arm-none-eabi/lib/thumb/v7-m/nofp\libc_nano.a(lib_a-mlock.o)
                0x000000000800290c                __malloc_lock
 .text.__malloc_unlock
                0x0000000008002918        0xc c:/st/stm32cubeide_1.9.0/stm32cubeide/plugins/com.st.stm32cube.ide.mcu.externaltools.gnu-tools-for-stm32.10.3-2021.10.win32_1.0.0.202111181127/tools/bin/../lib/gcc/arm-none-eabi/10.3.1/../../../../arm-none-eabi/lib/thumb/v7-m/nofp\libc_nano.a(lib_a-mlock.o)
                0x0000000008002918                __malloc_unlock
 .text._malloc_usable_size_r
                0x0000000008002924       0x10 c:/st/stm32cubeide_1.9.0/stm32cubeide/plugins/com.st.stm32cube.ide.mcu.externaltools.gnu-tools-for-stm32.10.3-2021.10.win32_1.0.0.202111181127/tools/bin/../lib/gcc/arm-none-eabi/10.3.1/../../../../arm-none-eabi/lib/thumb/v7-m/nofp\libc_nano.a(lib_a-nano-msizer.o)
                0x0000000008002924                _malloc_usable_size_r
 .text.__retarget_lock_acquire_recursive
                0x0000000008002934        0x2 c:/st/stm32cubeide_1.9.0/stm32cubeide/plugins/com.st.stm32cube.ide.mcu.externaltools.gnu-tools-for-stm32.10.3-2021.10.win32_1.0.0.202111181127/tools/bin/../lib/gcc/arm-none-eabi/10.3.1/../../../../arm-none-eabi/lib/thumb/v7-m/nofp\libc_nano.a(lib_a-lock.o)
                0x0000000008002934                __retarget_lock_acquire_recursive
 .text.__retarget_lock_release_recursive
                0x0000000008002936        0x2 c:/st/stm32cubeide_1.9.0/stm32cubeide/plugins/com.st.stm32cube.ide.mcu.externaltools.gnu-tools-for-stm32.10.3-2021.10.win32_1.0.0.202111181127/tools/bin/../lib/gcc/arm-none-eabi/10.3.1/../../../../arm-none-eabi/lib/thumb/v7-m/nofp\libc_nano.a(lib_a-lock.o)
                0x0000000008002936                __retarget_lock_release_recursive
 *(.glue_7)
 .glue_7        0x0000000008002938        0x0 linker stubs
 *(.glue_7t)
 .glue_7t       0x0000000008002938        0x0 linker stubs
 *(.eh_frame)
 .eh_frame      0x0000000008002938        0x0 c:/st/stm32cubeide_1.9.0/stm32cubeide/plugins/com.st.stm32cube.ide.mcu.externaltools.gnu-tools-for-stm32.10.3-2021.10.win32_1.0.0.202111181127/tools/bin/../lib/gcc/arm-none-eabi/10.3.1/thumb/v7-m/nofp/crtbegin.o
 *(.init)
 .init          0x0000000008002938        0x4 c:/st/stm32cubeide_1.9.0/stm32cubeide/plugins/com.st.stm32cube.ide.mcu.externaltools.gnu-tools-for-stm32.10.3-2021.10.win32_1.0.0.202111181127/tools/bin/../lib/gcc/arm-none-eabi/10.3.1/thumb/v7-m/nofp/crti.o
                0x0000000008002938                _init
 .init          0x000000000800293c        0x8 c:/st/stm32cubeide_1.9.0/stm32cubeide/plugins/com.st.stm32cube.ide.mcu.externaltools.gnu-tools-for-stm32.10.3-2021.10.win32_1.0.0.202111181127/tools/bin/../lib/gcc/arm-none-eabi/10.3.1/thumb/v7-m/nofp/crtn.o
 *(.fini)
 .fini          0x0000000008002944        0x4 c:/st/stm32cubeide_1.9.0/stm32cubeide/plugins/com.st.stm32cube.ide.mcu.externaltools.gnu-tools-for-stm32.10.3-2021.10.win32_1.0.0.202111181127/tools/bin/../lib/gcc/arm-none-eabi/10.3.1/thumb/v7-m/nofp/crti.o
                0x0000000008002944                _fini
 .fini          0x0000000008002948        0x8 c:/st/stm32cubeide_1.9.0/stm32cubeide/plugins/com.st.stm32cube.ide.mcu.externaltools.gnu-tools-for-stm32.10.3-2021.10.win32_1.0.0.202111181127/tools/bin/../lib/gcc/arm-none-eabi/10.3.1/thumb/v7-m/nofp/crtn.o
                0x0000000008002950                . = ALIGN (0x4)
                0x0000000008002950                _etext = .

.vfp11_veneer   0x0000000008002950        0x0
 .vfp11_veneer  0x0000000008002950        0x0 linker stubs

.v4_bx          0x0000000008002950        0x0
 .v4_bx         0x0000000008002950        0x0 linker stubs

.iplt           0x0000000008002950        0x0
 .iplt          0x0000000008002950        0x0 c:/st/stm32cubeide_1.9.0/stm32cubeide/plugins/com.st.stm32cube.ide.mcu.externaltools.gnu-tools-for-stm32.10.3-2021.10.win32_1.0.0.202111181127/tools/bin/../lib/gcc/arm-none-eabi/10.3.1/thumb/v7-m/nofp/crtbegin.o

.rodata         0x0000000008002950    0x5a6c4
                0x0000000008002950                . = ALIGN (0x4)
 *(.rodata)
 .rodata        0x0000000008002950       0x10 ./Core/Src/main.o
 *(.rodata*)
 .rodata.platformImg
                0x0000000008002960    0x5a024 ./Core/Src/images.o
                0x0000000008002960                platformImg
 .rodata.Kirby_updateState.str1.1
                0x000000000805c984        0xc ./Core/Src/kirby.o
 .rodata.Kirby_renderSprite.str1.1
                0x000000000805c990       0x40 ./Core/Src/kirby.o
                                         0x54 (size before relaxing)
 .rodata.ucAscii_1608
                0x000000000805c9d0      0x5f0 ./Core/Src/lcd.o
                0x000000000805c9d0                ucAscii_1608
 .rodata.AHBPrescTable
                0x000000000805cfc0       0x10 ./Core/Src/system_stm32f1xx.o
                0x000000000805cfc0                AHBPrescTable
 .rodata.HAL_RCC_GetSysClockFreq.str1.1
                0x000000000805cfd0       0x11 ./Drivers/STM32F1xx_HAL_Driver/Src/stm32f1xx_hal_rcc.o
 .rodata._svfprintf_r.str1.1
                0x000000000805cfe1       0x11 c:/st/stm32cubeide_1.9.0/stm32cubeide/plugins/com.st.stm32cube.ide.mcu.externaltools.gnu-tools-for-stm32.10.3-2021.10.win32_1.0.0.202111181127/tools/bin/../lib/gcc/arm-none-eabi/10.3.1/../../../../arm-none-eabi/lib/thumb/v7-m/nofp\libc_nano.a(lib_a-nano-svfprintf.o)
 .rodata._printf_i.str1.1
                0x000000000805cff2       0x22 c:/st/stm32cubeide_1.9.0/stm32cubeide/plugins/com.st.stm32cube.ide.mcu.externaltools.gnu-tools-for-stm32.10.3-2021.10.win32_1.0.0.202111181127/tools/bin/../lib/gcc/arm-none-eabi/10.3.1/../../../../arm-none-eabi/lib/thumb/v7-m/nofp\libc_nano.a(lib_a-nano-vfprintf_i.o)
                0x000000000805d014                . = ALIGN (0x4)

.rel.dyn        0x000000000805d014        0x0
 .rel.iplt      0x000000000805d014        0x0 c:/st/stm32cubeide_1.9.0/stm32cubeide/plugins/com.st.stm32cube.ide.mcu.externaltools.gnu-tools-for-stm32.10.3-2021.10.win32_1.0.0.202111181127/tools/bin/../lib/gcc/arm-none-eabi/10.3.1/thumb/v7-m/nofp/crtbegin.o

.ARM.extab      0x000000000805d014        0x0
                0x000000000805d014                . = ALIGN (0x4)
 *(.ARM.extab* .gnu.linkonce.armextab.*)
                0x000000000805d014                . = ALIGN (0x4)

.ARM            0x000000000805d014        0x0
                0x000000000805d014                . = ALIGN (0x4)
                0x000000000805d014                __exidx_start = .
 *(.ARM.exidx*)
                0x000000000805d014                __exidx_end = .
                0x000000000805d014                . = ALIGN (0x4)

.preinit_array  0x000000000805d014        0x0
                0x000000000805d014                . = ALIGN (0x4)
                0x000000000805d014                PROVIDE (__preinit_array_start = .)
 *(.preinit_array*)
                0x000000000805d014                PROVIDE (__preinit_array_end = .)
                0x000000000805d014                . = ALIGN (0x4)

.init_array     0x000000000805d014        0x4
                0x000000000805d014                . = ALIGN (0x4)
                0x000000000805d014                PROVIDE (__init_array_start = .)
 *(SORT_BY_NAME(.init_array.*))
 *(.init_array*)
 .init_array    0x000000000805d014        0x4 c:/st/stm32cubeide_1.9.0/stm32cubeide/plugins/com.st.stm32cube.ide.mcu.externaltools.gnu-tools-for-stm32.10.3-2021.10.win32_1.0.0.202111181127/tools/bin/../lib/gcc/arm-none-eabi/10.3.1/thumb/v7-m/nofp/crtbegin.o
                0x000000000805d018                PROVIDE (__init_array_end = .)
                0x000000000805d018                . = ALIGN (0x4)

.fini_array     0x000000000805d018        0x4
                0x000000000805d018                . = ALIGN (0x4)
                [!provide]                        PROVIDE (__fini_array_start = .)
 *(SORT_BY_NAME(.fini_array.*))
 *(.fini_array*)
 .fini_array    0x000000000805d018        0x4 c:/st/stm32cubeide_1.9.0/stm32cubeide/plugins/com.st.stm32cube.ide.mcu.externaltools.gnu-tools-for-stm32.10.3-2021.10.win32_1.0.0.202111181127/tools/bin/../lib/gcc/arm-none-eabi/10.3.1/thumb/v7-m/nofp/crtbegin.o
                [!provide]                        PROVIDE (__fini_array_end = .)
                0x000000000805d01c                . = ALIGN (0x4)
                0x000000000805d01c                _sidata = LOADADDR (.data)

.data           0x0000000020000000     0xb8d8 load address 0x000000000805d01c
                0x0000000020000000                . = ALIGN (0x4)
                0x0000000020000000                _sdata = .
 *(.data)
 *(.data*)
 .data.FALLING_HEIGHT
                0x0000000020000000        0x1 ./Core/Src/kirby.o
                0x0000000020000000                FALLING_HEIGHT
 .data.FALLING_OFFSET
                0x0000000020000001        0x1 ./Core/Src/kirby.o
                0x0000000020000001                FALLING_OFFSET
 .data.FALLING_WIDTH
                0x0000000020000002        0x1 ./Core/Src/kirby.o
                0x0000000020000002                FALLING_WIDTH
 .data.FLOATING_DOWN_HEIGHT
                0x0000000020000003        0x1 ./Core/Src/kirby.o
                0x0000000020000003                FLOATING_DOWN_HEIGHT
 .data.FLOATING_DOWN_OFFSET
                0x0000000020000004        0x1 ./Core/Src/kirby.o
                0x0000000020000004                FLOATING_DOWN_OFFSET
 .data.FLOATING_DOWN_WIDTH
                0x0000000020000005        0x1 ./Core/Src/kirby.o
                0x0000000020000005                FLOATING_DOWN_WIDTH
 .data.FLOATING_UP_HEIGHT
                0x0000000020000006        0x1 ./Core/Src/kirby.o
                0x0000000020000006                FLOATING_UP_HEIGHT
 .data.FLOATING_UP_OFFSET
                0x0000000020000007        0x1 ./Core/Src/kirby.o
                0x0000000020000007                FLOATING_UP_OFFSET
 .data.FLOATING_UP_WIDTH
                0x0000000020000008        0x1 ./Core/Src/kirby.o
                0x0000000020000008                FLOATING_UP_WIDTH
 .data.IDLE_HEIGHT
                0x0000000020000009        0x1 ./Core/Src/kirby.o
                0x0000000020000009                IDLE_HEIGHT
 .data.IDLE_OFFSET
                0x000000002000000a        0x1 ./Core/Src/kirby.o
                0x000000002000000a                IDLE_OFFSET
 .data.IDLE_WIDTH
                0x000000002000000b        0x1 ./Core/Src/kirby.o
                0x000000002000000b                IDLE_WIDTH
 .data.JUMPING_HEIGHT
                0x000000002000000c        0x1 ./Core/Src/kirby.o
                0x000000002000000c                JUMPING_HEIGHT
 .data.JUMPING_OFFSET
                0x000000002000000d        0x1 ./Core/Src/kirby.o
                0x000000002000000d                JUMPING_OFFSET
 .data.JUMPING_WIDTH
                0x000000002000000e        0x1 ./Core/Src/kirby.o
                0x000000002000000e                JUMPING_WIDTH
 *fill*         0x000000002000000f        0x1 
 .data.KIRBY_FALLING_SPRITE_1
                0x0000000020000010      0x578 ./Core/Src/kirby.o
                0x0000000020000010                KIRBY_FALLING_SPRITE_1
 .data.KIRBY_FALLING_SPRITE_3
                0x0000000020000588      0x578 ./Core/Src/kirby.o
                0x0000000020000588                KIRBY_FALLING_SPRITE_3
 .data.KIRBY_FALLING_SPRITE_5
                0x0000000020000b00      0x578 ./Core/Src/kirby.o
                0x0000000020000b00                KIRBY_FALLING_SPRITE_5
 .data.KIRBY_FALLING_SPRITE_7
                0x0000000020001078      0x578 ./Core/Src/kirby.o
                0x0000000020001078                KIRBY_FALLING_SPRITE_7
 .data.KIRBY_FLOATING_SPRITE_1
                0x00000000200015f0      0x840 ./Core/Src/kirby.o
                0x00000000200015f0                KIRBY_FLOATING_SPRITE_1
 .data.KIRBY_FLOATING_SPRITE_3
                0x0000000020001e30      0x840 ./Core/Src/kirby.o
                0x0000000020001e30                KIRBY_FLOATING_SPRITE_3
 .data.KIRBY_FLOATING_SPRITE_5
                0x0000000020002670      0x840 ./Core/Src/kirby.o
                0x0000000020002670                KIRBY_FLOATING_SPRITE_5
 .data.KIRBY_IDLE_SPRITE_0
                0x0000000020002eb0      0x420 ./Core/Src/kirby.o
                0x0000000020002eb0                KIRBY_IDLE_SPRITE_0
 .data.KIRBY_JUMPING_SPRITE
                0x00000000200032d0      0x480 ./Core/Src/kirby.o
                0x00000000200032d0                KIRBY_JUMPING_SPRITE
 .data.KIRBY_SPITTING_SPRITE_0
                0x0000000020003750      0x68a ./Core/Src/kirby.o
                0x0000000020003750                KIRBY_SPITTING_SPRITE_0
 .data.KIRBY_SPITTING_SPRITE_2
                0x0000000020003dda      0x68a ./Core/Src/kirby.o
                0x0000000020003dda                KIRBY_SPITTING_SPRITE_2
 .data.KIRBY_SPITTING_SPRITE_4
                0x0000000020004464      0x68a ./Core/Src/kirby.o
                0x0000000020004464                KIRBY_SPITTING_SPRITE_4
 .data.KIRBY_SWALLOWED_FALL_0
                0x0000000020004aee      0x780 ./Core/Src/kirby.o
                0x0000000020004aee                KIRBY_SWALLOWED_FALL_0
 .data.KIRBY_SWALLOWED_FALL_2
                0x000000002000526e      0x780 ./Core/Src/kirby.o
                0x000000002000526e                KIRBY_SWALLOWED_FALL_2
 .data.KIRBY_SWALLOWED_FALL_4
                0x00000000200059ee      0x780 ./Core/Src/kirby.o
                0x00000000200059ee                KIRBY_SWALLOWED_FALL_4
 .data.KIRBY_SWALLOWED_IDLE_SPRITE_0
                0x000000002000616e      0x68a ./Core/Src/kirby.o
                0x000000002000616e                KIRBY_SWALLOWED_IDLE_SPRITE_0
 .data.KIRBY_SWALLOWED_JUMP
                0x00000000200067f8      0x780 ./Core/Src/kirby.o
                0x00000000200067f8                KIRBY_SWALLOWED_JUMP
 .data.KIRBY_SWALLOWED_WALK_1
                0x0000000020006f78      0x744 ./Core/Src/kirby.o
                0x0000000020006f78                KIRBY_SWALLOWED_WALK_1
 .data.KIRBY_SWALLOWED_WALK_3
                0x00000000200076bc      0x744 ./Core/Src/kirby.o
                0x00000000200076bc                KIRBY_SWALLOWED_WALK_3
 .data.KIRBY_SWALLOWED_WALK_5
                0x0000000020007e00      0x744 ./Core/Src/kirby.o
                0x0000000020007e00                KIRBY_SWALLOWED_WALK_5
 .data.KIRBY_SWALLOWED_WALK_7
                0x0000000020008544      0x744 ./Core/Src/kirby.o
                0x0000000020008544                KIRBY_SWALLOWED_WALK_7
 .data.KIRBY_SWALLOWED_WALK_9
                0x0000000020008c88      0x744 ./Core/Src/kirby.o
                0x0000000020008c88                KIRBY_SWALLOWED_WALK_9
 .data.KIRBY_SWALLOWING_1
                0x00000000200093cc      0x658 ./Core/Src/kirby.o
                0x00000000200093cc                KIRBY_SWALLOWING_1
 .data.KIRBY_SWALLOWING_3
                0x0000000020009a24      0x658 ./Core/Src/kirby.o
                0x0000000020009a24                KIRBY_SWALLOWING_3
 .data.KIRBY_WALKING_SPRITE_1
                0x000000002000a07c      0x4ac ./Core/Src/kirby.o
                0x000000002000a07c                KIRBY_WALKING_SPRITE_1
 .data.KIRBY_WALKING_SPRITE_3
                0x000000002000a528      0x4ac ./Core/Src/kirby.o
                0x000000002000a528                KIRBY_WALKING_SPRITE_3
 .data.KIRBY_WALKING_SPRITE_5
                0x000000002000a9d4      0x4ac ./Core/Src/kirby.o
                0x000000002000a9d4                KIRBY_WALKING_SPRITE_5
 .data.KIRBY_WALKING_SPRITE_7
                0x000000002000ae80      0x4ac ./Core/Src/kirby.o
                0x000000002000ae80                KIRBY_WALKING_SPRITE_7
 .data.KIRBY_WALKING_SPRITE_9
                0x000000002000b32c      0x4ac ./Core/Src/kirby.o
                0x000000002000b32c                KIRBY_WALKING_SPRITE_9
 .data.SPITTING_HEIGHT
                0x000000002000b7d8        0x1 ./Core/Src/kirby.o
                0x000000002000b7d8                SPITTING_HEIGHT
 .data.SPITTING_OFFSET
                0x000000002000b7d9        0x1 ./Core/Src/kirby.o
                0x000000002000b7d9                SPITTING_OFFSET
 .data.SPITTING_WIDTH
                0x000000002000b7da        0x1 ./Core/Src/kirby.o
                0x000000002000b7da                SPITTING_WIDTH
 .data.SWALLOWED_FALL_HEIGHT
                0x000000002000b7db        0x1 ./Core/Src/kirby.o
                0x000000002000b7db                SWALLOWED_FALL_HEIGHT
 .data.SWALLOWED_FALL_OFFSET
                0x000000002000b7dc        0x1 ./Core/Src/kirby.o
                0x000000002000b7dc                SWALLOWED_FALL_OFFSET
 .data.SWALLOWED_FALL_WIDTH
                0x000000002000b7dd        0x1 ./Core/Src/kirby.o
                0x000000002000b7dd                SWALLOWED_FALL_WIDTH
 .data.SWALLOWED_IDLE_HEIGHT
                0x000000002000b7de        0x1 ./Core/Src/kirby.o
                0x000000002000b7de                SWALLOWED_IDLE_HEIGHT
 .data.SWALLOWED_IDLE_OFFSET
                0x000000002000b7df        0x1 ./Core/Src/kirby.o
                0x000000002000b7df                SWALLOWED_IDLE_OFFSET
 .data.SWALLOWED_IDLE_WIDTH
                0x000000002000b7e0        0x1 ./Core/Src/kirby.o
                0x000000002000b7e0                SWALLOWED_IDLE_WIDTH
 .data.SWALLOWED_JUMP_HEIGHT
                0x000000002000b7e1        0x1 ./Core/Src/kirby.o
                0x000000002000b7e1                SWALLOWED_JUMP_HEIGHT
 .data.SWALLOWED_JUMP_OFFSET
                0x000000002000b7e2        0x1 ./Core/Src/kirby.o
                0x000000002000b7e2                SWALLOWED_JUMP_OFFSET
 .data.SWALLOWED_JUMP_WIDTH
                0x000000002000b7e3        0x1 ./Core/Src/kirby.o
                0x000000002000b7e3                SWALLOWED_JUMP_WIDTH
 .data.SWALLOWED_WALK_HEIGHT
                0x000000002000b7e4        0x1 ./Core/Src/kirby.o
                0x000000002000b7e4                SWALLOWED_WALK_HEIGHT
 .data.SWALLOWED_WALK_OFFSET
                0x000000002000b7e5        0x1 ./Core/Src/kirby.o
                0x000000002000b7e5                SWALLOWED_WALK_OFFSET
 .data.SWALLOWED_WALK_WIDTH
                0x000000002000b7e6        0x1 ./Core/Src/kirby.o
                0x000000002000b7e6                SWALLOWED_WALK_WIDTH
 .data.SWALLOWING_HEIGHT
                0x000000002000b7e7        0x1 ./Core/Src/kirby.o
                0x000000002000b7e7                SWALLOWING_HEIGHT
 .data.SWALLOWING_OFFSET
                0x000000002000b7e8        0x1 ./Core/Src/kirby.o
                0x000000002000b7e8                SWALLOWING_OFFSET
 .data.SWALLOWING_WIDTH
                0x000000002000b7e9        0x1 ./Core/Src/kirby.o
                0x000000002000b7e9                SWALLOWING_WIDTH
 .data.WALKING_HEIGHT
                0x000000002000b7ea        0x1 ./Core/Src/kirby.o
                0x000000002000b7ea                WALKING_HEIGHT
 .data.WALKING_OFFSET
                0x000000002000b7eb        0x1 ./Core/Src/kirby.o
                0x000000002000b7eb                WALKING_OFFSET
 .data.WALKING_WIDTH
                0x000000002000b7ec        0x1 ./Core/Src/kirby.o
                0x000000002000b7ec                WALKING_WIDTH
 *fill*         0x000000002000b7ed        0x3 
 .data.fallingKeyframes
                0x000000002000b7f0       0x10 ./Core/Src/kirby.o
                0x000000002000b7f0                fallingKeyframes
 .data.floatingDownKeyframes
                0x000000002000b800        0x4 ./Core/Src/kirby.o
                0x000000002000b800                floatingDownKeyframes
 .data.floatingUpKeyframes
                0x000000002000b804        0xc ./Core/Src/kirby.o
                0x000000002000b804                floatingUpKeyframes
 .data.idleKeyframes
                0x000000002000b810        0x4 ./Core/Src/kirby.o
                0x000000002000b810                idleKeyframes
 .data.jumpingKeyframes
                0x000000002000b814        0x4 ./Core/Src/kirby.o
                0x000000002000b814                jumpingKeyframes
 .data.spittingKeyframes
                0x000000002000b818        0xc ./Core/Src/kirby.o
                0x000000002000b818                spittingKeyframes
 .data.swallowedFallKeyframes
                0x000000002000b824        0xc ./Core/Src/kirby.o
                0x000000002000b824                swallowedFallKeyframes
 .data.swallowedIdleKeyframes
                0x000000002000b830        0x4 ./Core/Src/kirby.o
                0x000000002000b830                swallowedIdleKeyframes
 .data.swallowedJumpKeyframes
                0x000000002000b834        0x4 ./Core/Src/kirby.o
                0x000000002000b834                swallowedJumpKeyframes
 .data.swallowedWalkKeyframes
                0x000000002000b838       0x14 ./Core/Src/kirby.o
                0x000000002000b838                swallowedWalkKeyframes
 .data.swallowingKeyframes
                0x000000002000b84c        0x8 ./Core/Src/kirby.o
                0x000000002000b84c                swallowingKeyframes
 .data.walkingKeyframes
                0x000000002000b854       0x14 ./Core/Src/kirby.o
                0x000000002000b854                walkingKeyframes
 .data.SystemCoreClock
                0x000000002000b868        0x4 ./Core/Src/system_stm32f1xx.o
                0x000000002000b868                SystemCoreClock
 .data.uwTickFreq
                0x000000002000b86c        0x1 ./Drivers/STM32F1xx_HAL_Driver/Src/stm32f1xx_hal.o
                0x000000002000b86c                uwTickFreq
 *fill*         0x000000002000b86d        0x3 
 .data.uwTickPrio
                0x000000002000b870        0x4 ./Drivers/STM32F1xx_HAL_Driver/Src/stm32f1xx_hal.o
                0x000000002000b870                uwTickPrio
 .data._impure_ptr
                0x000000002000b874        0x4 c:/st/stm32cubeide_1.9.0/stm32cubeide/plugins/com.st.stm32cube.ide.mcu.externaltools.gnu-tools-for-stm32.10.3-2021.10.win32_1.0.0.202111181127/tools/bin/../lib/gcc/arm-none-eabi/10.3.1/../../../../arm-none-eabi/lib/thumb/v7-m/nofp\libc_nano.a(lib_a-impure.o)
                0x000000002000b874                _impure_ptr
 .data.impure_data
                0x000000002000b878       0x60 c:/st/stm32cubeide_1.9.0/stm32cubeide/plugins/com.st.stm32cube.ide.mcu.externaltools.gnu-tools-for-stm32.10.3-2021.10.win32_1.0.0.202111181127/tools/bin/../lib/gcc/arm-none-eabi/10.3.1/../../../../arm-none-eabi/lib/thumb/v7-m/nofp\libc_nano.a(lib_a-impure.o)
 *(.RamFunc)
 *(.RamFunc*)
                0x000000002000b8d8                . = ALIGN (0x4)
                0x000000002000b8d8                _edata = .

.igot.plt       0x000000002000b8d8        0x0 load address 0x00000000080688f4
 .igot.plt      0x000000002000b8d8        0x0 c:/st/stm32cubeide_1.9.0/stm32cubeide/plugins/com.st.stm32cube.ide.mcu.externaltools.gnu-tools-for-stm32.10.3-2021.10.win32_1.0.0.202111181127/tools/bin/../lib/gcc/arm-none-eabi/10.3.1/thumb/v7-m/nofp/crtbegin.o
                0x000000002000b8d8                . = ALIGN (0x4)

.bss            0x000000002000b8d8       0xc8 load address 0x00000000080688f4
                0x000000002000b8d8                _sbss = .
                0x000000002000b8d8                __bss_start__ = _sbss
 *(.bss)
 .bss           0x000000002000b8d8       0x1c c:/st/stm32cubeide_1.9.0/stm32cubeide/plugins/com.st.stm32cube.ide.mcu.externaltools.gnu-tools-for-stm32.10.3-2021.10.win32_1.0.0.202111181127/tools/bin/../lib/gcc/arm-none-eabi/10.3.1/thumb/v7-m/nofp/crtbegin.o
 *(.bss*)
 .bss.currentPos
                0x000000002000b8f4        0x2 ./Core/Src/kirby.o
                0x000000002000b8f4                currentPos
 *fill*         0x000000002000b8f6        0x2 
 .bss.hdma_memtomem_dma1_channel1
                0x000000002000b8f8       0x44 ./Core/Src/main.o
                0x000000002000b8f8                hdma_memtomem_dma1_channel1
 .bss.hsram1    0x000000002000b93c       0x48 ./Core/Src/main.o
                0x000000002000b93c                hsram1
 .bss.FSMC_Initialized
                0x000000002000b984        0x4 ./Core/Src/stm32f1xx_hal_msp.o
 .bss.__sbrk_heap_end
                0x000000002000b988        0x4 ./Core/Src/sysmem.o
 .bss.uwTick    0x000000002000b98c        0x4 ./Drivers/STM32F1xx_HAL_Driver/Src/stm32f1xx_hal.o
                0x000000002000b98c                uwTick
 .bss.__malloc_free_list
                0x000000002000b990        0x4 c:/st/stm32cubeide_1.9.0/stm32cubeide/plugins/com.st.stm32cube.ide.mcu.externaltools.gnu-tools-for-stm32.10.3-2021.10.win32_1.0.0.202111181127/tools/bin/../lib/gcc/arm-none-eabi/10.3.1/../../../../arm-none-eabi/lib/thumb/v7-m/nofp\libc_nano.a(lib_a-nano-mallocr.o)
                0x000000002000b990                __malloc_free_list
 .bss.__malloc_sbrk_start
                0x000000002000b994        0x4 c:/st/stm32cubeide_1.9.0/stm32cubeide/plugins/com.st.stm32cube.ide.mcu.externaltools.gnu-tools-for-stm32.10.3-2021.10.win32_1.0.0.202111181127/tools/bin/../lib/gcc/arm-none-eabi/10.3.1/../../../../arm-none-eabi/lib/thumb/v7-m/nofp\libc_nano.a(lib_a-nano-mallocr.o)
                0x000000002000b994                __malloc_sbrk_start
 .bss.errno     0x000000002000b998        0x4 c:/st/stm32cubeide_1.9.0/stm32cubeide/plugins/com.st.stm32cube.ide.mcu.externaltools.gnu-tools-for-stm32.10.3-2021.10.win32_1.0.0.202111181127/tools/bin/../lib/gcc/arm-none-eabi/10.3.1/../../../../arm-none-eabi/lib/thumb/v7-m/nofp\libc_nano.a(lib_a-reent.o)
                0x000000002000b998                errno
 .bss.__lock___malloc_recursive_mutex
                0x000000002000b99c        0x1 c:/st/stm32cubeide_1.9.0/stm32cubeide/plugins/com.st.stm32cube.ide.mcu.externaltools.gnu-tools-for-stm32.10.3-2021.10.win32_1.0.0.202111181127/tools/bin/../lib/gcc/arm-none-eabi/10.3.1/../../../../arm-none-eabi/lib/thumb/v7-m/nofp\libc_nano.a(lib_a-lock.o)
                0x000000002000b99c                __lock___malloc_recursive_mutex
 *(COMMON)
                0x000000002000b9a0                . = ALIGN (0x4)
 *fill*         0x000000002000b99d        0x3 
                0x000000002000b9a0                _ebss = .
                0x000000002000b9a0                __bss_end__ = _ebss

._user_heap_stack
                0x000000002000b9a0      0x600 load address 0x00000000080688f4
                0x000000002000b9a0                . = ALIGN (0x8)
                [!provide]                        PROVIDE (end = .)
                0x000000002000b9a0                PROVIDE (_end = .)
                0x000000002000bba0                . = (. + _Min_Heap_Size)
 *fill*         0x000000002000b9a0      0x200 
                0x000000002000bfa0                . = (. + _Min_Stack_Size)
 *fill*         0x000000002000bba0      0x400 
                0x000000002000bfa0                . = ALIGN (0x8)

/DISCARD/
 libc.a(*)
 libm.a(*)
 libgcc.a(*)

.ARM.attributes
                0x0000000000000000       0x29
 *(.ARM.attributes)
 .ARM.attributes
                0x0000000000000000       0x1d c:/st/stm32cubeide_1.9.0/stm32cubeide/plugins/com.st.stm32cube.ide.mcu.externaltools.gnu-tools-for-stm32.10.3-2021.10.win32_1.0.0.202111181127/tools/bin/../lib/gcc/arm-none-eabi/10.3.1/thumb/v7-m/nofp/crti.o
 .ARM.attributes
                0x000000000000001d       0x2d c:/st/stm32cubeide_1.9.0/stm32cubeide/plugins/com.st.stm32cube.ide.mcu.externaltools.gnu-tools-for-stm32.10.3-2021.10.win32_1.0.0.202111181127/tools/bin/../lib/gcc/arm-none-eabi/10.3.1/thumb/v7-m/nofp/crtbegin.o
 .ARM.attributes
                0x000000000000004a       0x2d ./Core/Src/images.o
 .ARM.attributes
                0x0000000000000077       0x2d ./Core/Src/kirby.o
 .ARM.attributes
                0x00000000000000a4       0x2d ./Core/Src/lcd.o
 .ARM.attributes
                0x00000000000000d1       0x2d ./Core/Src/main.o
 .ARM.attributes
                0x00000000000000fe       0x2d ./Core/Src/stm32f1xx_hal_msp.o
 .ARM.attributes
                0x000000000000012b       0x2d ./Core/Src/stm32f1xx_it.o
 .ARM.attributes
                0x0000000000000158       0x2d ./Core/Src/sysmem.o
 .ARM.attributes
                0x0000000000000185       0x2d ./Core/Src/system_stm32f1xx.o
 .ARM.attributes
                0x00000000000001b2       0x21 ./Core/Startup/startup_stm32f103vetx.o
 .ARM.attributes
                0x00000000000001d3       0x2d ./Drivers/STM32F1xx_HAL_Driver/Src/stm32f1xx_hal.o
 .ARM.attributes
                0x0000000000000200       0x2d ./Drivers/STM32F1xx_HAL_Driver/Src/stm32f1xx_hal_cortex.o
 .ARM.attributes
                0x000000000000022d       0x2d ./Drivers/STM32F1xx_HAL_Driver/Src/stm32f1xx_hal_dma.o
 .ARM.attributes
                0x000000000000025a       0x2d ./Drivers/STM32F1xx_HAL_Driver/Src/stm32f1xx_hal_gpio.o
 .ARM.attributes
                0x0000000000000287       0x2d ./Drivers/STM32F1xx_HAL_Driver/Src/stm32f1xx_hal_rcc.o
 .ARM.attributes
                0x00000000000002b4       0x2d ./Drivers/STM32F1xx_HAL_Driver/Src/stm32f1xx_hal_sram.o
 .ARM.attributes
                0x00000000000002e1       0x2d ./Drivers/STM32F1xx_HAL_Driver/Src/stm32f1xx_ll_fsmc.o
 .ARM.attributes
                0x000000000000030e       0x2d c:/st/stm32cubeide_1.9.0/stm32cubeide/plugins/com.st.stm32cube.ide.mcu.externaltools.gnu-tools-for-stm32.10.3-2021.10.win32_1.0.0.202111181127/tools/bin/../lib/gcc/arm-none-eabi/10.3.1/../../../../arm-none-eabi/lib/thumb/v7-m/nofp\libc_nano.a(lib_a-errno.o)
 .ARM.attributes
                0x000000000000033b       0x2d c:/st/stm32cubeide_1.9.0/stm32cubeide/plugins/com.st.stm32cube.ide.mcu.externaltools.gnu-tools-for-stm32.10.3-2021.10.win32_1.0.0.202111181127/tools/bin/../lib/gcc/arm-none-eabi/10.3.1/../../../../arm-none-eabi/lib/thumb/v7-m/nofp\libc_nano.a(lib_a-impure.o)
 .ARM.attributes
                0x0000000000000368       0x2d c:/st/stm32cubeide_1.9.0/stm32cubeide/plugins/com.st.stm32cube.ide.mcu.externaltools.gnu-tools-for-stm32.10.3-2021.10.win32_1.0.0.202111181127/tools/bin/../lib/gcc/arm-none-eabi/10.3.1/../../../../arm-none-eabi/lib/thumb/v7-m/nofp\libc_nano.a(lib_a-init.o)
 .ARM.attributes
                0x0000000000000395       0x2d c:/st/stm32cubeide_1.9.0/stm32cubeide/plugins/com.st.stm32cube.ide.mcu.externaltools.gnu-tools-for-stm32.10.3-2021.10.win32_1.0.0.202111181127/tools/bin/../lib/gcc/arm-none-eabi/10.3.1/../../../../arm-none-eabi/lib/thumb/v7-m/nofp\libc_nano.a(lib_a-memset.o)
 .ARM.attributes
                0x00000000000003c2       0x2d c:/st/stm32cubeide_1.9.0/stm32cubeide/plugins/com.st.stm32cube.ide.mcu.externaltools.gnu-tools-for-stm32.10.3-2021.10.win32_1.0.0.202111181127/tools/bin/../lib/gcc/arm-none-eabi/10.3.1/../../../../arm-none-eabi/lib/thumb/v7-m/nofp\libc_nano.a(lib_a-sprintf.o)
 .ARM.attributes
                0x00000000000003ef       0x2d c:/st/stm32cubeide_1.9.0/stm32cubeide/plugins/com.st.stm32cube.ide.mcu.externaltools.gnu-tools-for-stm32.10.3-2021.10.win32_1.0.0.202111181127/tools/bin/../lib/gcc/arm-none-eabi/10.3.1/../../../../arm-none-eabi/lib/thumb/v7-m/nofp\libc_nano.a(lib_a-strcpy.o)
 .ARM.attributes
                0x000000000000041c       0x2d c:/st/stm32cubeide_1.9.0/stm32cubeide/plugins/com.st.stm32cube.ide.mcu.externaltools.gnu-tools-for-stm32.10.3-2021.10.win32_1.0.0.202111181127/tools/bin/../lib/gcc/arm-none-eabi/10.3.1/../../../../arm-none-eabi/lib/thumb/v7-m/nofp\libc_nano.a(lib_a-nano-svfprintf.o)
 .ARM.attributes
                0x0000000000000449       0x2d c:/st/stm32cubeide_1.9.0/stm32cubeide/plugins/com.st.stm32cube.ide.mcu.externaltools.gnu-tools-for-stm32.10.3-2021.10.win32_1.0.0.202111181127/tools/bin/../lib/gcc/arm-none-eabi/10.3.1/../../../../arm-none-eabi/lib/thumb/v7-m/nofp\libc_nano.a(lib_a-nano-vfprintf_i.o)
 .ARM.attributes
                0x0000000000000476       0x2d c:/st/stm32cubeide_1.9.0/stm32cubeide/plugins/com.st.stm32cube.ide.mcu.externaltools.gnu-tools-for-stm32.10.3-2021.10.win32_1.0.0.202111181127/tools/bin/../lib/gcc/arm-none-eabi/10.3.1/../../../../arm-none-eabi/lib/thumb/v7-m/nofp\libc_nano.a(lib_a-memchr-stub.o)
 .ARM.attributes
                0x00000000000004a3       0x2d c:/st/stm32cubeide_1.9.0/stm32cubeide/plugins/com.st.stm32cube.ide.mcu.externaltools.gnu-tools-for-stm32.10.3-2021.10.win32_1.0.0.202111181127/tools/bin/../lib/gcc/arm-none-eabi/10.3.1/../../../../arm-none-eabi/lib/thumb/v7-m/nofp\libc_nano.a(lib_a-memcpy-stub.o)
 .ARM.attributes
                0x00000000000004d0       0x2d c:/st/stm32cubeide_1.9.0/stm32cubeide/plugins/com.st.stm32cube.ide.mcu.externaltools.gnu-tools-for-stm32.10.3-2021.10.win32_1.0.0.202111181127/tools/bin/../lib/gcc/arm-none-eabi/10.3.1/../../../../arm-none-eabi/lib/thumb/v7-m/nofp\libc_nano.a(lib_a-memmove.o)
 .ARM.attributes
                0x00000000000004fd       0x2d c:/st/stm32cubeide_1.9.0/stm32cubeide/plugins/com.st.stm32cube.ide.mcu.externaltools.gnu-tools-for-stm32.10.3-2021.10.win32_1.0.0.202111181127/tools/bin/../lib/gcc/arm-none-eabi/10.3.1/../../../../arm-none-eabi/lib/thumb/v7-m/nofp\libc_nano.a(lib_a-nano-freer.o)
 .ARM.attributes
                0x000000000000052a       0x2d c:/st/stm32cubeide_1.9.0/stm32cubeide/plugins/com.st.stm32cube.ide.mcu.externaltools.gnu-tools-for-stm32.10.3-2021.10.win32_1.0.0.202111181127/tools/bin/../lib/gcc/arm-none-eabi/10.3.1/../../../../arm-none-eabi/lib/thumb/v7-m/nofp\libc_nano.a(lib_a-nano-mallocr.o)
 .ARM.attributes
                0x0000000000000557       0x2d c:/st/stm32cubeide_1.9.0/stm32cubeide/plugins/com.st.stm32cube.ide.mcu.externaltools.gnu-tools-for-stm32.10.3-2021.10.win32_1.0.0.202111181127/tools/bin/../lib/gcc/arm-none-eabi/10.3.1/../../../../arm-none-eabi/lib/thumb/v7-m/nofp\libc_nano.a(lib_a-nano-reallocr.o)
 .ARM.attributes
                0x0000000000000584       0x2d c:/st/stm32cubeide_1.9.0/stm32cubeide/plugins/com.st.stm32cube.ide.mcu.externaltools.gnu-tools-for-stm32.10.3-2021.10.win32_1.0.0.202111181127/tools/bin/../lib/gcc/arm-none-eabi/10.3.1/../../../../arm-none-eabi/lib/thumb/v7-m/nofp\libc_nano.a(lib_a-sbrkr.o)
 .ARM.attributes
                0x00000000000005b1       0x2d c:/st/stm32cubeide_1.9.0/stm32cubeide/plugins/com.st.stm32cube.ide.mcu.externaltools.gnu-tools-for-stm32.10.3-2021.10.win32_1.0.0.202111181127/tools/bin/../lib/gcc/arm-none-eabi/10.3.1/../../../../arm-none-eabi/lib/thumb/v7-m/nofp\libc_nano.a(lib_a-mlock.o)
 .ARM.attributes
                0x00000000000005de       0x2d c:/st/stm32cubeide_1.9.0/stm32cubeide/plugins/com.st.stm32cube.ide.mcu.externaltools.gnu-tools-for-stm32.10.3-2021.10.win32_1.0.0.202111181127/tools/bin/../lib/gcc/arm-none-eabi/10.3.1/../../../../arm-none-eabi/lib/thumb/v7-m/nofp\libc_nano.a(lib_a-nano-msizer.o)
 .ARM.attributes
                0x000000000000060b       0x2d c:/st/stm32cubeide_1.9.0/stm32cubeide/plugins/com.st.stm32cube.ide.mcu.externaltools.gnu-tools-for-stm32.10.3-2021.10.win32_1.0.0.202111181127/tools/bin/../lib/gcc/arm-none-eabi/10.3.1/../../../../arm-none-eabi/lib/thumb/v7-m/nofp\libc_nano.a(lib_a-reent.o)
 .ARM.attributes
                0x0000000000000638       0x2d c:/st/stm32cubeide_1.9.0/stm32cubeide/plugins/com.st.stm32cube.ide.mcu.externaltools.gnu-tools-for-stm32.10.3-2021.10.win32_1.0.0.202111181127/tools/bin/../lib/gcc/arm-none-eabi/10.3.1/../../../../arm-none-eabi/lib/thumb/v7-m/nofp\libc_nano.a(lib_a-lock.o)
 .ARM.attributes
                0x0000000000000665       0x1d c:/st/stm32cubeide_1.9.0/stm32cubeide/plugins/com.st.stm32cube.ide.mcu.externaltools.gnu-tools-for-stm32.10.3-2021.10.win32_1.0.0.202111181127/tools/bin/../lib/gcc/arm-none-eabi/10.3.1/thumb/v7-m/nofp/crtn.o
OUTPUT(Project.elf elf32-littlearm)
LOAD linker stubs
LOAD c:/st/stm32cubeide_1.9.0/stm32cubeide/plugins/com.st.stm32cube.ide.mcu.externaltools.gnu-tools-for-stm32.10.3-2021.10.win32_1.0.0.202111181127/tools/bin/../lib/gcc/arm-none-eabi/10.3.1/../../../../arm-none-eabi/lib/thumb/v7-m/nofp\libc.a
LOAD c:/st/stm32cubeide_1.9.0/stm32cubeide/plugins/com.st.stm32cube.ide.mcu.externaltools.gnu-tools-for-stm32.10.3-2021.10.win32_1.0.0.202111181127/tools/bin/../lib/gcc/arm-none-eabi/10.3.1/../../../../arm-none-eabi/lib/thumb/v7-m/nofp\libm.a
LOAD c:/st/stm32cubeide_1.9.0/stm32cubeide/plugins/com.st.stm32cube.ide.mcu.externaltools.gnu-tools-for-stm32.10.3-2021.10.win32_1.0.0.202111181127/tools/bin/../lib/gcc/arm-none-eabi/10.3.1/thumb/v7-m/nofp\libgcc.a

.debug_info     0x0000000000000000     0xa7a9
 .debug_info    0x0000000000000000       0xb7 ./Core/Src/images.o
 .debug_info    0x00000000000000b7     0x15c6 ./Core/Src/kirby.o
 .debug_info    0x000000000000167d     0x2214 ./Core/Src/lcd.o
 .debug_info    0x0000000000003891     0x1514 ./Core/Src/main.o
 .debug_info    0x0000000000004da5      0x8a6 ./Core/Src/stm32f1xx_hal_msp.o
 .debug_info    0x000000000000564b      0x3ae ./Core/Src/stm32f1xx_it.o
 .debug_info    0x00000000000059f9      0x17e ./Core/Src/sysmem.o
 .debug_info    0x0000000000005b77      0x24c ./Core/Src/system_stm32f1xx.o
 .debug_info    0x0000000000005dc3       0x22 ./Core/Startup/startup_stm32f103vetx.o
 .debug_info    0x0000000000005de5      0x86e ./Drivers/STM32F1xx_HAL_Driver/Src/stm32f1xx_hal.o
 .debug_info    0x0000000000006653      0xdd0 ./Drivers/STM32F1xx_HAL_Driver/Src/stm32f1xx_hal_cortex.o
 .debug_info    0x0000000000007423      0x856 ./Drivers/STM32F1xx_HAL_Driver/Src/stm32f1xx_hal_dma.o
 .debug_info    0x0000000000007c79      0x66f ./Drivers/STM32F1xx_HAL_Driver/Src/stm32f1xx_hal_gpio.o
 .debug_info    0x00000000000082e8      0xa89 ./Drivers/STM32F1xx_HAL_Driver/Src/stm32f1xx_hal_rcc.o
 .debug_info    0x0000000000008d71      0xf7b ./Drivers/STM32F1xx_HAL_Driver/Src/stm32f1xx_hal_sram.o
 .debug_info    0x0000000000009cec      0xabd ./Drivers/STM32F1xx_HAL_Driver/Src/stm32f1xx_ll_fsmc.o

.debug_abbrev   0x0000000000000000     0x21db
 .debug_abbrev  0x0000000000000000       0x73 ./Core/Src/images.o
 .debug_abbrev  0x0000000000000073      0x2e2 ./Core/Src/kirby.o
 .debug_abbrev  0x0000000000000355      0x3e3 ./Core/Src/lcd.o
 .debug_abbrev  0x0000000000000738      0x3c6 ./Core/Src/main.o
 .debug_abbrev  0x0000000000000afe      0x239 ./Core/Src/stm32f1xx_hal_msp.o
 .debug_abbrev  0x0000000000000d37      0x1a3 ./Core/Src/stm32f1xx_it.o
 .debug_abbrev  0x0000000000000eda       0xec ./Core/Src/sysmem.o
 .debug_abbrev  0x0000000000000fc6      0x141 ./Core/Src/system_stm32f1xx.o
 .debug_abbrev  0x0000000000001107       0x12 ./Core/Startup/startup_stm32f103vetx.o
 .debug_abbrev  0x0000000000001119      0x277 ./Drivers/STM32F1xx_HAL_Driver/Src/stm32f1xx_hal.o
 .debug_abbrev  0x0000000000001390      0x352 ./Drivers/STM32F1xx_HAL_Driver/Src/stm32f1xx_hal_cortex.o
 .debug_abbrev  0x00000000000016e2      0x253 ./Drivers/STM32F1xx_HAL_Driver/Src/stm32f1xx_hal_dma.o
 .debug_abbrev  0x0000000000001935      0x1e7 ./Drivers/STM32F1xx_HAL_Driver/Src/stm32f1xx_hal_gpio.o
 .debug_abbrev  0x0000000000001b1c      0x2f5 ./Drivers/STM32F1xx_HAL_Driver/Src/stm32f1xx_hal_rcc.o
 .debug_abbrev  0x0000000000001e11      0x22a ./Drivers/STM32F1xx_HAL_Driver/Src/stm32f1xx_hal_sram.o
 .debug_abbrev  0x000000000000203b      0x1a0 ./Drivers/STM32F1xx_HAL_Driver/Src/stm32f1xx_ll_fsmc.o

.debug_aranges  0x0000000000000000      0x688
 .debug_aranges
                0x0000000000000000       0x18 ./Core/Src/images.o
 .debug_aranges
                0x0000000000000018       0x88 ./Core/Src/kirby.o
 .debug_aranges
                0x00000000000000a0       0xb0 ./Core/Src/lcd.o
 .debug_aranges
                0x0000000000000150       0x38 ./Core/Src/main.o
 .debug_aranges
                0x0000000000000188       0x30 ./Core/Src/stm32f1xx_hal_msp.o
 .debug_aranges
                0x00000000000001b8       0x58 ./Core/Src/stm32f1xx_it.o
 .debug_aranges
                0x0000000000000210       0x20 ./Core/Src/sysmem.o
 .debug_aranges
                0x0000000000000230       0x28 ./Core/Src/system_stm32f1xx.o
 .debug_aranges
                0x0000000000000258       0x28 ./Core/Startup/startup_stm32f103vetx.o
 .debug_aranges
                0x0000000000000280       0xd8 ./Drivers/STM32F1xx_HAL_Driver/Src/stm32f1xx_hal.o
 .debug_aranges
                0x0000000000000358       0x90 ./Drivers/STM32F1xx_HAL_Driver/Src/stm32f1xx_hal_cortex.o
 .debug_aranges
                0x00000000000003e8       0x78 ./Drivers/STM32F1xx_HAL_Driver/Src/stm32f1xx_hal_dma.o
 .debug_aranges
                0x0000000000000460       0x58 ./Drivers/STM32F1xx_HAL_Driver/Src/stm32f1xx_hal_gpio.o
 .debug_aranges
                0x00000000000004b8       0x88 ./Drivers/STM32F1xx_HAL_Driver/Src/stm32f1xx_hal_rcc.o
 .debug_aranges
                0x0000000000000540       0xa0 ./Drivers/STM32F1xx_HAL_Driver/Src/stm32f1xx_hal_sram.o
 .debug_aranges
                0x00000000000005e0       0xa8 ./Drivers/STM32F1xx_HAL_Driver/Src/stm32f1xx_ll_fsmc.o

.debug_macro    0x0000000000000000    0x19da9
 .debug_macro   0x0000000000000000       0x6d ./Core/Src/images.o
 .debug_macro   0x000000000000006d      0xa72 ./Core/Src/images.o
 .debug_macro   0x0000000000000adf       0x22 ./Core/Src/images.o
 .debug_macro   0x0000000000000b01       0x8e ./Core/Src/images.o
 .debug_macro   0x0000000000000b8f       0x51 ./Core/Src/images.o
 .debug_macro   0x0000000000000be0      0x103 ./Core/Src/images.o
 .debug_macro   0x0000000000000ce3       0x6a ./Core/Src/images.o
 .debug_macro   0x0000000000000d4d      0x1df ./Core/Src/images.o
 .debug_macro   0x0000000000000f2c      0x324 ./Core/Src/kirby.o
 .debug_macro   0x0000000000001250       0x4c ./Core/Src/kirby.o
 .debug_macro   0x000000000000129c       0x18 ./Core/Src/kirby.o
 .debug_macro   0x00000000000012b4       0x94 ./Core/Src/kirby.o
 .debug_macro   0x0000000000001348       0x3c ./Core/Src/kirby.o
 .debug_macro   0x0000000000001384       0x34 ./Core/Src/kirby.o
 .debug_macro   0x00000000000013b8       0x16 ./Core/Src/kirby.o
 .debug_macro   0x00000000000013ce       0x57 ./Core/Src/kirby.o
 .debug_macro   0x0000000000001425       0x97 ./Core/Src/kirby.o
 .debug_macro   0x00000000000014bc      0x341 ./Core/Src/kirby.o
 .debug_macro   0x00000000000017fd       0xfd ./Core/Src/kirby.o
 .debug_macro   0x00000000000018fa       0x10 ./Core/Src/kirby.o
 .debug_macro   0x000000000000190a       0x16 ./Core/Src/kirby.o
 .debug_macro   0x0000000000001920       0x43 ./Core/Src/kirby.o
 .debug_macro   0x0000000000001963       0x34 ./Core/Src/kirby.o
 .debug_macro   0x0000000000001997       0x10 ./Core/Src/kirby.o
 .debug_macro   0x00000000000019a7       0x58 ./Core/Src/kirby.o
 .debug_macro   0x00000000000019ff       0x71 ./Core/Src/kirby.o
 .debug_macro   0x0000000000001a70       0x1c ./Core/Src/kirby.o
 .debug_macro   0x0000000000001a8c      0x12a ./Core/Src/kirby.o
 .debug_macro   0x0000000000001bb6       0x10 ./Core/Src/kirby.o
 .debug_macro   0x0000000000001bc6       0x1c ./Core/Src/kirby.o
 .debug_macro   0x0000000000001be2       0x52 ./Core/Src/kirby.o
 .debug_macro   0x0000000000001c34       0x22 ./Core/Src/kirby.o
 .debug_macro   0x0000000000001c56       0x10 ./Core/Src/kirby.o
 .debug_macro   0x0000000000001c66       0x52 ./Core/Src/kirby.o
 .debug_macro   0x0000000000001cb8       0xd5 ./Core/Src/kirby.o
 .debug_macro   0x0000000000001d8d       0x1c ./Core/Src/kirby.o
 .debug_macro   0x0000000000001da9       0x3d ./Core/Src/kirby.o
 .debug_macro   0x0000000000001de6       0x16 ./Core/Src/kirby.o
 .debug_macro   0x0000000000001dfc      0x145 ./Core/Src/kirby.o
 .debug_macro   0x0000000000001f41      0x21b ./Core/Src/kirby.o
 .debug_macro   0x000000000000215c       0x2e ./Core/Src/kirby.o
 .debug_macro   0x000000000000218a       0x22 ./Core/Src/kirby.o
 .debug_macro   0x00000000000021ac       0x1c ./Core/Src/kirby.o
 .debug_macro   0x00000000000021c8       0x22 ./Core/Src/kirby.o
 .debug_macro   0x00000000000021ea       0xbd ./Core/Src/kirby.o
 .debug_macro   0x00000000000022a7      0xd23 ./Core/Src/kirby.o
 .debug_macro   0x0000000000002fca     0xfd8c ./Core/Src/kirby.o
 .debug_macro   0x0000000000012d56       0x6d ./Core/Src/kirby.o
 .debug_macro   0x0000000000012dc3     0x3468 ./Core/Src/kirby.o
 .debug_macro   0x000000000001622b       0x56 ./Core/Src/kirby.o
 .debug_macro   0x0000000000016281      0x5be ./Core/Src/kirby.o
 .debug_macro   0x000000000001683f      0x4d5 ./Core/Src/kirby.o
 .debug_macro   0x0000000000016d14      0x1cb ./Core/Src/kirby.o
 .debug_macro   0x0000000000016edf      0x114 ./Core/Src/kirby.o
 .debug_macro   0x0000000000016ff3      0x1ea ./Core/Src/kirby.o
 .debug_macro   0x00000000000171dd       0x27 ./Core/Src/kirby.o
 .debug_macro   0x0000000000017204      0x144 ./Core/Src/kirby.o
 .debug_macro   0x0000000000017348      0x1bc ./Core/Src/kirby.o
 .debug_macro   0x0000000000017504       0x30 ./Core/Src/kirby.o
 .debug_macro   0x0000000000017534       0x3c ./Core/Src/kirby.o
 .debug_macro   0x0000000000017570       0x57 ./Core/Src/kirby.o
 .debug_macro   0x00000000000175c7       0x88 ./Core/Src/kirby.o
 .debug_macro   0x000000000001764f      0x24f ./Core/Src/kirby.o
 .debug_macro   0x000000000001789e      0x356 ./Core/Src/kirby.o
 .debug_macro   0x0000000000017bf4      0x141 ./Core/Src/kirby.o
 .debug_macro   0x0000000000017d35       0xb5 ./Core/Src/kirby.o
 .debug_macro   0x0000000000017dea       0xd0 ./Core/Src/kirby.o
 .debug_macro   0x0000000000017eba      0x262 ./Core/Src/lcd.o
 .debug_macro   0x000000000001811c      0x174 ./Core/Src/lcd.o
 .debug_macro   0x0000000000018290       0x5c ./Core/Src/lcd.o
 .debug_macro   0x00000000000182ec       0x52 ./Core/Src/lcd.o
 .debug_macro   0x000000000001833e      0x19b ./Core/Src/lcd.o
 .debug_macro   0x00000000000184d9      0x329 ./Core/Src/main.o
 .debug_macro   0x0000000000018802       0x34 ./Core/Src/main.o
 .debug_macro   0x0000000000018836       0x35 ./Core/Src/main.o
 .debug_macro   0x000000000001886b       0xd6 ./Core/Src/main.o
 .debug_macro   0x0000000000018941      0x1ad ./Core/Src/stm32f1xx_hal_msp.o
 .debug_macro   0x0000000000018aee      0x1b7 ./Core/Src/stm32f1xx_it.o
 .debug_macro   0x0000000000018ca5       0xff ./Core/Src/sysmem.o
 .debug_macro   0x0000000000018da4      0x23b ./Core/Src/sysmem.o
 .debug_macro   0x0000000000018fdf      0x19e ./Core/Src/system_stm32f1xx.o
 .debug_macro   0x000000000001917d      0x1c2 ./Drivers/STM32F1xx_HAL_Driver/Src/stm32f1xx_hal.o
 .debug_macro   0x000000000001933f      0x19e ./Drivers/STM32F1xx_HAL_Driver/Src/stm32f1xx_hal_cortex.o
 .debug_macro   0x00000000000194dd      0x19e ./Drivers/STM32F1xx_HAL_Driver/Src/stm32f1xx_hal_dma.o
 .debug_macro   0x000000000001967b      0x209 ./Drivers/STM32F1xx_HAL_Driver/Src/stm32f1xx_hal_gpio.o
 .debug_macro   0x0000000000019884      0x1b0 ./Drivers/STM32F1xx_HAL_Driver/Src/stm32f1xx_hal_rcc.o
 .debug_macro   0x0000000000019a34      0x19e ./Drivers/STM32F1xx_HAL_Driver/Src/stm32f1xx_hal_sram.o
 .debug_macro   0x0000000000019bd2      0x1d7 ./Drivers/STM32F1xx_HAL_Driver/Src/stm32f1xx_ll_fsmc.o

.debug_line     0x0000000000000000     0xb4e0
 .debug_line    0x0000000000000000      0x37d ./Core/Src/images.o
 .debug_line    0x000000000000037d     0x16bb ./Core/Src/kirby.o
 .debug_line    0x0000000000001a38     0x18b8 ./Core/Src/lcd.o
 .debug_line    0x00000000000032f0      0xc5d ./Core/Src/main.o
 .debug_line    0x0000000000003f4d      0x767 ./Core/Src/stm32f1xx_hal_msp.o
 .debug_line    0x00000000000046b4      0x73e ./Core/Src/stm32f1xx_it.o
 .debug_line    0x0000000000004df2      0x515 ./Core/Src/sysmem.o
 .debug_line    0x0000000000005307      0x6e3 ./Core/Src/system_stm32f1xx.o
 .debug_line    0x00000000000059ea       0x87 ./Core/Startup/startup_stm32f103vetx.o
 .debug_line    0x0000000000005a71      0x97c ./Drivers/STM32F1xx_HAL_Driver/Src/stm32f1xx_hal.o
 .debug_line    0x00000000000063ed      0xb1d ./Drivers/STM32F1xx_HAL_Driver/Src/stm32f1xx_hal_cortex.o
 .debug_line    0x0000000000006f0a     0x1118 ./Drivers/STM32F1xx_HAL_Driver/Src/stm32f1xx_hal_dma.o
 .debug_line    0x0000000000008022      0xa34 ./Drivers/STM32F1xx_HAL_Driver/Src/stm32f1xx_hal_gpio.o
 .debug_line    0x0000000000008a56     0x105a ./Drivers/STM32F1xx_HAL_Driver/Src/stm32f1xx_hal_rcc.o
 .debug_line    0x0000000000009ab0      0xf7a ./Drivers/STM32F1xx_HAL_Driver/Src/stm32f1xx_hal_sram.o
 .debug_line    0x000000000000aa2a      0xab6 ./Drivers/STM32F1xx_HAL_Driver/Src/stm32f1xx_ll_fsmc.o

.debug_str      0x0000000000000000    0x92b9b
 .debug_str     0x0000000000000000     0x3a82 ./Core/Src/images.o
                                       0x3beb (size before relaxing)
 .debug_str     0x0000000000003a82    0x8bcb5 ./Core/Src/kirby.o
                                      0x8fb6c (size before relaxing)
 .debug_str     0x000000000008f737      0xb40 ./Core/Src/lcd.o
                                      0x8ed18 (size before relaxing)
 .debug_str     0x0000000000090277      0xaef ./Core/Src/main.o
                                      0x8ff93 (size before relaxing)
 .debug_str     0x0000000000090d66       0xae ./Core/Src/stm32f1xx_hal_msp.o
                                      0x8b653 (size before relaxing)
 .debug_str     0x0000000000090e14       0xf5 ./Core/Src/stm32f1xx_it.o
                                      0x8b436 (size before relaxing)
 .debug_str     0x0000000000090f09      0x4da ./Core/Src/sysmem.o
                                       0x5d69 (size before relaxing)
 .debug_str     0x00000000000913e3       0x7e ./Core/Src/system_stm32f1xx.o
                                      0x8b15e (size before relaxing)
 .debug_str     0x0000000000091461       0x36 ./Core/Startup/startup_stm32f103vetx.o
                                         0x70 (size before relaxing)
 .debug_str     0x0000000000091497      0x384 ./Drivers/STM32F1xx_HAL_Driver/Src/stm32f1xx_hal.o
                                      0x8b975 (size before relaxing)
 .debug_str     0x000000000009181b      0x29e ./Drivers/STM32F1xx_HAL_Driver/Src/stm32f1xx_hal_cortex.o
                                      0x8b8c1 (size before relaxing)
 .debug_str     0x0000000000091ab9      0x20c ./Drivers/STM32F1xx_HAL_Driver/Src/stm32f1xx_hal_dma.o
                                      0x8b507 (size before relaxing)
 .debug_str     0x0000000000091cc5      0x2d0 ./Drivers/STM32F1xx_HAL_Driver/Src/stm32f1xx_hal_gpio.o
                                      0x8b4e4 (size before relaxing)
 .debug_str     0x0000000000091f95      0x229 ./Drivers/STM32F1xx_HAL_Driver/Src/stm32f1xx_hal_rcc.o
                                      0x8b58d (size before relaxing)
 .debug_str     0x00000000000921be      0x296 ./Drivers/STM32F1xx_HAL_Driver/Src/stm32f1xx_hal_sram.o
                                      0x8b7e1 (size before relaxing)
 .debug_str     0x0000000000092454      0x747 ./Drivers/STM32F1xx_HAL_Driver/Src/stm32f1xx_ll_fsmc.o
                                      0x8bac3 (size before relaxing)

.comment        0x0000000000000000       0x50
 .comment       0x0000000000000000       0x50 ./Core/Src/images.o
                                         0x51 (size before relaxing)
 .comment       0x0000000000000050       0x51 ./Core/Src/kirby.o
 .comment       0x0000000000000050       0x51 ./Core/Src/lcd.o
 .comment       0x0000000000000050       0x51 ./Core/Src/main.o
 .comment       0x0000000000000050       0x51 ./Core/Src/stm32f1xx_hal_msp.o
 .comment       0x0000000000000050       0x51 ./Core/Src/stm32f1xx_it.o
 .comment       0x0000000000000050       0x51 ./Core/Src/sysmem.o
 .comment       0x0000000000000050       0x51 ./Core/Src/system_stm32f1xx.o
 .comment       0x0000000000000050       0x51 ./Drivers/STM32F1xx_HAL_Driver/Src/stm32f1xx_hal.o
 .comment       0x0000000000000050       0x51 ./Drivers/STM32F1xx_HAL_Driver/Src/stm32f1xx_hal_cortex.o
 .comment       0x0000000000000050       0x51 ./Drivers/STM32F1xx_HAL_Driver/Src/stm32f1xx_hal_dma.o
 .comment       0x0000000000000050       0x51 ./Drivers/STM32F1xx_HAL_Driver/Src/stm32f1xx_hal_gpio.o
 .comment       0x0000000000000050       0x51 ./Drivers/STM32F1xx_HAL_Driver/Src/stm32f1xx_hal_rcc.o
 .comment       0x0000000000000050       0x51 ./Drivers/STM32F1xx_HAL_Driver/Src/stm32f1xx_hal_sram.o
 .comment       0x0000000000000050       0x51 ./Drivers/STM32F1xx_HAL_Driver/Src/stm32f1xx_ll_fsmc.o

.debug_loc      0x0000000000000000     0x5398
 .debug_loc     0x0000000000000000     0x1260 ./Core/Src/kirby.o
 .debug_loc     0x0000000000001260     0x14dd ./Core/Src/lcd.o
 .debug_loc     0x000000000000273d       0x93 ./Core/Src/main.o
 .debug_loc     0x00000000000027d0       0x6c ./Core/Src/stm32f1xx_hal_msp.o
 .debug_loc     0x000000000000283c       0x47 ./Core/Src/sysmem.o
 .debug_loc     0x0000000000002883       0xe7 ./Core/Src/system_stm32f1xx.o
 .debug_loc     0x000000000000296a      0x139 ./Drivers/STM32F1xx_HAL_Driver/Src/stm32f1xx_hal.o
 .debug_loc     0x0000000000002aa3      0x4c5 ./Drivers/STM32F1xx_HAL_Driver/Src/stm32f1xx_hal_cortex.o
 .debug_loc     0x0000000000002f68      0x747 ./Drivers/STM32F1xx_HAL_Driver/Src/stm32f1xx_hal_dma.o
 .debug_loc     0x00000000000036af      0x40d ./Drivers/STM32F1xx_HAL_Driver/Src/stm32f1xx_hal_gpio.o
 .debug_loc     0x0000000000003abc      0x5f1 ./Drivers/STM32F1xx_HAL_Driver/Src/stm32f1xx_hal_rcc.o
 .debug_loc     0x00000000000040ad      0xd67 ./Drivers/STM32F1xx_HAL_Driver/Src/stm32f1xx_hal_sram.o
 .debug_loc     0x0000000000004e14      0x584 ./Drivers/STM32F1xx_HAL_Driver/Src/stm32f1xx_ll_fsmc.o

.debug_ranges   0x0000000000000000     0x11b0
 .debug_ranges  0x0000000000000000      0x310 ./Core/Src/kirby.o
 .debug_ranges  0x0000000000000310      0x6a0 ./Core/Src/lcd.o
 .debug_ranges  0x00000000000009b0      0x1b0 ./Core/Src/main.o
 .debug_ranges  0x0000000000000b60       0xc8 ./Core/Src/stm32f1xx_hal_msp.o
 .debug_ranges  0x0000000000000c28       0x48 ./Core/Src/stm32f1xx_it.o
 .debug_ranges  0x0000000000000c70       0x10 ./Core/Src/sysmem.o
 .debug_ranges  0x0000000000000c80       0x18 ./Core/Src/system_stm32f1xx.o
 .debug_ranges  0x0000000000000c98       0x20 ./Core/Startup/startup_stm32f103vetx.o
 .debug_ranges  0x0000000000000cb8       0xc8 ./Drivers/STM32F1xx_HAL_Driver/Src/stm32f1xx_hal.o
 .debug_ranges  0x0000000000000d80      0x148 ./Drivers/STM32F1xx_HAL_Driver/Src/stm32f1xx_hal_cortex.o
 .debug_ranges  0x0000000000000ec8       0x98 ./Drivers/STM32F1xx_HAL_Driver/Src/stm32f1xx_hal_dma.o
 .debug_ranges  0x0000000000000f60       0x68 ./Drivers/STM32F1xx_HAL_Driver/Src/stm32f1xx_hal_gpio.o
 .debug_ranges  0x0000000000000fc8       0xc0 ./Drivers/STM32F1xx_HAL_Driver/Src/stm32f1xx_hal_rcc.o
 .debug_ranges  0x0000000000001088       0x90 ./Drivers/STM32F1xx_HAL_Driver/Src/stm32f1xx_hal_sram.o
 .debug_ranges  0x0000000000001118       0x98 ./Drivers/STM32F1xx_HAL_Driver/Src/stm32f1xx_ll_fsmc.o

.debug_frame    0x0000000000000000     0x1468
 .debug_frame   0x0000000000000000      0x1ec ./Core/Src/kirby.o
 .debug_frame   0x00000000000001ec      0x21c ./Core/Src/lcd.o
 .debug_frame   0x0000000000000408       0x78 ./Core/Src/main.o
 .debug_frame   0x0000000000000480       0x68 ./Core/Src/stm32f1xx_hal_msp.o
 .debug_frame   0x00000000000004e8       0xb0 ./Core/Src/stm32f1xx_it.o
 .debug_frame   0x0000000000000598       0x28 ./Core/Src/sysmem.o
 .debug_frame   0x00000000000005c0       0x30 ./Core/Src/system_stm32f1xx.o
 .debug_frame   0x00000000000005f0      0x1d4 ./Drivers/STM32F1xx_HAL_Driver/Src/stm32f1xx_hal.o
 .debug_frame   0x00000000000007c4      0x120 ./Drivers/STM32F1xx_HAL_Driver/Src/stm32f1xx_hal_cortex.o
 .debug_frame   0x00000000000008e4      0x144 ./Drivers/STM32F1xx_HAL_Driver/Src/stm32f1xx_hal_dma.o
 .debug_frame   0x0000000000000a28       0xd4 ./Drivers/STM32F1xx_HAL_Driver/Src/stm32f1xx_hal_gpio.o
 .debug_frame   0x0000000000000afc      0x150 ./Drivers/STM32F1xx_HAL_Driver/Src/stm32f1xx_hal_rcc.o
 .debug_frame   0x0000000000000c4c      0x1ec ./Drivers/STM32F1xx_HAL_Driver/Src/stm32f1xx_hal_sram.o
 .debug_frame   0x0000000000000e38      0x188 ./Drivers/STM32F1xx_HAL_Driver/Src/stm32f1xx_ll_fsmc.o
 .debug_frame   0x0000000000000fc0       0x20 c:/st/stm32cubeide_1.9.0/stm32cubeide/plugins/com.st.stm32cube.ide.mcu.externaltools.gnu-tools-for-stm32.10.3-2021.10.win32_1.0.0.202111181127/tools/bin/../lib/gcc/arm-none-eabi/10.3.1/../../../../arm-none-eabi/lib/thumb/v7-m/nofp\libc_nano.a(lib_a-errno.o)
 .debug_frame   0x0000000000000fe0       0x2c c:/st/stm32cubeide_1.9.0/stm32cubeide/plugins/com.st.stm32cube.ide.mcu.externaltools.gnu-tools-for-stm32.10.3-2021.10.win32_1.0.0.202111181127/tools/bin/../lib/gcc/arm-none-eabi/10.3.1/../../../../arm-none-eabi/lib/thumb/v7-m/nofp\libc_nano.a(lib_a-init.o)
 .debug_frame   0x000000000000100c       0x20 c:/st/stm32cubeide_1.9.0/stm32cubeide/plugins/com.st.stm32cube.ide.mcu.externaltools.gnu-tools-for-stm32.10.3-2021.10.win32_1.0.0.202111181127/tools/bin/../lib/gcc/arm-none-eabi/10.3.1/../../../../arm-none-eabi/lib/thumb/v7-m/nofp\libc_nano.a(lib_a-memset.o)
 .debug_frame   0x000000000000102c       0x6c c:/st/stm32cubeide_1.9.0/stm32cubeide/plugins/com.st.stm32cube.ide.mcu.externaltools.gnu-tools-for-stm32.10.3-2021.10.win32_1.0.0.202111181127/tools/bin/../lib/gcc/arm-none-eabi/10.3.1/../../../../arm-none-eabi/lib/thumb/v7-m/nofp\libc_nano.a(lib_a-sprintf.o)
 .debug_frame   0x0000000000001098       0x20 c:/st/stm32cubeide_1.9.0/stm32cubeide/plugins/com.st.stm32cube.ide.mcu.externaltools.gnu-tools-for-stm32.10.3-2021.10.win32_1.0.0.202111181127/tools/bin/../lib/gcc/arm-none-eabi/10.3.1/../../../../arm-none-eabi/lib/thumb/v7-m/nofp\libc_nano.a(lib_a-strcpy.o)
 .debug_frame   0x00000000000010b8       0x90 c:/st/stm32cubeide_1.9.0/stm32cubeide/plugins/com.st.stm32cube.ide.mcu.externaltools.gnu-tools-for-stm32.10.3-2021.10.win32_1.0.0.202111181127/tools/bin/../lib/gcc/arm-none-eabi/10.3.1/../../../../arm-none-eabi/lib/thumb/v7-m/nofp\libc_nano.a(lib_a-nano-svfprintf.o)
 .debug_frame   0x0000000000001148       0x60 c:/st/stm32cubeide_1.9.0/stm32cubeide/plugins/com.st.stm32cube.ide.mcu.externaltools.gnu-tools-for-stm32.10.3-2021.10.win32_1.0.0.202111181127/tools/bin/../lib/gcc/arm-none-eabi/10.3.1/../../../../arm-none-eabi/lib/thumb/v7-m/nofp\libc_nano.a(lib_a-nano-vfprintf_i.o)
 .debug_frame   0x00000000000011a8       0x28 c:/st/stm32cubeide_1.9.0/stm32cubeide/plugins/com.st.stm32cube.ide.mcu.externaltools.gnu-tools-for-stm32.10.3-2021.10.win32_1.0.0.202111181127/tools/bin/../lib/gcc/arm-none-eabi/10.3.1/../../../../arm-none-eabi/lib/thumb/v7-m/nofp\libc_nano.a(lib_a-memchr-stub.o)
 .debug_frame   0x00000000000011d0       0x28 c:/st/stm32cubeide_1.9.0/stm32cubeide/plugins/com.st.stm32cube.ide.mcu.externaltools.gnu-tools-for-stm32.10.3-2021.10.win32_1.0.0.202111181127/tools/bin/../lib/gcc/arm-none-eabi/10.3.1/../../../../arm-none-eabi/lib/thumb/v7-m/nofp\libc_nano.a(lib_a-memcpy-stub.o)
 .debug_frame   0x00000000000011f8       0x28 c:/st/stm32cubeide_1.9.0/stm32cubeide/plugins/com.st.stm32cube.ide.mcu.externaltools.gnu-tools-for-stm32.10.3-2021.10.win32_1.0.0.202111181127/tools/bin/../lib/gcc/arm-none-eabi/10.3.1/../../../../arm-none-eabi/lib/thumb/v7-m/nofp\libc_nano.a(lib_a-memmove.o)
 .debug_frame   0x0000000000001220       0x38 c:/st/stm32cubeide_1.9.0/stm32cubeide/plugins/com.st.stm32cube.ide.mcu.externaltools.gnu-tools-for-stm32.10.3-2021.10.win32_1.0.0.202111181127/tools/bin/../lib/gcc/arm-none-eabi/10.3.1/../../../../arm-none-eabi/lib/thumb/v7-m/nofp\libc_nano.a(lib_a-nano-freer.o)
 .debug_frame   0x0000000000001258       0x4c c:/st/stm32cubeide_1.9.0/stm32cubeide/plugins/com.st.stm32cube.ide.mcu.externaltools.gnu-tools-for-stm32.10.3-2021.10.win32_1.0.0.202111181127/tools/bin/../lib/gcc/arm-none-eabi/10.3.1/../../../../arm-none-eabi/lib/thumb/v7-m/nofp\libc_nano.a(lib_a-nano-mallocr.o)
 .debug_frame   0x00000000000012a4       0x3c c:/st/stm32cubeide_1.9.0/stm32cubeide/plugins/com.st.stm32cube.ide.mcu.externaltools.gnu-tools-for-stm32.10.3-2021.10.win32_1.0.0.202111181127/tools/bin/../lib/gcc/arm-none-eabi/10.3.1/../../../../arm-none-eabi/lib/thumb/v7-m/nofp\libc_nano.a(lib_a-nano-reallocr.o)
 .debug_frame   0x00000000000012e0       0x2c c:/st/stm32cubeide_1.9.0/stm32cubeide/plugins/com.st.stm32cube.ide.mcu.externaltools.gnu-tools-for-stm32.10.3-2021.10.win32_1.0.0.202111181127/tools/bin/../lib/gcc/arm-none-eabi/10.3.1/../../../../arm-none-eabi/lib/thumb/v7-m/nofp\libc_nano.a(lib_a-sbrkr.o)
 .debug_frame   0x000000000000130c       0x30 c:/st/stm32cubeide_1.9.0/stm32cubeide/plugins/com.st.stm32cube.ide.mcu.externaltools.gnu-tools-for-stm32.10.3-2021.10.win32_1.0.0.202111181127/tools/bin/../lib/gcc/arm-none-eabi/10.3.1/../../../../arm-none-eabi/lib/thumb/v7-m/nofp\libc_nano.a(lib_a-mlock.o)
 .debug_frame   0x000000000000133c       0x20 c:/st/stm32cubeide_1.9.0/stm32cubeide/plugins/com.st.stm32cube.ide.mcu.externaltools.gnu-tools-for-stm32.10.3-2021.10.win32_1.0.0.202111181127/tools/bin/../lib/gcc/arm-none-eabi/10.3.1/../../../../arm-none-eabi/lib/thumb/v7-m/nofp\libc_nano.a(lib_a-nano-msizer.o)
 .debug_frame   0x000000000000135c       0x5c c:/st/stm32cubeide_1.9.0/stm32cubeide/plugins/com.st.stm32cube.ide.mcu.externaltools.gnu-tools-for-stm32.10.3-2021.10.win32_1.0.0.202111181127/tools/bin/../lib/gcc/arm-none-eabi/10.3.1/../../../../arm-none-eabi/lib/thumb/v7-m/nofp\libc_nano.a(lib_a-reent.o)
 .debug_frame   0x00000000000013b8       0xb0 c:/st/stm32cubeide_1.9.0/stm32cubeide/plugins/com.st.stm32cube.ide.mcu.externaltools.gnu-tools-for-stm32.10.3-2021.10.win32_1.0.0.202111181127/tools/bin/../lib/gcc/arm-none-eabi/10.3.1/../../../../arm-none-eabi/lib/thumb/v7-m/nofp\libc_nano.a(lib_a-lock.o)
