../Core/Src/kirby.c:151:6:Kirby_movePlatform	32	static
../Core/Src/kirby.c:185:6:Kirby_redrawColumnLeft	24	static
../Core/Src/kirby.c:195:6:Kirby_redrawColumnRight	24	static
../Core/Src/kirby.c:205:6:Kirby_redrawRowUp	24	static
../Core/Src/kirby.c:214:6:Kirby_redrawRowDown	24	static
../Core/Src/kirby.c:223:6:Kirby_eraseSprite	32	static
../Core/Src/kirby.c:266:6:Kirby_displayKirbyFacingRight	56	static
../Core/Src/kirby.c:281:6:Kirby_displayKirbyFacingLeft	56	static
../Core/Src/kirby.c:296:5:Kirby_isOnGround	8	static
../Core/Src/kirby.c:310:5:Kirby_isFalling	8	static
../Core/Src/kirby.c:322:6:Kirby_getPointBelow	0	static
../Core/Src/kirby.c:329:6:Kirby_getPointLeft	0	static
../Core/Src/kirby.c:336:6:Kirby_getPointRight	0	static
../Core/Src/kirby.c:446:6:Kirby_moveX	16	static
../Core/Src/kirby.c:516:6:Kirby_moveY	8	static
../Core/Src/kirby.c:534:6:Kirby_renderSprite	32	static
../Core/Src/kirby.c:808:6:Kirby_onSwallow	8	static
../Core/Src/kirby.c:343:6:Kirby_updateState	16	static
../Core/Src/kirby.c:815:9:Kirby_checkWin	0	static
../Core/Src/kirby.c:819:9:Kirby_checkLose	0	static
